Archive member included to satisfy reference by file (symbol)

c:/st/stm32cubeide_1.12.0/stm32cubeide/plugins/com.st.stm32cube.ide.mcu.externaltools.gnu-tools-for-stm32.10.3-2021.10.win32_1.0.200.202301161003/tools/bin/../lib/gcc/arm-none-eabi/10.3.1/../../../../arm-none-eabi/lib/thumb/v7-m/nofp\libc_nano.a(lib_a-errno.o)
                              ./Core/Src/syscalls.o (__errno)
c:/st/stm32cubeide_1.12.0/stm32cubeide/plugins/com.st.stm32cube.ide.mcu.externaltools.gnu-tools-for-stm32.10.3-2021.10.win32_1.0.200.202301161003/tools/bin/../lib/gcc/arm-none-eabi/10.3.1/../../../../arm-none-eabi/lib/thumb/v7-m/nofp\libc_nano.a(lib_a-exit.o)
                              c:/st/stm32cubeide_1.12.0/stm32cubeide/plugins/com.st.stm32cube.ide.mcu.externaltools.gnu-tools-for-stm32.10.3-2021.10.win32_1.0.200.202301161003/tools/bin/../lib/gcc/arm-none-eabi/10.3.1/../../../../arm-none-eabi/lib/thumb/v7-m/nofp/crt0.o (exit)
c:/st/stm32cubeide_1.12.0/stm32cubeide/plugins/com.st.stm32cube.ide.mcu.externaltools.gnu-tools-for-stm32.10.3-2021.10.win32_1.0.200.202301161003/tools/bin/../lib/gcc/arm-none-eabi/10.3.1/../../../../arm-none-eabi/lib/thumb/v7-m/nofp\libc_nano.a(lib_a-impure.o)
                              c:/st/stm32cubeide_1.12.0/stm32cubeide/plugins/com.st.stm32cube.ide.mcu.externaltools.gnu-tools-for-stm32.10.3-2021.10.win32_1.0.200.202301161003/tools/bin/../lib/gcc/arm-none-eabi/10.3.1/../../../../arm-none-eabi/lib/thumb/v7-m/nofp\libc_nano.a(lib_a-exit.o) (_global_impure_ptr)
c:/st/stm32cubeide_1.12.0/stm32cubeide/plugins/com.st.stm32cube.ide.mcu.externaltools.gnu-tools-for-stm32.10.3-2021.10.win32_1.0.200.202301161003/tools/bin/../lib/gcc/arm-none-eabi/10.3.1/../../../../arm-none-eabi/lib/thumb/v7-m/nofp\libc_nano.a(lib_a-init.o)
                              c:/st/stm32cubeide_1.12.0/stm32cubeide/plugins/com.st.stm32cube.ide.mcu.externaltools.gnu-tools-for-stm32.10.3-2021.10.win32_1.0.200.202301161003/tools/bin/../lib/gcc/arm-none-eabi/10.3.1/../../../../arm-none-eabi/lib/thumb/v7-m/nofp/crt0.o (__libc_init_array)
c:/st/stm32cubeide_1.12.0/stm32cubeide/plugins/com.st.stm32cube.ide.mcu.externaltools.gnu-tools-for-stm32.10.3-2021.10.win32_1.0.200.202301161003/tools/bin/../lib/gcc/arm-none-eabi/10.3.1/../../../../arm-none-eabi/lib/thumb/v7-m/nofp\libc_nano.a(lib_a-malloc.o)
                              ./PROCESSING/MONITER/moniter.o (malloc)
c:/st/stm32cubeide_1.12.0/stm32cubeide/plugins/com.st.stm32cube.ide.mcu.externaltools.gnu-tools-for-stm32.10.3-2021.10.win32_1.0.200.202301161003/tools/bin/../lib/gcc/arm-none-eabi/10.3.1/../../../../arm-none-eabi/lib/thumb/v7-m/nofp\libc_nano.a(lib_a-memcpy-stub.o)
                              ./CONTROLLER/src/maincontroller.o (memcpy)
c:/st/stm32cubeide_1.12.0/stm32cubeide/plugins/com.st.stm32cube.ide.mcu.externaltools.gnu-tools-for-stm32.10.3-2021.10.win32_1.0.200.202301161003/tools/bin/../lib/gcc/arm-none-eabi/10.3.1/../../../../arm-none-eabi/lib/thumb/v7-m/nofp\libc_nano.a(lib_a-memset.o)
                              c:/st/stm32cubeide_1.12.0/stm32cubeide/plugins/com.st.stm32cube.ide.mcu.externaltools.gnu-tools-for-stm32.10.3-2021.10.win32_1.0.200.202301161003/tools/bin/../lib/gcc/arm-none-eabi/10.3.1/../../../../arm-none-eabi/lib/thumb/v7-m/nofp/crt0.o (memset)
c:/st/stm32cubeide_1.12.0/stm32cubeide/plugins/com.st.stm32cube.ide.mcu.externaltools.gnu-tools-for-stm32.10.3-2021.10.win32_1.0.200.202301161003/tools/bin/../lib/gcc/arm-none-eabi/10.3.1/../../../../arm-none-eabi/lib/thumb/v7-m/nofp\libc_nano.a(lib_a-nano-freer.o)
                              c:/st/stm32cubeide_1.12.0/stm32cubeide/plugins/com.st.stm32cube.ide.mcu.externaltools.gnu-tools-for-stm32.10.3-2021.10.win32_1.0.200.202301161003/tools/bin/../lib/gcc/arm-none-eabi/10.3.1/../../../../arm-none-eabi/lib/thumb/v7-m/nofp\libc_nano.a(lib_a-malloc.o) (_free_r)
c:/st/stm32cubeide_1.12.0/stm32cubeide/plugins/com.st.stm32cube.ide.mcu.externaltools.gnu-tools-for-stm32.10.3-2021.10.win32_1.0.200.202301161003/tools/bin/../lib/gcc/arm-none-eabi/10.3.1/../../../../arm-none-eabi/lib/thumb/v7-m/nofp\libc_nano.a(lib_a-nano-mallocr.o)
                              c:/st/stm32cubeide_1.12.0/stm32cubeide/plugins/com.st.stm32cube.ide.mcu.externaltools.gnu-tools-for-stm32.10.3-2021.10.win32_1.0.200.202301161003/tools/bin/../lib/gcc/arm-none-eabi/10.3.1/../../../../arm-none-eabi/lib/thumb/v7-m/nofp\libc_nano.a(lib_a-malloc.o) (_malloc_r)
c:/st/stm32cubeide_1.12.0/stm32cubeide/plugins/com.st.stm32cube.ide.mcu.externaltools.gnu-tools-for-stm32.10.3-2021.10.win32_1.0.200.202301161003/tools/bin/../lib/gcc/arm-none-eabi/10.3.1/../../../../arm-none-eabi/lib/thumb/v7-m/nofp\libc_nano.a(lib_a-nano-vfprintf_float.o)
                              (_printf_float)
c:/st/stm32cubeide_1.12.0/stm32cubeide/plugins/com.st.stm32cube.ide.mcu.externaltools.gnu-tools-for-stm32.10.3-2021.10.win32_1.0.200.202301161003/tools/bin/../lib/gcc/arm-none-eabi/10.3.1/../../../../arm-none-eabi/lib/thumb/v7-m/nofp\libc_nano.a(lib_a-nano-vfprintf_i.o)
[...]
Memory Configuration

Name             Origin             Length             Attributes
RAM              0x0000000020000000 0x0000000000008000 xrw
FLASH            0x0000000008000000 0x0000000000040000 xr
*default*        0x0000000000000000 0xffffffffffffffff

Linker script and memory map

LOAD c:/st/stm32cubeide_1.12.0/stm32cubeide/plugins/com.st.stm32cube.ide.mcu.externaltools.gnu-tools-for-stm32.10.3-2021.10.win32_1.0.200.202301161003/tools/bin/../lib/gcc/arm-none-eabi/10.3.1/thumb/v7-m/nofp/crti.o
LOAD c:/st/stm32cubeide_1.12.0/stm32cubeide/plugins/com.st.stm32cube.ide.mcu.externaltools.gnu-tools-for-stm32.10.3-2021.10.win32_1.0.200.202301161003/tools/bin/../lib/gcc/arm-none-eabi/10.3.1/thumb/v7-m/nofp/crtbegin.o
LOAD c:/st/stm32cubeide_1.12.0/stm32cubeide/plugins/com.st.stm32cube.ide.mcu.externaltools.gnu-tools-for-stm32.10.3-2021.10.win32_1.0.200.202301161003/tools/bin/../lib/gcc/arm-none-eabi/10.3.1/../../../../arm-none-eabi/lib/thumb/v7-m/nofp/crt0.o
LOAD ./CONTROLLER/src/getdata.o
LOAD ./CONTROLLER/src/maincontroller.o
LOAD ./Core/Src/main.o
LOAD ./Core/Src/stm32l1xx_hal_msp.o
LOAD ./Core/Src/stm32l1xx_it.o
LOAD ./Core/Src/syscalls.o
LOAD ./Core/Src/sysmem.o
LOAD ./Core/Src/system_stm32l1xx.o
LOAD ./Core/Startup/startup_stm32l151rctx.o
LOAD ./Drivers/STM32L1xx_HAL_Driver/Src/stm32l1xx_hal.o
LOAD ./Drivers/STM32L1xx_HAL_Driver/Src/stm32l1xx_hal_cortex.o
LOAD ./Drivers/STM32L1xx_HAL_Driver/Src/stm32l1xx_hal_dma.o
LOAD ./Drivers/STM32L1xx_HAL_Driver/Src/stm32l1xx_hal_exti.o
LOAD ./Drivers/STM32L1xx_HAL_Driver/Src/stm32l1xx_hal_flash.o
LOAD ./Drivers/STM32L1xx_HAL_Driver/Src/stm32l1xx_hal_flash_ex.o
LOAD ./Drivers/STM32L1xx_HAL_Driver/Src/stm32l1xx_hal_flash_ramfunc.o
LOAD ./Drivers/STM32L1xx_HAL_Driver/Src/stm32l1xx_hal_gpio.o
LOAD ./Drivers/STM32L1xx_HAL_Driver/Src/stm32l1xx_hal_pwr.o
LOAD ./Drivers/STM32L1xx_HAL_Driver/Src/stm32l1xx_hal_pwr_ex.o
LOAD ./Drivers/STM32L1xx_HAL_Driver/Src/stm32l1xx_hal_rcc.o
LOAD ./Drivers/STM32L1xx_HAL_Driver/Src/stm32l1xx_hal_rcc_ex.o
LOAD ./Drivers/STM32L1xx_HAL_Driver/Src/stm32l1xx_hal_rtc.o
LOAD ./Drivers/STM32L1xx_HAL_Driver/Src/stm32l1xx_hal_rtc_ex.o
LOAD ./Drivers/STM32L1xx_HAL_Driver/Src/stm32l1xx_hal_spi.o
LOAD ./Drivers/STM32L1xx_HAL_Driver/Src/stm32l1xx_hal_tim.o
LOAD ./Drivers/STM32L1xx_HAL_Driver/Src/stm32l1xx_hal_tim_ex.o
LOAD ./Drivers/STM32L1xx_HAL_Driver/Src/stm32l1xx_hal_uart.o
LOAD ./FATFS/App/fatfs.o
LOAD ./FATFS/Target/user_diskio.o
LOAD ./Middlewares/Third_Party/FatFs/src/diskio.o
LOAD ./Middlewares/Third_Party/FatFs/src/ff.o
LOAD ./Middlewares/Third_Party/FatFs/src/ff_gen_drv.o
LOAD ./Middlewares/Third_Party/FatFs/src/option/ccsbcs.o
LOAD ./Middlewares/Third_Party/FatFs/src/option/syscall.o
LOAD ./PRETREATMENT/DISPLAY/Fonts/font12.o
LOAD ./PRETREATMENT/DISPLAY/Fonts/font12CN.o
LOAD ./PRETREATMENT/DISPLAY/Fonts/font16.o
LOAD ./PRETREATMENT/DISPLAY/Fonts/font20.o
LOAD ./PRETREATMENT/DISPLAY/Fonts/font24.o
LOAD ./PRETREATMENT/DISPLAY/Fonts/font24CN.o
LOAD ./PRETREATMENT/DISPLAY/Fonts/font8.o
LOAD ./PRETREATMENT/DISPLAY/GUI_Paint.o
LOAD ./PRETREATMENT/DISPLAY/configure.o
LOAD ./PRETREATMENT/DISPLAY/display.o
LOAD ./PRETREATMENT/SD_CARD/fatfs_sd.o
LOAD ./PRETREATMENT/SD_CARD/sd_card.o
LOAD ./PRETREATMENT/SIM7600/sim7600.o
LOAD ./PROCESSING/DATA/data.o
LOAD ./PROCESSING/MONITER/moniter.o
LOAD ./PROCESSING/SD/sd.o
LOAD ./PROCESSING/SIM/sim.o
START GROUP
LOAD c:/st/stm32cubeide_1.12.0/stm32cubeide/plugins/com.st.stm32cube.ide.mcu.externaltools.gnu-tools-for-stm32.10.3-2021.10.win32_1.0.200.202301161003/tools/bin/../lib/gcc/arm-none-eabi/10.3.1/../../../../arm-none-eabi/lib/thumb/v7-m/nofp\libc_nano.a
LOAD c:/st/stm32cubeide_1.12.0/stm32cubeide/plugins/com.st.stm32cube.ide.mcu.externaltools.gnu-tools-for-stm32.10.3-2021.10.win32_1.0.200.202301161003/tools/bin/../lib/gcc/arm-none-eabi/10.3.1/../../../../arm-none-eabi/lib/thumb/v7-m/nofp\libm.a
END GROUP
START GROUP
LOAD c:/st/stm32cubeide_1.12.0/stm32cubeide/plugins/com.st.stm32cube.ide.mcu.externaltools.gnu-tools-for-stm32.10.3-2021.10.win32_1.0.200.202301161003/tools/bin/../lib/gcc/arm-none-eabi/10.3.1/thumb/v7-m/nofp\libgcc.a
LOAD c:/st/stm32cubeide_1.12.0/stm32cubeide/plugins/com.st.stm32cube.ide.mcu.externaltools.gnu-tools-for-stm32.10.3-2021.10.win32_1.0.200.202301161003/tools/bin/../lib/gcc/arm-none-eabi/10.3.1/../../../../arm-none-eabi/lib/thumb/v7-m/nofp\libc_nano.a
END GROUP
START GROUP
LOAD c:/st/stm32cubeide_1.12.0/stm32cubeide/plugins/com.st.stm32cube.ide.mcu.externaltools.gnu-tools-for-stm32.10.3-2021.10.win32_1.0.200.202301161003/tools/bin/../lib/gcc/arm-none-eabi/10.3.1/thumb/v7-m/nofp\libgcc.a
LOAD c:/st/stm32cubeide_1.12.0/stm32cubeide/plugins/com.st.stm32cube.ide.mcu.externaltools.gnu-tools-for-stm32.10.3-2021.10.win32_1.0.200.202301161003/tools/bin/../lib/gcc/arm-none-eabi/10.3.1/../../../../arm-none-eabi/lib/thumb/v7-m/nofp\libc_nano.a
LOAD c:/st/stm32cubeide_1.12.0/stm32cubeide/plugins/com.st.stm32cube.ide.mcu.externaltools.gnu-tools-for-stm32.10.3-2021.10.win32_1.0.200.202301161003/tools/bin/../lib/gcc/arm-none-eabi/10.3.1/../../../../arm-none-eabi/lib/thumb/v7-m/nofp\libnosys.a
END GROUP
START GROUP
LOAD c:/st/stm32cubeide_1.12.0/stm32cubeide/plugins/com.st.stm32cube.ide.mcu.externaltools.gnu-tools-for-stm32.10.3-2021.10.win32_1.0.200.202301161003/tools/bin/../lib/gcc/arm-none-eabi/10.3.1/thumb/v7-m/nofp\libgcc.a
LOAD c:/st/stm32cubeide_1.12.0/stm32cubeide/plugins/com.st.stm32cube.ide.mcu.externaltools.gnu-tools-for-stm32.10.3-2021.10.win32_1.0.200.202301161003/tools/bin/../lib/gcc/arm-none-eabi/10.3.1/../../../../arm-none-eabi/lib/thumb/v7-m/nofp\libc_nano.a
LOAD c:/st/stm32cubeide_1.12.0/stm32cubeide/plugins/com.st.stm32cube.ide.mcu.externaltools.gnu-tools-for-stm32.10.3-2021.10.win32_1.0.200.202301161003/tools/bin/../lib/gcc/arm-none-eabi/10.3.1/../../../../arm-none-eabi/lib/thumb/v7-m/nofp\libnosys.a
END GROUP
LOAD c:/st/stm32cubeide_1.12.0/stm32cubeide/plugins/com.st.stm32cube.ide.mcu.externaltools.gnu-tools-for-stm32.10.3-2021.10.win32_1.0.200.202301161003/tools/bin/../lib/gcc/arm-none-eabi/10.3.1/thumb/v7-m/nofp/crtend.o
LOAD c:/st/stm32cubeide_1.12.0/stm32cubeide/plugins/com.st.stm32cube.ide.mcu.externaltools.gnu-tools-for-stm32.10.3-2021.10.win32_1.0.200.202301161003/tools/bin/../lib/gcc/arm-none-eabi/10.3.1/thumb/v7-m/nofp/crtn.o
                0x0000000020008000                _estack = (ORIGIN (RAM) + LENGTH (RAM))
                0x0000000000000400                _Min_Heap_Size = 0x400
                0x0000000000000800                _Min_Stack_Size = 0x800

.isr_vector     0x0000000008000000      0x13c
                0x0000000008000000                . = ALIGN (0x4)
 *(.isr_vector)
 .isr_vector    0x0000000008000000      0x13c ./Core/Startup/startup_stm32l151rctx.o
                0x0000000008000000                g_pfnVectors
                0x000000000800013c                . = ALIGN (0x4)

.text           0x0000000008000140    0x112d4
                0x0000000008000140                . = ALIGN (0x4)
 *(.text)
 .text          0x0000000008000140       0x40 c:/st/stm32cubeide_1.12.0/stm32cubeide/plugins/com.st.stm32cube.ide.mcu.externaltools.gnu-tools-for-stm32.10.3-2021.10.win32_1.0.200.202301161003/tools/bin/../lib/gcc/arm-none-eabi/10.3.1/thumb/v7-m/nofp/crtbegin.o
 .text          0x0000000008000180       0x10 c:/st/stm32cubeide_1.12.0/stm32cubeide/plugins/com.st.stm32cube.ide.mcu.externaltools.gnu-tools-for-stm32.10.3-2021.10.win32_1.0.200.202301161003/tools/bin/../lib/gcc/arm-none-eabi/10.3.1/../../../../arm-none-eabi/lib/thumb/v7-m/nofp\libc_nano.a(lib_a-strlen.o)
                0x0000000008000180                strlen
 .text          0x0000000008000190      0x378 c:/st/stm32cubeide_1.12.0/stm32cubeide/plugins/com.st.stm32cube.ide.mcu.externaltools.gnu-tools-for-stm32.10.3-2021.10.win32_1.0.200.202301161003/tools/bin/../lib/gcc/arm-none-eabi/10.3.1/thumb/v7-m/nofp\libgcc.a(_arm_addsubdf3.o)
                0x0000000008000190                __aeabi_drsub
                0x0000000008000198                __aeabi_dsub
                0x0000000008000198                __subdf3
                0x000000000800019c                __aeabi_dadd
                0x000000000800019c                __adddf3
                0x0000000008000414                __floatunsidf
                0x0000000008000414                __aeabi_ui2d
                0x0000000008000434                __floatsidf
                0x0000000008000434                __aeabi_i2d
                0x0000000008000458                __aeabi_f2d
                0x0000000008000458                __extendsfdf2
                0x000000000800049c                __floatundidf
                0x000000000800049c                __aeabi_ul2d
                0x00000000080004ac                __floatdidf
                0x00000000080004ac                __aeabi_l2d
 .text          0x0000000008000508      0x424 c:/st/stm32cubeide_1.12.0/stm32cubeide/plugins/com.st.stm32cube.ide.mcu.externaltools.gnu-tools-for-stm32.10.3-2021.10.win32_1.0.200.202301161003/tools/bin/../lib/gcc/arm-none-eabi/10.3.1/thumb/v7-m/nofp\libgcc.a(_arm_muldivdf3.o)
                0x0000000008000508                __aeabi_dmul
                0x0000000008000508                __muldf3
                0x000000000800075c                __divdf3
                0x000000000800075c                __aeabi_ddiv
 .text          0x000000000800092c      0x110 c:/st/stm32cubeide_1.12.0/stm32cubeide/plugins/com.st.stm32cube.ide.mcu.externaltools.gnu-tools-for-stm32.10.3-2021.10.win32_1.0.200.202301161003/tools/bin/../lib/gcc/arm-none-eabi/10.3.1/thumb/v7-m/nofp\libgcc.a(_arm_cmpdf2.o)
                0x000000000800092c                __gtdf2
                0x000000000800092c                __gedf2
                0x0000000008000934                __ltdf2
                0x0000000008000934                __ledf2
                0x000000000800093c                __nedf2
                0x000000000800093c                __eqdf2
                0x000000000800093c                __cmpdf2
                0x00000000080009b8                __aeabi_cdrcmple
                0x00000000080009c8                __aeabi_cdcmpeq
                0x00000000080009c8                __aeabi_cdcmple
                0x00000000080009d8                __aeabi_dcmpeq
                0x00000000080009ec                __aeabi_dcmplt
                0x0000000008000a00                __aeabi_dcmple
                0x0000000008000a14                __aeabi_dcmpge
                0x0000000008000a28                __aeabi_dcmpgt
 .text          0x0000000008000a3c       0x2c c:/st/stm32cubeide_1.12.0/stm32cubeide/plugins/com.st.stm32cube.ide.mcu.externaltools.gnu-tools-for-stm32.10.3-2021.10.win32_1.0.200.202301161003/tools/bin/../lib/gcc/arm-none-eabi/10.3.1/thumb/v7-m/nofp\libgcc.a(_arm_unorddf2.o)
                0x0000000008000a3c                __unorddf2
                0x0000000008000a3c                __aeabi_dcmpun
 .text          0x0000000008000a68       0x50 c:/st/stm32cubeide_1.12.0/stm32cubeide/plugins/com.st.stm32cube.ide.mcu.externaltools.gnu-tools-for-stm32.10.3-2021.10.win32_1.0.200.202301161003/tools/bin/../lib/gcc/arm-none-eabi/10.3.1/thumb/v7-m/nofp\libgcc.a(_arm_fixdfsi.o)
                0x0000000008000a68                __aeabi_d2iz
                0x0000000008000a68                __fixdfsi
 .text          0x0000000008000ab8       0x40 c:/st/stm32cubeide_1.12.0/stm32cubeide/plugins/com.st.stm32cube.ide.mcu.externaltools.gnu-tools-for-stm32.10.3-2021.10.win32_1.0.200.202301161003/tools/bin/../lib/gcc/arm-none-eabi/10.3.1/thumb/v7-m/nofp\libgcc.a(_arm_fixunsdfsi.o)
                0x0000000008000ab8                __aeabi_d2uiz
                0x0000000008000ab8                __fixunsdfsi
 .text          0x0000000008000af8       0xa0 c:/st/stm32cubeide_1.12.0/stm32cubeide/plugins/com.st.stm32cube.ide.mcu.externaltools.gnu-tools-for-stm32.10.3-2021.10.win32_1.0.200.202301161003/tools/bin/../lib/gcc/arm-none-eabi/10.3.1/thumb/v7-m/nofp\libgcc.a(_arm_truncdfsf2.o)
                0x0000000008000af8                __truncdfsf2
                0x0000000008000af8                __aeabi_d2f
 .text          0x0000000008000b98      0x21c c:/st/stm32cubeide_1.12.0/stm32cubeide/plugins/com.st.stm32cube.ide.mcu.externaltools.gnu-tools-for-stm32.10.3-2021.10.win32_1.0.200.202301161003/tools/bin/../lib/gcc/arm-none-eabi/10.3.1/thumb/v7-m/nofp\libgcc.a(_arm_addsubsf3.o)
                0x0000000008000b98                __aeabi_frsub
                0x0000000008000ba0                __subsf3
                0x0000000008000ba0                __aeabi_fsub
                0x0000000008000ba4                __aeabi_fadd
                0x0000000008000ba4                __addsf3
                0x0000000008000d04                __aeabi_ui2f
                0x0000000008000d04                __floatunsisf
                0x0000000008000d0c                __aeabi_i2f
                0x0000000008000d0c                __floatsisf
                0x0000000008000d28                __aeabi_ul2f
                0x0000000008000d28                __floatundisf
                0x0000000008000d38                __aeabi_l2f
                0x0000000008000d38                __floatdisf
 .text          0x0000000008000db4      0x2a0 c:/st/stm32cubeide_1.12.0/stm32cubeide/plugins/com.st.stm32cube.ide.mcu.externaltools.gnu-tools-for-stm32.10.3-2021.10.win32_1.0.200.202301161003/tools/bin/../lib/gcc/arm-none-eabi/10.3.1/thumb/v7-m/nofp\libgcc.a(_arm_muldivsf3.o)
                0x0000000008000db4                __mulsf3
                0x0000000008000db4                __aeabi_fmul
                0x0000000008000f1c                __aeabi_fdiv
                0x0000000008000f1c                __divsf3
 .text          0x0000000008001054       0x30 c:/st/stm32cubeide_1.12.0/stm32cubeide/plugins/com.st.stm32cube.ide.mcu.externaltools.gnu-tools-for-stm32.10.3-2021.10.win32_1.0.200.202301161003/tools/bin/../lib/gcc/arm-none-eabi/10.3.1/thumb/v7-m/nofp\libgcc.a(_aeabi_uldivmod.o)
                0x0000000008001054                __aeabi_uldivmod
 .text          0x0000000008001084       0x34 c:/st/stm32cubeide_1.12.0/stm32cubeide/plugins/com.st.stm32cube.ide.mcu.externaltools.gnu-tools-for-stm32.10.3-2021.10.win32_1.0.200.202301161003/tools/bin/../lib/gcc/arm-none-eabi/10.3.1/thumb/v7-m/nofp\libgcc.a(_fixdfdi.o)
                0x0000000008001084                __fixdfdi
                0x0000000008001084                __aeabi_d2lz
 .text          0x00000000080010b8       0x3c c:/st/stm32cubeide_1.12.0/stm32cubeide/plugins/com.st.stm32cube.ide.mcu.externaltools.gnu-tools-for-stm32.10.3-2021.10.win32_1.0.200.202301161003/tools/bin/../lib/gcc/arm-none-eabi/10.3.1/thumb/v7-m/nofp\libgcc.a(_fixunsdfdi.o)
                0x00000000080010b8                __fixunsdfdi
                0x00000000080010b8                __aeabi_d2ulz
 .text          0x00000000080010f4      0x2d4 c:/st/stm32cubeide_1.12.0/stm32cubeide/plugins/com.st.stm32cube.ide.mcu.externaltools.gnu-tools-for-stm32.10.3-2021.10.win32_1.0.200.202301161003/tools/bin/../lib/gcc/arm-none-eabi/10.3.1/thumb/v7-m/nofp\libgcc.a(_udivmoddi4.o)
                0x00000000080010f4                __udivmoddi4
 .text          0x00000000080013c8        0x4 c:/st/stm32cubeide_1.12.0/stm32cubeide/plugins/com.st.stm32cube.ide.mcu.externaltools.gnu-tools-for-stm32.10.3-2021.10.win32_1.0.200.202301161003/tools/bin/../lib/gcc/arm-none-eabi/10.3.1/thumb/v7-m/nofp\libgcc.a(_dvmd_tls.o)
                0x00000000080013c8                __aeabi_idiv0
                0x00000000080013c8                __aeabi_ldiv0
 *(.text*)
 .text.deviceInit
                0x00000000080013cc       0x30 ./CONTROLLER/src/getdata.o
                0x00000000080013cc                deviceInit
 .text.dataCounter
                0x00000000080013fc       0x3c ./CONTROLLER/src/getdata.o
                0x00000000080013fc                dataCounter
 .text.start    0x0000000008001438       0x5c ./CONTROLLER/src/maincontroller.o
                0x0000000008001438                start
 .text.maincontroller
                0x0000000008001494      0x2c4 ./CONTROLLER/src/maincontroller.o
                0x0000000008001494                maincontroller
 .text.HAL_GPIO_EXTI_Callback
                0x0000000008001758      0x108 ./Core/Src/main.o
                0x0000000008001758                HAL_GPIO_EXTI_Callback
 .text.HAL_TIM_IC_CaptureCallback
                0x0000000008001860       0x40 ./Core/Src/main.o
                0x0000000008001860                HAL_TIM_IC_CaptureCallback
 .text.HAL_UARTEx_RxEventCallback
                0x00000000080018a0       0x38 ./Core/Src/main.o
                0x00000000080018a0                HAL_UARTEx_RxEventCallback
 .text.main     0x00000000080018d8       0x44 ./Core/Src/main.o
                0x00000000080018d8                main
 .text.SystemClock_Config
                0x000000000800191c       0xc8 ./Core/Src/main.o
                0x000000000800191c                SystemClock_Config
 .text.MX_RTC_Init
                0x00000000080019e4       0xb4 ./Core/Src/main.o
 .text.MX_SPI1_Init
                0x0000000008001a98       0x70 ./Core/Src/main.o
 .text.MX_SPI3_Init
                0x0000000008001b08       0x6c ./Core/Src/main.o
 .text.MX_TIM4_Init
                0x0000000008001b74       0xa8 ./Core/Src/main.o
 .text.MX_USART1_UART_Init
                0x0000000008001c1c       0x54 ./Core/Src/main.o
 .text.MX_DMA_Init
                0x0000000008001c70       0x3c ./Core/Src/main.o
 .text.MX_GPIO_Init
                0x0000000008001cac      0x1a8 ./Core/Src/main.o
 .text.Error_Handler
                0x0000000008001e54        0xa ./Core/Src/main.o
                0x0000000008001e54                Error_Handler
 *fill*         0x0000000008001e5e        0x2 
 .text.HAL_MspInit
                0x0000000008001e60       0x7c ./Core/Src/stm32l1xx_hal_msp.o
                0x0000000008001e60                HAL_MspInit
 .text.HAL_RTC_MspInit
                0x0000000008001edc       0x2c ./Core/Src/stm32l1xx_hal_msp.o
                0x0000000008001edc                HAL_RTC_MspInit
 .text.HAL_SPI_MspInit
                0x0000000008001f08      0x10c ./Core/Src/stm32l1xx_hal_msp.o
                0x0000000008001f08                HAL_SPI_MspInit
 .text.HAL_TIM_IC_MspInit
                0x0000000008002014       0x98 ./Core/Src/stm32l1xx_hal_msp.o
                0x0000000008002014                HAL_TIM_IC_MspInit
 .text.HAL_UART_MspInit
                0x00000000080020ac       0xec ./Core/Src/stm32l1xx_hal_msp.o
                0x00000000080020ac                HAL_UART_MspInit
 .text.SDTimer_Handler
                0x0000000008002198       0x44 ./Core/Src/stm32l1xx_it.o
                0x0000000008002198                SDTimer_Handler
 .text.NMI_Handler
                0x00000000080021dc        0x6 ./Core/Src/stm32l1xx_it.o
                0x00000000080021dc                NMI_Handler
 .text.HardFault_Handler
                0x00000000080021e2        0x6 ./Core/Src/stm32l1xx_it.o
                0x00000000080021e2                HardFault_Handler
 .text.MemManage_Handler
                0x00000000080021e8        0x6 ./Core/Src/stm32l1xx_it.o
                0x00000000080021e8                MemManage_Handler
 .text.BusFault_Handler
                0x00000000080021ee        0x6 ./Core/Src/stm32l1xx_it.o
                0x00000000080021ee                BusFault_Handler
 .text.UsageFault_Handler
                0x00000000080021f4        0x6 ./Core/Src/stm32l1xx_it.o
                0x00000000080021f4                UsageFault_Handler
 .text.SVC_Handler
                0x00000000080021fa        0xc ./Core/Src/stm32l1xx_it.o
                0x00000000080021fa                SVC_Handler
 .text.DebugMon_Handler
                0x0000000008002206        0xc ./Core/Src/stm32l1xx_it.o
                0x0000000008002206                DebugMon_Handler
 .text.PendSV_Handler
                0x0000000008002212        0xc ./Core/Src/stm32l1xx_it.o
                0x0000000008002212                PendSV_Handler
 *fill*         0x000000000800221e        0x2 
 .text.SysTick_Handler
                0x0000000008002220       0x34 ./Core/Src/stm32l1xx_it.o
                0x0000000008002220                SysTick_Handler
 .text.FLASH_IRQHandler
                0x0000000008002254        0xc ./Core/Src/stm32l1xx_it.o
                0x0000000008002254                FLASH_IRQHandler
 .text.RCC_IRQHandler
                0x0000000008002260        0xc ./Core/Src/stm32l1xx_it.o
                0x0000000008002260                RCC_IRQHandler
 .text.EXTI1_IRQHandler
                0x000000000800226c        0xe ./Core/Src/stm32l1xx_it.o
                0x000000000800226c                EXTI1_IRQHandler
 .text.EXTI2_IRQHandler
                0x000000000800227a        0xe ./Core/Src/stm32l1xx_it.o
                0x000000000800227a                EXTI2_IRQHandler
 .text.EXTI3_IRQHandler
                0x0000000008002288        0xe ./Core/Src/stm32l1xx_it.o
                0x0000000008002288                EXTI3_IRQHandler
 .text.EXTI4_IRQHandler
                0x0000000008002296        0xe ./Core/Src/stm32l1xx_it.o
                0x0000000008002296                EXTI4_IRQHandler
 .text.DMA1_Channel5_IRQHandler
                0x00000000080022a4       0x14 ./Core/Src/stm32l1xx_it.o
                0x00000000080022a4                DMA1_Channel5_IRQHandler
 .text.EXTI9_5_IRQHandler
                0x00000000080022b8       0x14 ./Core/Src/stm32l1xx_it.o
                0x00000000080022b8                EXTI9_5_IRQHandler
 .text.TIM4_IRQHandler
                0x00000000080022cc       0x14 ./Core/Src/stm32l1xx_it.o
                0x00000000080022cc                TIM4_IRQHandler
 .text.SPI1_IRQHandler
                0x00000000080022e0       0x14 ./Core/Src/stm32l1xx_it.o
                0x00000000080022e0                SPI1_IRQHandler
 .text.USART1_IRQHandler
                0x00000000080022f4       0x14 ./Core/Src/stm32l1xx_it.o
                0x00000000080022f4                USART1_IRQHandler
 .text.SPI3_IRQHandler
                0x0000000008002308       0x14 ./Core/Src/stm32l1xx_it.o
                0x0000000008002308                SPI3_IRQHandler
 .text._getpid  0x000000000800231c        0xe ./Core/Src/syscalls.o
                0x000000000800231c                _getpid
 .text._kill    0x000000000800232a       0x20 ./Core/Src/syscalls.o
                0x000000000800232a                _kill
 .text._exit    0x000000000800234a       0x14 ./Core/Src/syscalls.o
                0x000000000800234a                _exit
 .text._read    0x000000000800235e       0x3a ./Core/Src/syscalls.o
                0x000000000800235e                _read
 .text._write   0x0000000008002398       0x38 ./Core/Src/syscalls.o
                0x0000000008002398                _write
 .text._close   0x00000000080023d0       0x16 ./Core/Src/syscalls.o
                0x00000000080023d0                _close
 .text._fstat   0x00000000080023e6       0x1e ./Core/Src/syscalls.o
                0x00000000080023e6                _fstat
 .text._isatty  0x0000000008002404       0x14 ./Core/Src/syscalls.o
                0x0000000008002404                _isatty
 .text._lseek   0x0000000008002418       0x18 ./Core/Src/syscalls.o
                0x0000000008002418                _lseek
 .text._sbrk    0x0000000008002430       0x6c ./Core/Src/sysmem.o
                0x0000000008002430                _sbrk
 .text.SystemInit
                0x000000000800249c        0xc ./Core/Src/system_stm32l1xx.o
                0x000000000800249c                SystemInit
 .text.Reset_Handler
                0x00000000080024a8       0x48 ./Core/Startup/startup_stm32l151rctx.o
                0x00000000080024a8                Reset_Handler
 .text.Default_Handler
                0x00000000080024f0        0x2 ./Core/Startup/startup_stm32l151rctx.o
                0x00000000080024f0                RTC_Alarm_IRQHandler
                0x00000000080024f0                COMP_ACQ_IRQHandler
                0x00000000080024f0                TIM10_IRQHandler
                0x00000000080024f0                USB_HP_IRQHandler
                0x00000000080024f0                TIM6_IRQHandler
                0x00000000080024f0                PVD_IRQHandler
                0x00000000080024f0                EXTI0_IRQHandler
                0x00000000080024f0                I2C2_EV_IRQHandler
                0x00000000080024f0                USB_FS_WKUP_IRQHandler
                0x00000000080024f0                DMA2_Channel2_IRQHandler
                0x00000000080024f0                DMA1_Channel4_IRQHandler
                0x00000000080024f0                ADC1_IRQHandler
                0x00000000080024f0                USART3_IRQHandler
                0x00000000080024f0                DMA1_Channel7_IRQHandler
                0x00000000080024f0                DMA2_Channel1_IRQHandler
                0x00000000080024f0                I2C1_EV_IRQHandler
                0x00000000080024f0                DMA1_Channel6_IRQHandler
                0x00000000080024f0                DMA2_Channel4_IRQHandler
                0x00000000080024f0                TIM3_IRQHandler
                0x00000000080024f0                DMA1_Channel1_IRQHandler
                0x00000000080024f0                Default_Handler
                0x00000000080024f0                EXTI15_10_IRQHandler
                0x00000000080024f0                TIM7_IRQHandler
                0x00000000080024f0                TIM5_IRQHandler
                0x00000000080024f0                TIM9_IRQHandler
                0x00000000080024f0                TAMPER_STAMP_IRQHandler
                0x00000000080024f0                RTC_WKUP_IRQHandler
                0x00000000080024f0                SPI2_IRQHandler
                0x00000000080024f0                DMA2_Channel5_IRQHandler
                0x00000000080024f0                USB_LP_IRQHandler
                0x00000000080024f0                DMA1_Channel3_IRQHandler
                0x00000000080024f0                COMP_IRQHandler
                0x00000000080024f0                WWDG_IRQHandler
                0x00000000080024f0                TIM2_IRQHandler
                0x00000000080024f0                DAC_IRQHandler
                0x00000000080024f0                TIM11_IRQHandler
                0x00000000080024f0                USART2_IRQHandler
                0x00000000080024f0                I2C2_ER_IRQHandler
                0x00000000080024f0                DMA1_Channel2_IRQHandler
                0x00000000080024f0                I2C1_ER_IRQHandler
                0x00000000080024f0                DMA2_Channel3_IRQHandler
 *fill*         0x00000000080024f2        0x2 
 .text.HAL_Init
                0x00000000080024f4       0x4c ./Drivers/STM32L1xx_HAL_Driver/Src/stm32l1xx_hal.o
                0x00000000080024f4                HAL_Init
 .text.HAL_InitTick
                0x0000000008002540       0x74 ./Drivers/STM32L1xx_HAL_Driver/Src/stm32l1xx_hal.o
                0x0000000008002540                HAL_InitTick
 .text.HAL_IncTick
                0x00000000080025b4       0x24 ./Drivers/STM32L1xx_HAL_Driver/Src/stm32l1xx_hal.o
                0x00000000080025b4                HAL_IncTick
 .text.HAL_GetTick
                0x00000000080025d8       0x14 ./Drivers/STM32L1xx_HAL_Driver/Src/stm32l1xx_hal.o
                0x00000000080025d8                HAL_GetTick
 .text.HAL_Delay
                0x00000000080025ec       0x44 ./Drivers/STM32L1xx_HAL_Driver/Src/stm32l1xx_hal.o
                0x00000000080025ec                HAL_Delay
 .text.__NVIC_SetPriorityGrouping
                0x0000000008002630       0x48 ./Drivers/STM32L1xx_HAL_Driver/Src/stm32l1xx_hal_cortex.o
 .text.__NVIC_GetPriorityGrouping
                0x0000000008002678       0x1c ./Drivers/STM32L1xx_HAL_Driver/Src/stm32l1xx_hal_cortex.o
 .text.__NVIC_EnableIRQ
                0x0000000008002694       0x38 ./Drivers/STM32L1xx_HAL_Driver/Src/stm32l1xx_hal_cortex.o
 .text.__NVIC_SetPriority
                0x00000000080026cc       0x54 ./Drivers/STM32L1xx_HAL_Driver/Src/stm32l1xx_hal_cortex.o
 .text.NVIC_EncodePriority
                0x0000000008002720       0x64 ./Drivers/STM32L1xx_HAL_Driver/Src/stm32l1xx_hal_cortex.o
 .text.__NVIC_SystemReset
                0x0000000008002784       0x2c ./Drivers/STM32L1xx_HAL_Driver/Src/stm32l1xx_hal_cortex.o
 .text.SysTick_Config
                0x00000000080027b0       0x44 ./Drivers/STM32L1xx_HAL_Driver/Src/stm32l1xx_hal_cortex.o
 .text.HAL_NVIC_SetPriorityGrouping
                0x00000000080027f4       0x16 ./Drivers/STM32L1xx_HAL_Driver/Src/stm32l1xx_hal_cortex.o
                0x00000000080027f4                HAL_NVIC_SetPriorityGrouping
 .text.HAL_NVIC_SetPriority
                0x000000000800280a       0x38 ./Drivers/STM32L1xx_HAL_Driver/Src/stm32l1xx_hal_cortex.o
                0x000000000800280a                HAL_NVIC_SetPriority
 .text.HAL_NVIC_EnableIRQ
                0x0000000008002842       0x1c ./Drivers/STM32L1xx_HAL_Driver/Src/stm32l1xx_hal_cortex.o
                0x0000000008002842                HAL_NVIC_EnableIRQ
 .text.HAL_NVIC_SystemReset
                0x000000000800285e        0x8 ./Drivers/STM32L1xx_HAL_Driver/Src/stm32l1xx_hal_cortex.o
                0x000000000800285e                HAL_NVIC_SystemReset
 .text.HAL_SYSTICK_Config
                0x0000000008002866       0x18 ./Drivers/STM32L1xx_HAL_Driver/Src/stm32l1xx_hal_cortex.o
                0x0000000008002866                HAL_SYSTICK_Config
 *fill*         0x000000000800287e        0x2 
 .text.HAL_DMA_Init
                0x0000000008002880       0xe8 ./Drivers/STM32L1xx_HAL_Driver/Src/stm32l1xx_hal_dma.o
                0x0000000008002880                HAL_DMA_Init
 .text.HAL_DMA_Start_IT
                0x0000000008002968       0xc0 ./Drivers/STM32L1xx_HAL_Driver/Src/stm32l1xx_hal_dma.o
                0x0000000008002968                HAL_DMA_Start_IT
 .text.HAL_DMA_Abort
                0x0000000008002a28       0x7a ./Drivers/STM32L1xx_HAL_Driver/Src/stm32l1xx_hal_dma.o
                0x0000000008002a28                HAL_DMA_Abort
 .text.HAL_DMA_Abort_IT
                0x0000000008002aa2       0x82 ./Drivers/STM32L1xx_HAL_Driver/Src/stm32l1xx_hal_dma.o
                0x0000000008002aa2                HAL_DMA_Abort_IT
 .text.HAL_DMA_IRQHandler
                0x0000000008002b24      0x15e ./Drivers/STM32L1xx_HAL_Driver/Src/stm32l1xx_hal_dma.o
                0x0000000008002b24                HAL_DMA_IRQHandler
 .text.DMA_SetConfig
                0x0000000008002c82       0x5e ./Drivers/STM32L1xx_HAL_Driver/Src/stm32l1xx_hal_dma.o
 .text.HAL_FLASH_IRQHandler
                0x0000000008002ce0      0x16c ./Drivers/STM32L1xx_HAL_Driver/Src/stm32l1xx_hal_flash.o
                0x0000000008002ce0                HAL_FLASH_IRQHandler
 .text.HAL_FLASH_EndOfOperationCallback
                0x0000000008002e4c       0x12 ./Drivers/STM32L1xx_HAL_Driver/Src/stm32l1xx_hal_flash.o
                0x0000000008002e4c                HAL_FLASH_EndOfOperationCallback
 .text.HAL_FLASH_OperationErrorCallback
                0x0000000008002e5e       0x12 ./Drivers/STM32L1xx_HAL_Driver/Src/stm32l1xx_hal_flash.o
                0x0000000008002e5e                HAL_FLASH_OperationErrorCallback
 .text.FLASH_SetErrorCode
                0x0000000008002e70       0xf0 ./Drivers/STM32L1xx_HAL_Driver/Src/stm32l1xx_hal_flash.o
 .text.FLASH_PageErase
                0x0000000008002f60       0x44 ./Drivers/STM32L1xx_HAL_Driver/Src/stm32l1xx_hal_flash_ex.o
                0x0000000008002f60                FLASH_PageErase
 .text.HAL_GPIO_Init
                0x0000000008002fa4      0x300 ./Drivers/STM32L1xx_HAL_Driver/Src/stm32l1xx_hal_gpio.o
                0x0000000008002fa4                HAL_GPIO_Init
 .text.HAL_GPIO_WritePin
                0x00000000080032a4       0x30 ./Drivers/STM32L1xx_HAL_Driver/Src/stm32l1xx_hal_gpio.o
                0x00000000080032a4                HAL_GPIO_WritePin
 .text.HAL_GPIO_EXTI_IRQHandler
                0x00000000080032d4       0x30 ./Drivers/STM32L1xx_HAL_Driver/Src/stm32l1xx_hal_gpio.o
                0x00000000080032d4                HAL_GPIO_EXTI_IRQHandler
 .text.HAL_RCC_OscConfig
                0x0000000008003304      0x660 ./Drivers/STM32L1xx_HAL_Driver/Src/stm32l1xx_hal_rcc.o
                0x0000000008003304                HAL_RCC_OscConfig
 .text.HAL_RCC_ClockConfig
                0x0000000008003964      0x268 ./Drivers/STM32L1xx_HAL_Driver/Src/stm32l1xx_hal_rcc.o
                0x0000000008003964                HAL_RCC_ClockConfig
 .text.HAL_RCC_GetSysClockFreq
                0x0000000008003bcc      0x17c ./Drivers/STM32L1xx_HAL_Driver/Src/stm32l1xx_hal_rcc.o
                0x0000000008003bcc                HAL_RCC_GetSysClockFreq
 .text.HAL_RCC_GetHCLKFreq
                0x0000000008003d48       0x14 ./Drivers/STM32L1xx_HAL_Driver/Src/stm32l1xx_hal_rcc.o
                0x0000000008003d48                HAL_RCC_GetHCLKFreq
 .text.HAL_RCC_GetPCLK1Freq
                0x0000000008003d5c       0x28 ./Drivers/STM32L1xx_HAL_Driver/Src/stm32l1xx_hal_rcc.o
                0x0000000008003d5c                HAL_RCC_GetPCLK1Freq
 .text.HAL_RCC_GetPCLK2Freq
                0x0000000008003d84       0x28 ./Drivers/STM32L1xx_HAL_Driver/Src/stm32l1xx_hal_rcc.o
                0x0000000008003d84                HAL_RCC_GetPCLK2Freq
 .text.RCC_SetFlashLatencyFromMSIRange
                0x0000000008003dac       0xc0 ./Drivers/STM32L1xx_HAL_Driver/Src/stm32l1xx_hal_rcc.o
 .text.HAL_RCCEx_PeriphCLKConfig
                0x0000000008003e6c      0x1a0 ./Drivers/STM32L1xx_HAL_Driver/Src/stm32l1xx_hal_rcc_ex.o
                0x0000000008003e6c                HAL_RCCEx_PeriphCLKConfig
 .text.HAL_RTC_Init
                0x000000000800400c      0x106 ./Drivers/STM32L1xx_HAL_Driver/Src/stm32l1xx_hal_rtc.o
                0x000000000800400c                HAL_RTC_Init
 .text.HAL_RTC_SetTime
                0x0000000008004112      0x134 ./Drivers/STM32L1xx_HAL_Driver/Src/stm32l1xx_hal_rtc.o
                0x0000000008004112                HAL_RTC_SetTime
 .text.HAL_RTC_GetTime
                0x0000000008004246       0xbc ./Drivers/STM32L1xx_HAL_Driver/Src/stm32l1xx_hal_rtc.o
                0x0000000008004246                HAL_RTC_GetTime
 .text.HAL_RTC_SetDate
                0x0000000008004302      0x108 ./Drivers/STM32L1xx_HAL_Driver/Src/stm32l1xx_hal_rtc.o
                0x0000000008004302                HAL_RTC_SetDate
 .text.HAL_RTC_GetDate
                0x000000000800440a       0x9e ./Drivers/STM32L1xx_HAL_Driver/Src/stm32l1xx_hal_rtc.o
                0x000000000800440a                HAL_RTC_GetDate
 .text.HAL_RTC_WaitForSynchro
                0x00000000080044a8       0x4a ./Drivers/STM32L1xx_HAL_Driver/Src/stm32l1xx_hal_rtc.o
                0x00000000080044a8                HAL_RTC_WaitForSynchro
 .text.RTC_EnterInitMode
                0x00000000080044f2       0x6e ./Drivers/STM32L1xx_HAL_Driver/Src/stm32l1xx_hal_rtc.o
                0x00000000080044f2                RTC_EnterInitMode
 .text.RTC_ExitInitMode
                0x0000000008004560       0x4a ./Drivers/STM32L1xx_HAL_Driver/Src/stm32l1xx_hal_rtc.o
                0x0000000008004560                RTC_ExitInitMode
 .text.RTC_ByteToBcd2
                0x00000000080045aa       0x3a ./Drivers/STM32L1xx_HAL_Driver/Src/stm32l1xx_hal_rtc.o
                0x00000000080045aa                RTC_ByteToBcd2
 .text.RTC_Bcd2ToByte
                0x00000000080045e4       0x3a ./Drivers/STM32L1xx_HAL_Driver/Src/stm32l1xx_hal_rtc.o
                0x00000000080045e4                RTC_Bcd2ToByte
 .text.HAL_SPI_Init
                0x000000000800461e      0x112 ./Drivers/STM32L1xx_HAL_Driver/Src/stm32l1xx_hal_spi.o
                0x000000000800461e                HAL_SPI_Init
 .text.HAL_SPI_Transmit
                0x0000000008004730      0x286 ./Drivers/STM32L1xx_HAL_Driver/Src/stm32l1xx_hal_spi.o
                0x0000000008004730                HAL_SPI_Transmit
 .text.HAL_SPI_TransmitReceive
                0x00000000080049b6      0x360 ./Drivers/STM32L1xx_HAL_Driver/Src/stm32l1xx_hal_spi.o
                0x00000000080049b6                HAL_SPI_TransmitReceive
 *fill*         0x0000000008004d16        0x2 
 .text.HAL_SPI_IRQHandler
                0x0000000008004d18      0x200 ./Drivers/STM32L1xx_HAL_Driver/Src/stm32l1xx_hal_spi.o
                0x0000000008004d18                HAL_SPI_IRQHandler
 .text.HAL_SPI_ErrorCallback
                0x0000000008004f18       0x12 ./Drivers/STM32L1xx_HAL_Driver/Src/stm32l1xx_hal_spi.o
                0x0000000008004f18                HAL_SPI_ErrorCallback
 .text.SPI_DMAAbortOnError
                0x0000000008004f2a       0x28 ./Drivers/STM32L1xx_HAL_Driver/Src/stm32l1xx_hal_spi.o
 *fill*         0x0000000008004f52        0x2 
 .text.SPI_WaitFlagStateUntilTimeout
                0x0000000008004f54      0x110 ./Drivers/STM32L1xx_HAL_Driver/Src/stm32l1xx_hal_spi.o
 .text.SPI_EndRxTxTransaction
                0x0000000008005064       0x84 ./Drivers/STM32L1xx_HAL_Driver/Src/stm32l1xx_hal_spi.o
 .text.HAL_TIM_OC_Start_IT
                0x00000000080050e8      0x1c4 ./Drivers/STM32L1xx_HAL_Driver/Src/stm32l1xx_hal_tim.o
                0x00000000080050e8                HAL_TIM_OC_Start_IT
 .text.HAL_TIM_IC_Init
                0x00000000080052ac       0x7e ./Drivers/STM32L1xx_HAL_Driver/Src/stm32l1xx_hal_tim.o
                0x00000000080052ac                HAL_TIM_IC_Init
 .text.HAL_TIM_IRQHandler
                0x000000000800532a      0x1b8 ./Drivers/STM32L1xx_HAL_Driver/Src/stm32l1xx_hal_tim.o
                0x000000000800532a                HAL_TIM_IRQHandler
 .text.HAL_TIM_IC_ConfigChannel
                0x00000000080054e2      0x138 ./Drivers/STM32L1xx_HAL_Driver/Src/stm32l1xx_hal_tim.o
                0x00000000080054e2                HAL_TIM_IC_ConfigChannel
 .text.HAL_TIM_PeriodElapsedCallback
                0x000000000800561a       0x12 ./Drivers/STM32L1xx_HAL_Driver/Src/stm32l1xx_hal_tim.o
                0x000000000800561a                HAL_TIM_PeriodElapsedCallback
 .text.HAL_TIM_OC_DelayElapsedCallback
                0x000000000800562c       0x12 ./Drivers/STM32L1xx_HAL_Driver/Src/stm32l1xx_hal_tim.o
                0x000000000800562c                HAL_TIM_OC_DelayElapsedCallback
 .text.HAL_TIM_PWM_PulseFinishedCallback
                0x000000000800563e       0x12 ./Drivers/STM32L1xx_HAL_Driver/Src/stm32l1xx_hal_tim.o
                0x000000000800563e                HAL_TIM_PWM_PulseFinishedCallback
 .text.HAL_TIM_TriggerCallback
                0x0000000008005650       0x12 ./Drivers/STM32L1xx_HAL_Driver/Src/stm32l1xx_hal_tim.o
                0x0000000008005650                HAL_TIM_TriggerCallback
 *fill*         0x0000000008005662        0x2 
 .text.TIM_Base_SetConfig
                0x0000000008005664       0xe0 ./Drivers/STM32L1xx_HAL_Driver/Src/stm32l1xx_hal_tim.o
 .text.TIM_TI1_SetConfig
                0x0000000008005744       0xc0 ./Drivers/STM32L1xx_HAL_Driver/Src/stm32l1xx_hal_tim.o
 .text.TIM_TI2_SetConfig
                0x0000000008005804       0x78 ./Drivers/STM32L1xx_HAL_Driver/Src/stm32l1xx_hal_tim.o
 .text.TIM_TI3_SetConfig
                0x000000000800587c       0x76 ./Drivers/STM32L1xx_HAL_Driver/Src/stm32l1xx_hal_tim.o
 .text.TIM_TI4_SetConfig
                0x00000000080058f2       0x78 ./Drivers/STM32L1xx_HAL_Driver/Src/stm32l1xx_hal_tim.o
 .text.TIM_CCxChannelCmd
                0x000000000800596a       0x48 ./Drivers/STM32L1xx_HAL_Driver/Src/stm32l1xx_hal_tim.o
 *fill*         0x00000000080059b2        0x2 
 .text.HAL_TIMEx_MasterConfigSynchronization
                0x00000000080059b4       0xbc ./Drivers/STM32L1xx_HAL_Driver/Src/stm32l1xx_hal_tim_ex.o
                0x00000000080059b4                HAL_TIMEx_MasterConfigSynchronization
 .text.HAL_UART_Init
                0x0000000008005a70       0xa0 ./Drivers/STM32L1xx_HAL_Driver/Src/stm32l1xx_hal_uart.o
                0x0000000008005a70                HAL_UART_Init
 .text.HAL_UART_Transmit
                0x0000000008005b10      0x106 ./Drivers/STM32L1xx_HAL_Driver/Src/stm32l1xx_hal_uart.o
                0x0000000008005b10                HAL_UART_Transmit
 .text.HAL_UARTEx_ReceiveToIdle_DMA
                0x0000000008005c16       0xba ./Drivers/STM32L1xx_HAL_Driver/Src/stm32l1xx_hal_uart.o
                0x0000000008005c16                HAL_UARTEx_ReceiveToIdle_DMA
 .text.HAL_UART_IRQHandler
                0x0000000008005cd0      0x524 ./Drivers/STM32L1xx_HAL_Driver/Src/stm32l1xx_hal_uart.o
                0x0000000008005cd0                HAL_UART_IRQHandler
 .text.HAL_UART_TxCpltCallback
                0x00000000080061f4       0x12 ./Drivers/STM32L1xx_HAL_Driver/Src/stm32l1xx_hal_uart.o
                0x00000000080061f4                HAL_UART_TxCpltCallback
 .text.HAL_UART_RxCpltCallback
                0x0000000008006206       0x12 ./Drivers/STM32L1xx_HAL_Driver/Src/stm32l1xx_hal_uart.o
                0x0000000008006206                HAL_UART_RxCpltCallback
 .text.HAL_UART_RxHalfCpltCallback
                0x0000000008006218       0x12 ./Drivers/STM32L1xx_HAL_Driver/Src/stm32l1xx_hal_uart.o
                0x0000000008006218                HAL_UART_RxHalfCpltCallback
 .text.HAL_UART_ErrorCallback
                0x000000000800622a       0x12 ./Drivers/STM32L1xx_HAL_Driver/Src/stm32l1xx_hal_uart.o
                0x000000000800622a                HAL_UART_ErrorCallback
 .text.UART_DMAReceiveCplt
                0x000000000800623c      0x12c ./Drivers/STM32L1xx_HAL_Driver/Src/stm32l1xx_hal_uart.o
 .text.UART_DMARxHalfCplt
                0x0000000008006368       0x3c ./Drivers/STM32L1xx_HAL_Driver/Src/stm32l1xx_hal_uart.o
 .text.UART_DMAError
                0x00000000080063a4       0x94 ./Drivers/STM32L1xx_HAL_Driver/Src/stm32l1xx_hal_uart.o
 .text.UART_WaitOnFlagUntilTimeout
                0x0000000008006438       0xdc ./Drivers/STM32L1xx_HAL_Driver/Src/stm32l1xx_hal_uart.o
 .text.UART_Start_Receive_DMA
                0x0000000008006514      0x134 ./Drivers/STM32L1xx_HAL_Driver/Src/stm32l1xx_hal_uart.o
                0x0000000008006514                UART_Start_Receive_DMA
 .text.UART_EndTxTransfer
                0x0000000008006648       0x4e ./Drivers/STM32L1xx_HAL_Driver/Src/stm32l1xx_hal_uart.o
 .text.UART_EndRxTransfer
                0x0000000008006696       0xc4 ./Drivers/STM32L1xx_HAL_Driver/Src/stm32l1xx_hal_uart.o
 .text.UART_DMAAbortOnError
                0x000000000800675a       0x28 ./Drivers/STM32L1xx_HAL_Driver/Src/stm32l1xx_hal_uart.o
 .text.UART_Transmit_IT
                0x0000000008006782       0x9e ./Drivers/STM32L1xx_HAL_Driver/Src/stm32l1xx_hal_uart.o
 .text.UART_EndTransmit_IT
                0x0000000008006820       0x30 ./Drivers/STM32L1xx_HAL_Driver/Src/stm32l1xx_hal_uart.o
 .text.UART_Receive_IT
                0x0000000008006850      0x17c ./Drivers/STM32L1xx_HAL_Driver/Src/stm32l1xx_hal_uart.o
 .text.UART_SetConfig
                0x00000000080069cc      0x1c8 ./Drivers/STM32L1xx_HAL_Driver/Src/stm32l1xx_hal_uart.o
 .text.MX_FATFS_Init
                0x0000000008006b94       0x24 ./FATFS/App/fatfs.o
                0x0000000008006b94                MX_FATFS_Init
 .text.get_fattime
                0x0000000008006bb8        0xe ./FATFS/App/fatfs.o
                0x0000000008006bb8                get_fattime
 .text.USER_initialize
                0x0000000008006bc6       0x1c ./FATFS/Target/user_diskio.o
                0x0000000008006bc6                USER_initialize
 .text.USER_status
                0x0000000008006be2       0x1c ./FATFS/Target/user_diskio.o
                0x0000000008006be2                USER_status
 .text.USER_read
                0x0000000008006bfe       0x26 ./FATFS/Target/user_diskio.o
                0x0000000008006bfe                USER_read
 .text.USER_write
                0x0000000008006c24       0x26 ./FATFS/Target/user_diskio.o
                0x0000000008006c24                USER_write
 .text.USER_ioctl
                0x0000000008006c4a       0x26 ./FATFS/Target/user_diskio.o
                0x0000000008006c4a                USER_ioctl
 .text.disk_status
                0x0000000008006c70       0x34 ./Middlewares/Third_Party/FatFs/src/diskio.o
                0x0000000008006c70                disk_status
 .text.disk_initialize
                0x0000000008006ca4       0x4c ./Middlewares/Third_Party/FatFs/src/diskio.o
                0x0000000008006ca4                disk_initialize
 .text.disk_read
                0x0000000008006cf0       0x40 ./Middlewares/Third_Party/FatFs/src/diskio.o
                0x0000000008006cf0                disk_read
 .text.disk_write
                0x0000000008006d30       0x40 ./Middlewares/Third_Party/FatFs/src/diskio.o
                0x0000000008006d30                disk_write
 .text.disk_ioctl
                0x0000000008006d70       0x3c ./Middlewares/Third_Party/FatFs/src/diskio.o
                0x0000000008006d70                disk_ioctl
 .text.ld_word  0x0000000008006dac       0x2e ./Middlewares/Third_Party/FatFs/src/ff.o
 .text.ld_dword
                0x0000000008006dda       0x44 ./Middlewares/Third_Party/FatFs/src/ff.o
 .text.st_word  0x0000000008006e1e       0x34 ./Middlewares/Third_Party/FatFs/src/ff.o
 .text.st_dword
                0x0000000008006e52       0x56 ./Middlewares/Third_Party/FatFs/src/ff.o
 .text.mem_cpy  0x0000000008006ea8       0x40 ./Middlewares/Third_Party/FatFs/src/ff.o
 .text.mem_set  0x0000000008006ee8       0x34 ./Middlewares/Third_Party/FatFs/src/ff.o
 .text.mem_cmp  0x0000000008006f1c       0x4c ./Middlewares/Third_Party/FatFs/src/ff.o
 .text.chk_chr  0x0000000008006f68       0x34 ./Middlewares/Third_Party/FatFs/src/ff.o
 .text.chk_lock
                0x0000000008006f9c       0xb4 ./Middlewares/Third_Party/FatFs/src/ff.o
 .text.enq_lock
                0x0000000008007050       0x40 ./Middlewares/Third_Party/FatFs/src/ff.o
 .text.inc_lock
                0x0000000008007090      0x11c ./Middlewares/Third_Party/FatFs/src/ff.o
 .text.dec_lock
                0x00000000080071ac       0x74 ./Middlewares/Third_Party/FatFs/src/ff.o
 .text.clear_lock
                0x0000000008007220       0x48 ./Middlewares/Third_Party/FatFs/src/ff.o
 .text.sync_window
                0x0000000008007268       0x88 ./Middlewares/Third_Party/FatFs/src/ff.o
 .text.move_window
                0x00000000080072f0       0x5a ./Middlewares/Third_Party/FatFs/src/ff.o
 *fill*         0x000000000800734a        0x2 
 .text.sync_fs  0x000000000800734c       0xe0 ./Middlewares/Third_Party/FatFs/src/ff.o
 .text.clust2sect
                0x000000000800742c       0x3c ./Middlewares/Third_Party/FatFs/src/ff.o
 .text.get_fat  0x0000000008007468      0x1a8 ./Middlewares/Third_Party/FatFs/src/ff.o
 .text.put_fat  0x0000000008007610      0x238 ./Middlewares/Third_Party/FatFs/src/ff.o
 .text.remove_chain
                0x0000000008007848       0xca ./Middlewares/Third_Party/FatFs/src/ff.o
 .text.create_chain
                0x0000000008007912      0x130 ./Middlewares/Third_Party/FatFs/src/ff.o
 .text.clmt_clust
                0x0000000008007a42       0x6e ./Middlewares/Third_Party/FatFs/src/ff.o
 .text.dir_sdi  0x0000000008007ab0      0x112 ./Middlewares/Third_Party/FatFs/src/ff.o
 .text.dir_next
                0x0000000008007bc2      0x1ac ./Middlewares/Third_Party/FatFs/src/ff.o
 .text.dir_alloc
                0x0000000008007d6e       0x8e ./Middlewares/Third_Party/FatFs/src/ff.o
 .text.ld_clust
                0x0000000008007dfc       0x3e ./Middlewares/Third_Party/FatFs/src/ff.o
 .text.st_clust
                0x0000000008007e3a       0x40 ./Middlewares/Third_Party/FatFs/src/ff.o
 *fill*         0x0000000008007e7a        0x2 
 .text.cmp_lfn  0x0000000008007e7c       0xe0 ./Middlewares/Third_Party/FatFs/src/ff.o
 .text.put_lfn  0x0000000008007f5c       0xd0 ./Middlewares/Third_Party/FatFs/src/ff.o
 .text.gen_numname
                0x000000000800802c      0x11c ./Middlewares/Third_Party/FatFs/src/ff.o
 .text.sum_sfn  0x0000000008008148       0x40 ./Middlewares/Third_Party/FatFs/src/ff.o
 .text.dir_find
                0x0000000008008188      0x180 ./Middlewares/Third_Party/FatFs/src/ff.o
 .text.dir_register
                0x0000000008008308      0x1f0 ./Middlewares/Third_Party/FatFs/src/ff.o
 .text.create_name
                0x00000000080084f8      0x370 ./Middlewares/Third_Party/FatFs/src/ff.o
 .text.follow_path
                0x0000000008008868       0xec ./Middlewares/Third_Party/FatFs/src/ff.o
 .text.get_ldnumber
                0x0000000008008954       0x86 ./Middlewares/Third_Party/FatFs/src/ff.o
 *fill*         0x00000000080089da        0x2 
 .text.check_fs
                0x00000000080089dc       0xac ./Middlewares/Third_Party/FatFs/src/ff.o
 .text.find_volume
                0x0000000008008a88      0x50c ./Middlewares/Third_Party/FatFs/src/ff.o
 .text.validate
                0x0000000008008f94       0x6a ./Middlewares/Third_Party/FatFs/src/ff.o
 *fill*         0x0000000008008ffe        0x2 
 .text.f_mount  0x0000000008009000       0x8c ./Middlewares/Third_Party/FatFs/src/ff.o
                0x0000000008009000                f_mount
 .text.f_open   0x000000000800908c      0x398 ./Middlewares/Third_Party/FatFs/src/ff.o
                0x000000000800908c                f_open
 .text.f_write  0x0000000008009424      0x328 ./Middlewares/Third_Party/FatFs/src/ff.o
                0x0000000008009424                f_write
 .text.f_sync   0x000000000800974c       0xfc ./Middlewares/Third_Party/FatFs/src/ff.o
                0x000000000800974c                f_sync
 .text.f_close  0x0000000008009848       0x54 ./Middlewares/Third_Party/FatFs/src/ff.o
                0x0000000008009848                f_close
 .text.f_getfree
                0x000000000800989c      0x16a ./Middlewares/Third_Party/FatFs/src/ff.o
                0x000000000800989c                f_getfree
 .text.f_mkdir  0x0000000008009a06      0x21a ./Middlewares/Third_Party/FatFs/src/ff.o
                0x0000000008009a06                f_mkdir
 .text.putc_bfd
                0x0000000008009c20       0x7a ./Middlewares/Third_Party/FatFs/src/ff.o
 .text.putc_flush
                0x0000000008009c9a       0x4a ./Middlewares/Third_Party/FatFs/src/ff.o
 .text.putc_init
                0x0000000008009ce4       0x28 ./Middlewares/Third_Party/FatFs/src/ff.o
 .text.f_printf
                0x0000000008009d0c      0x43c ./Middlewares/Third_Party/FatFs/src/ff.o
                0x0000000008009d0c                f_printf
 .text.FATFS_LinkDriverEx
                0x000000000800a148       0x94 ./Middlewares/Third_Party/FatFs/src/ff_gen_drv.o
                0x000000000800a148                FATFS_LinkDriverEx
 .text.FATFS_LinkDriver
                0x000000000800a1dc       0x1e ./Middlewares/Third_Party/FatFs/src/ff_gen_drv.o
                0x000000000800a1dc                FATFS_LinkDriver
 *fill*         0x000000000800a1fa        0x2 
 .text.ff_convert
                0x000000000800a1fc       0x74 ./Middlewares/Third_Party/FatFs/src/option/ccsbcs.o
                0x000000000800a1fc                ff_convert
 .text.ff_wtoupper
                0x000000000800a270      0x110 ./Middlewares/Third_Party/FatFs/src/option/ccsbcs.o
                0x000000000800a270                ff_wtoupper
 .text.Paint_NewImage
                0x000000000800a380       0xa8 ./PRETREATMENT/DISPLAY/GUI_Paint.o
                0x000000000800a380                Paint_NewImage
 .text.Paint_SelectImage
                0x000000000800a428       0x1c ./PRETREATMENT/DISPLAY/GUI_Paint.o
                0x000000000800a428                Paint_SelectImage
 .text.Paint_SetPixel
                0x000000000800a444      0x298 ./PRETREATMENT/DISPLAY/GUI_Paint.o
                0x000000000800a444                Paint_SetPixel
 .text.Paint_Clear
                0x000000000800a6dc      0x140 ./PRETREATMENT/DISPLAY/GUI_Paint.o
                0x000000000800a6dc                Paint_Clear
 .text.Paint_DrawChar
                0x000000000800a81c      0x150 ./PRETREATMENT/DISPLAY/GUI_Paint.o
                0x000000000800a81c                Paint_DrawChar
 .text.Paint_DrawString_EN
                0x000000000800a96c       0xa8 ./PRETREATMENT/DISPLAY/GUI_Paint.o
                0x000000000800a96c                Paint_DrawString_EN
 .text.Paint_DrawNum
                0x000000000800aa14      0x1a4 ./PRETREATMENT/DISPLAY/GUI_Paint.o
                0x000000000800aa14                Paint_DrawNum
 .text.DEV_SPI_WriteByte
                0x000000000800abb8       0x24 ./PRETREATMENT/DISPLAY/configure.o
                0x000000000800abb8                DEV_SPI_WriteByte
 .text.DEV_Module_Init
                0x000000000800abdc       0x24 ./PRETREATMENT/DISPLAY/configure.o
                0x000000000800abdc                DEV_Module_Init
 .text.DISPLAY_SendData
                0x000000000800ac00       0x3c ./PRETREATMENT/DISPLAY/configure.o
                0x000000000800ac00                DISPLAY_SendData
 .text.DISPLAY_SendCommand
                0x000000000800ac3c       0x3c ./PRETREATMENT/DISPLAY/configure.o
                0x000000000800ac3c                DISPLAY_SendCommand
 .text.DISPLAY_ReadBusy
                0x000000000800ac78        0xc ./PRETREATMENT/DISPLAY/configure.o
                0x000000000800ac78                DISPLAY_ReadBusy
 .text.DISPLAY_Display
                0x000000000800ac84       0xb6 ./PRETREATMENT/DISPLAY/configure.o
                0x000000000800ac84                DISPLAY_Display
 .text.DISPLAY_Init
                0x000000000800ad3a       0x4e ./PRETREATMENT/DISPLAY/configure.o
                0x000000000800ad3a                DISPLAY_Init
 .text.DISPLAY_Reset
                0x000000000800ad88       0x3c ./PRETREATMENT/DISPLAY/configure.o
                0x000000000800ad88                DISPLAY_Reset
 .text.displayDelay
                0x000000000800adc4       0x20 ./PRETREATMENT/DISPLAY/display.o
                0x000000000800adc4                displayDelay
 .text.SELECT   0x000000000800ade4       0x1c ./PRETREATMENT/SD_CARD/fatfs_sd.o
 .text.DESELECT
                0x000000000800ae00       0x1c ./PRETREATMENT/SD_CARD/fatfs_sd.o
 .text.SPI_TxByte
                0x000000000800ae1c       0x34 ./PRETREATMENT/SD_CARD/fatfs_sd.o
 .text.SPI_TxBuffer
                0x000000000800ae50       0x34 ./PRETREATMENT/SD_CARD/fatfs_sd.o
 .text.SPI_RxByte
                0x000000000800ae84       0x38 ./PRETREATMENT/SD_CARD/fatfs_sd.o
 .text.SPI_RxBytePtr
                0x000000000800aebc       0x1c ./PRETREATMENT/SD_CARD/fatfs_sd.o
 .text.SD_ReadyWait
                0x000000000800aed8       0x34 ./PRETREATMENT/SD_CARD/fatfs_sd.o
 .text.SD_PowerOn
                0x000000000800af0c       0x84 ./PRETREATMENT/SD_CARD/fatfs_sd.o
 .text.SD_PowerOff
                0x000000000800af90       0x18 ./PRETREATMENT/SD_CARD/fatfs_sd.o
 .text.SD_CheckPower
                0x000000000800afa8       0x14 ./PRETREATMENT/SD_CARD/fatfs_sd.o
 .text.SD_RxDataBlock
                0x000000000800afbc       0x60 ./PRETREATMENT/SD_CARD/fatfs_sd.o
 .text.SD_TxDataBlock
                0x000000000800b01c       0x86 ./PRETREATMENT/SD_CARD/fatfs_sd.o
 .text.SD_SendCmd
                0x000000000800b0a2       0xa8 ./PRETREATMENT/SD_CARD/fatfs_sd.o
 *fill*         0x000000000800b14a        0x2 
 .text.SD_disk_initialize
                0x000000000800b14c      0x1d8 ./PRETREATMENT/SD_CARD/fatfs_sd.o
                0x000000000800b14c                SD_disk_initialize
 .text.SD_disk_status
                0x000000000800b324       0x28 ./PRETREATMENT/SD_CARD/fatfs_sd.o
                0x000000000800b324                SD_disk_status
 .text.SD_disk_read
                0x000000000800b34c       0xd4 ./PRETREATMENT/SD_CARD/fatfs_sd.o
                0x000000000800b34c                SD_disk_read
 .text.SD_disk_write
                0x000000000800b420      0x108 ./PRETREATMENT/SD_CARD/fatfs_sd.o
                0x000000000800b420                SD_disk_write
 .text.SD_disk_ioctl
                0x000000000800b528      0x258 ./PRETREATMENT/SD_CARD/fatfs_sd.o
                0x000000000800b528                SD_disk_ioctl
 .text.clear_buffer
                0x000000000800b780       0x34 ./PRETREATMENT/SD_CARD/sd_card.o
                0x000000000800b780                clear_buffer
 .text.sd_mount
                0x000000000800b7b4       0x44 ./PRETREATMENT/SD_CARD/sd_card.o
                0x000000000800b7b4                sd_mount
 .text.sd_check_space
                0x000000000800b7f8       0xc4 ./PRETREATMENT/SD_CARD/sd_card.o
                0x000000000800b7f8                sd_check_space
 .text.SD_creat_file
                0x000000000800b8bc       0x4c ./PRETREATMENT/SD_CARD/sd_card.o
                0x000000000800b8bc                SD_creat_file
 .text.SD_sendData
                0x000000000800b908       0x44 ./PRETREATMENT/SD_CARD/sd_card.o
                0x000000000800b908                SD_sendData
 .text.SIM7600_init
                0x000000000800b94c       0x2c ./PRETREATMENT/SIM7600/sim7600.o
                0x000000000800b94c                SIM7600_init
 .text.sendATcommand
                0x000000000800b978      0x100 ./PRETREATMENT/SIM7600/sim7600.o
                0x000000000800b978                sendATcommand
 .text.SIM7600_Start
                0x000000000800ba78       0xb0 ./PRETREATMENT/SIM7600/sim7600.o
                0x000000000800ba78                SIM7600_Start
 .text.SIM7600_httpStart
                0x000000000800bb28       0x38 ./PRETREATMENT/SIM7600/sim7600.o
                0x000000000800bb28                SIM7600_httpStart
 .text.SIM7600_httpStop
                0x000000000800bb60       0x30 ./PRETREATMENT/SIM7600/sim7600.o
                0x000000000800bb60                SIM7600_httpStop
 .text.SIM7600_setUrl
                0x000000000800bb90       0x64 ./PRETREATMENT/SIM7600/sim7600.o
                0x000000000800bb90                SIM7600_setUrl
 .text.SIM7600_httpPost
                0x000000000800bbf4       0xd4 ./PRETREATMENT/SIM7600/sim7600.o
                0x000000000800bbf4                SIM7600_httpPost
 .text.SIM7600_getTime
                0x000000000800bcc8       0x58 ./PRETREATMENT/SIM7600/sim7600.o
                0x000000000800bcc8                SIM7600_getTime
 .text.initCounter
                0x000000000800bd20       0x24 ./PROCESSING/DATA/data.o
                0x000000000800bd20                initCounter
 .text.dataInit
                0x000000000800bd44       0x28 ./PROCESSING/DATA/data.o
                0x000000000800bd44                dataInit
 .text.evenMode
                0x000000000800bd6c       0x18 ./PROCESSING/DATA/data.o
                0x000000000800bd6c                evenMode
 .text.countTime
                0x000000000800bd84       0x18 ./PROCESSING/DATA/data.o
                0x000000000800bd84                countTime
 .text.dataGetTime
                0x000000000800bd9c      0x170 ./PROCESSING/DATA/data.o
                0x000000000800bd9c                dataGetTime
 .text.handleData
                0x000000000800bf0c       0xd8 ./PROCESSING/DATA/data.o
                0x000000000800bf0c                handleData
 .text.setup_moniter
                0x000000000800bfe4       0x88 ./PROCESSING/MONITER/moniter.o
                0x000000000800bfe4                setup_moniter
 .text.home_moniter
                0x000000000800c06c      0x1cc ./PROCESSING/MONITER/moniter.o
                0x000000000800c06c                home_moniter
 .text.count_moniter
                0x000000000800c238      0x154 ./PROCESSING/MONITER/moniter.o
                0x000000000800c238                count_moniter
 .text.finish_moniter
                0x000000000800c38c      0x294 ./PROCESSING/MONITER/moniter.o
                0x000000000800c38c                finish_moniter
 .text.deviceInformatio
                0x000000000800c620       0xa8 ./PROCESSING/MONITER/moniter.o
                0x000000000800c620                deviceInformatio
 .text.dataConfigure
                0x000000000800c6c8       0xf8 ./PROCESSING/MONITER/moniter.o
                0x000000000800c6c8                dataConfigure
 .text.SD_Init  0x000000000800c7c0       0x22 ./PROCESSING/SD/sd.o
                0x000000000800c7c0                SD_Init
 *fill*         0x000000000800c7e2        0x2 
 .text.SD_CreatFile
                0x000000000800c7e4       0x94 ./PROCESSING/SD/sd.o
                0x000000000800c7e4                SD_CreatFile
 .text.startSIM
                0x000000000800c878       0x28 ./PROCESSING/SIM/sim.o
                0x000000000800c878                startSIM
 .text.simInit  0x000000000800c8a0       0x40 ./PROCESSING/SIM/sim.o
                0x000000000800c8a0                simInit
 .text.getDateTime
                0x000000000800c8e0       0x8c ./PROCESSING/SIM/sim.o
                0x000000000800c8e0                getDateTime
 .text.getRealTime
                0x000000000800c96c       0x90 ./PROCESSING/SIM/sim.o
                0x000000000800c96c                getRealTime
 .text.sendDataFirebase
                0x000000000800c9fc       0x28 ./PROCESSING/SIM/sim.o
                0x000000000800c9fc                sendDataFirebase
 .text.__errno  0x000000000800ca24        0xc c:/st/stm32cubeide_1.12.0/stm32cubeide/plugins/com.st.stm32cube.ide.mcu.externaltools.gnu-tools-for-stm32.10.3-2021.10.win32_1.0.200.202301161003/tools/bin/../lib/gcc/arm-none-eabi/10.3.1/../../../../arm-none-eabi/lib/thumb/v7-m/nofp\libc_nano.a(lib_a-errno.o)
                0x000000000800ca24                __errno
 .text.__libc_init_array
                0x000000000800ca30       0x48 c:/st/stm32cubeide_1.12.0/stm32cubeide/plugins/com.st.stm32cube.ide.mcu.externaltools.gnu-tools-for-stm32.10.3-2021.10.win32_1.0.200.202301161003/tools/bin/../lib/gcc/arm-none-eabi/10.3.1/../../../../arm-none-eabi/lib/thumb/v7-m/nofp\libc_nano.a(lib_a-init.o)
                0x000000000800ca30                __libc_init_array
 .text.malloc   0x000000000800ca78       0x10 c:/st/stm32cubeide_1.12.0/stm32cubeide/plugins/com.st.stm32cube.ide.mcu.externaltools.gnu-tools-for-stm32.10.3-2021.10.win32_1.0.200.202301161003/tools/bin/../lib/gcc/arm-none-eabi/10.3.1/../../../../arm-none-eabi/lib/thumb/v7-m/nofp\libc_nano.a(lib_a-malloc.o)
                0x000000000800ca78                malloc
 .text.memcpy   0x000000000800ca88       0x1c c:/st/stm32cubeide_1.12.0/stm32cubeide/plugins/com.st.stm32cube.ide.mcu.externaltools.gnu-tools-for-stm32.10.3-2021.10.win32_1.0.200.202301161003/tools/bin/../lib/gcc/arm-none-eabi/10.3.1/../../../../arm-none-eabi/lib/thumb/v7-m/nofp\libc_nano.a(lib_a-memcpy-stub.o)
                0x000000000800ca88                memcpy
 .text.memset   0x000000000800caa4       0x10 c:/st/stm32cubeide_1.12.0/stm32cubeide/plugins/com.st.stm32cube.ide.mcu.externaltools.gnu-tools-for-stm32.10.3-2021.10.win32_1.0.200.202301161003/tools/bin/../lib/gcc/arm-none-eabi/10.3.1/../../../../arm-none-eabi/lib/thumb/v7-m/nofp\libc_nano.a(lib_a-memset.o)
                0x000000000800caa4                memset
 .text._free_r  0x000000000800cab4       0x90 c:/st/stm32cubeide_1.12.0/stm32cubeide/plugins/com.st.stm32cube.ide.mcu.externaltools.gnu-tools-for-stm32.10.3-2021.10.win32_1.0.200.202301161003/tools/bin/../lib/gcc/arm-none-eabi/10.3.1/../../../../arm-none-eabi/lib/thumb/v7-m/nofp\libc_nano.a(lib_a-nano-freer.o)
                0x000000000800cab4                _free_r
 .text.sbrk_aligned
                0x000000000800cb44       0x40 c:/st/stm32cubeide_1.12.0/stm32cubeide/plugins/com.st.stm32cube.ide.mcu.externaltools.gnu-tools-for-stm32.10.3-2021.10.win32_1.0.200.202301161003/tools/bin/../lib/gcc/arm-none-eabi/10.3.1/../../../../arm-none-eabi/lib/thumb/v7-m/nofp\libc_nano.a(lib_a-nano-mallocr.o)
 .text._malloc_r
                0x000000000800cb84       0xe8 c:/st/stm32cubeide_1.12.0/stm32cubeide/plugins/com.st.stm32cube.ide.mcu.externaltools.gnu-tools-for-stm32.10.3-2021.10.win32_1.0.200.202301161003/tools/bin/../lib/gcc/arm-none-eabi/10.3.1/../../../../arm-none-eabi/lib/thumb/v7-m/nofp\libc_nano.a(lib_a-nano-mallocr.o)
                0x000000000800cb84                _malloc_r
 .text.__cvt    0x000000000800cc6c       0xbe c:/st/stm32cubeide_1.12.0/stm32cubeide/plugins/com.st.stm32cube.ide.mcu.externaltools.gnu-tools-for-stm32.10.3-2021.10.win32_1.0.200.202301161003/tools/bin/../lib/gcc/arm-none-eabi/10.3.1/../../../../arm-none-eabi/lib/thumb/v7-m/nofp\libc_nano.a(lib_a-nano-vfprintf_float.o)
                0x000000000800cc6c                __cvt
 .text.__exponent
                0x000000000800cd2a       0x7c c:/st/stm32cubeide_1.12.0/stm32cubeide/plugins/com.st.stm32cube.ide.mcu.externaltools.gnu-tools-for-stm32.10.3-2021.10.win32_1.0.200.202301161003/tools/bin/../lib/gcc/arm-none-eabi/10.3.1/../../../../arm-none-eabi/lib/thumb/v7-m/nofp\libc_nano.a(lib_a-nano-vfprintf_float.o)
                0x000000000800cd2a                __exponent
 *fill*         0x000000000800cda6        0x2 
 .text._printf_float
                0x000000000800cda8      0x458 c:/st/stm32cubeide_1.12.0/stm32cubeide/plugins/com.st.stm32cube.ide.mcu.externaltools.gnu-tools-for-stm32.10.3-2021.10.win32_1.0.200.202301161003/tools/bin/../lib/gcc/arm-none-eabi/10.3.1/../../../../arm-none-eabi/lib/thumb/v7-m/nofp\libc_nano.a(lib_a-nano-vfprintf_float.o)
                0x000000000800cda8                _printf_float
 .text._printf_common
                0x000000000800d200       0xde c:/st/stm32cubeide_1.12.0/stm32cubeide/plugins/com.st.stm32cube.ide.mcu.externaltools.gnu-tools-for-stm32.10.3-2021.10.win32_1.0.200.202301161003/tools/bin/../lib/gcc/arm-none-eabi/10.3.1/../../../../arm-none-eabi/lib/thumb/v7-m/nofp\libc_nano.a(lib_a-nano-vfprintf_i.o)
                0x000000000800d200                _printf_common
 *fill*         0x000000000800d2de        0x2 
 .text._printf_i
                0x000000000800d2e0      0x24c c:/st/stm32cubeide_1.12.0/stm32cubeide/plugins/com.st.stm32cube.ide.mcu.externaltools.gnu-tools-for-stm32.10.3-2021.10.win32_1.0.200.202301161003/tools/bin/../lib/gcc/arm-none-eabi/10.3.1/../../../../arm-none-eabi/lib/thumb/v7-m/nofp\libc_nano.a(lib_a-nano-vfprintf_i.o)
                0x000000000800d2e0                _printf_i
 .text._scanf_float
                0x000000000800d52c      0x41c c:/st/stm32cubeide_1.12.0/stm32cubeide/plugins/com.st.stm32cube.ide.mcu.externaltools.gnu-tools-for-stm32.10.3-2021.10.win32_1.0.200.202301161003/tools/bin/../lib/gcc/arm-none-eabi/10.3.1/../../../../arm-none-eabi/lib/thumb/v7-m/nofp\libc_nano.a(lib_a-nano-vfscanf_float.o)
                0x000000000800d52c                _scanf_float
 .text._puts_r  0x000000000800d948       0xdc c:/st/stm32cubeide_1.12.0/stm32cubeide/plugins/com.st.stm32cube.ide.mcu.externaltools.gnu-tools-for-stm32.10.3-2021.10.win32_1.0.200.202301161003/tools/bin/../lib/gcc/arm-none-eabi/10.3.1/../../../../arm-none-eabi/lib/thumb/v7-m/nofp\libc_nano.a(lib_a-puts.o)
                0x000000000800d948                _puts_r
 .text.puts     0x000000000800da24       0x10 c:/st/stm32cubeide_1.12.0/stm32cubeide/plugins/com.st.stm32cube.ide.mcu.externaltools.gnu-tools-for-stm32.10.3-2021.10.win32_1.0.200.202301161003/tools/bin/../lib/gcc/arm-none-eabi/10.3.1/../../../../arm-none-eabi/lib/thumb/v7-m/nofp\libc_nano.a(lib_a-puts.o)
                0x000000000800da24                puts
 .text._sbrk_r  0x000000000800da34       0x20 c:/st/stm32cubeide_1.12.0/stm32cubeide/plugins/com.st.stm32cube.ide.mcu.externaltools.gnu-tools-for-stm32.10.3-2021.10.win32_1.0.200.202301161003/tools/bin/../lib/gcc/arm-none-eabi/10.3.1/../../../../arm-none-eabi/lib/thumb/v7-m/nofp\libc_nano.a(lib_a-sbrkr.o)
                0x000000000800da34                _sbrk_r
 .text.nanf     0x000000000800da54        0x8 c:/st/stm32cubeide_1.12.0/stm32cubeide/plugins/com.st.stm32cube.ide.mcu.externaltools.gnu-tools-for-stm32.10.3-2021.10.win32_1.0.200.202301161003/tools/bin/../lib/gcc/arm-none-eabi/10.3.1/../../../../arm-none-eabi/lib/thumb/v7-m/nofp\libc_nano.a(lib_a-sf_nan.o)
                0x000000000800da54                nanf
 .text.sprintf  0x000000000800da5c       0x40 c:/st/stm32cubeide_1.12.0/stm32cubeide/plugins/com.st.stm32cube.ide.mcu.externaltools.gnu-tools-for-stm32.10.3-2021.10.win32_1.0.200.202301161003/tools/bin/../lib/gcc/arm-none-eabi/10.3.1/../../../../arm-none-eabi/lib/thumb/v7-m/nofp\libc_nano.a(lib_a-sprintf.o)
                0x000000000800da5c                siprintf
                0x000000000800da5c                sprintf
 .text.strstr   0x000000000800da9c       0x2c c:/st/stm32cubeide_1.12.0/stm32cubeide/plugins/com.st.stm32cube.ide.mcu.externaltools.gnu-tools-for-stm32.10.3-2021.10.win32_1.0.200.202301161003/tools/bin/../lib/gcc/arm-none-eabi/10.3.1/../../../../arm-none-eabi/lib/thumb/v7-m/nofp\libc_nano.a(lib_a-strstr.o)
                0x000000000800da9c                strstr
 .text.sulp     0x000000000800dac8       0x42 c:/st/stm32cubeide_1.12.0/stm32cubeide/plugins/com.st.stm32cube.ide.mcu.externaltools.gnu-tools-for-stm32.10.3-2021.10.win32_1.0.200.202301161003/tools/bin/../lib/gcc/arm-none-eabi/10.3.1/../../../../arm-none-eabi/lib/thumb/v7-m/nofp\libc_nano.a(lib_a-strtod.o)
 *fill*         0x000000000800db0a        0x6 
 .text._strtod_l
                0x000000000800db10      0xbd0 c:/st/stm32cubeide_1.12.0/stm32cubeide/plugins/com.st.stm32cube.ide.mcu.externaltools.gnu-tools-for-stm32.10.3-2021.10.win32_1.0.200.202301161003/tools/bin/../lib/gcc/arm-none-eabi/10.3.1/../../../../arm-none-eabi/lib/thumb/v7-m/nofp\libc_nano.a(lib_a-strtod.o)
                0x000000000800db10                _strtod_l
 .text._strtod_r
                0x000000000800e6e0        0xc c:/st/stm32cubeide_1.12.0/stm32cubeide/plugins/com.st.stm32cube.ide.mcu.externaltools.gnu-tools-for-stm32.10.3-2021.10.win32_1.0.200.202301161003/tools/bin/../lib/gcc/arm-none-eabi/10.3.1/../../../../arm-none-eabi/lib/thumb/v7-m/nofp\libc_nano.a(lib_a-strtod.o)
                0x000000000800e6e0                _strtod_r
 .text._strtol_l.constprop.0
                0x000000000800e6ec       0xf8 c:/st/stm32cubeide_1.12.0/stm32cubeide/plugins/com.st.stm32cube.ide.mcu.externaltools.gnu-tools-for-stm32.10.3-2021.10.win32_1.0.200.202301161003/tools/bin/../lib/gcc/arm-none-eabi/10.3.1/../../../../arm-none-eabi/lib/thumb/v7-m/nofp\libc_nano.a(lib_a-strtol.o)
 .text._strtol_r
                0x000000000800e7e4        0x4 c:/st/stm32cubeide_1.12.0/stm32cubeide/plugins/com.st.stm32cube.ide.mcu.externaltools.gnu-tools-for-stm32.10.3-2021.10.win32_1.0.200.202301161003/tools/bin/../lib/gcc/arm-none-eabi/10.3.1/../../../../arm-none-eabi/lib/thumb/v7-m/nofp\libc_nano.a(lib_a-strtol.o)
                0x000000000800e7e4                _strtol_r
 .text.__swbuf_r
                0x000000000800e7e8       0xa4 c:/st/stm32cubeide_1.12.0/stm32cubeide/plugins/com.st.stm32cube.ide.mcu.externaltools.gnu-tools-for-stm32.10.3-2021.10.win32_1.0.200.202301161003/tools/bin/../lib/gcc/arm-none-eabi/10.3.1/../../../../arm-none-eabi/lib/thumb/v7-m/nofp\libc_nano.a(lib_a-wbuf.o)
                0x000000000800e7e8                __swbuf_r
 .text.__swsetup_r
                0x000000000800e88c       0xdc c:/st/stm32cubeide_1.12.0/stm32cubeide/plugins/com.st.stm32cube.ide.mcu.externaltools.gnu-tools-for-stm32.10.3-2021.10.win32_1.0.200.202301161003/tools/bin/../lib/gcc/arm-none-eabi/10.3.1/../../../../arm-none-eabi/lib/thumb/v7-m/nofp\libc_nano.a(lib_a-wsetup.o)
                0x000000000800e88c                __swsetup_r
 .text.quorem   0x000000000800e968      0x118 c:/st/stm32cubeide_1.12.0/stm32cubeide/plugins/com.st.stm32cube.ide.mcu.externaltools.gnu-tools-for-stm32.10.3-2021.10.win32_1.0.200.202301161003/tools/bin/../lib/gcc/arm-none-eabi/10.3.1/../../../../arm-none-eabi/lib/thumb/v7-m/nofp\libc_nano.a(lib_a-dtoa.o)
 .text._dtoa_r  0x000000000800ea80      0xbdc c:/st/stm32cubeide_1.12.0/stm32cubeide/plugins/com.st.stm32cube.ide.mcu.externaltools.gnu-tools-for-stm32.10.3-2021.10.win32_1.0.200.202301161003/tools/bin/../lib/gcc/arm-none-eabi/10.3.1/../../../../arm-none-eabi/lib/thumb/v7-m/nofp\libc_nano.a(lib_a-dtoa.o)
                0x000000000800ea80                _dtoa_r
 .text.__sflush_r
                0x000000000800f65c      0x104 c:/st/stm32cubeide_1.12.0/stm32cubeide/plugins/com.st.stm32cube.ide.mcu.externaltools.gnu-tools-for-stm32.10.3-2021.10.win32_1.0.200.202301161003/tools/bin/../lib/gcc/arm-none-eabi/10.3.1/../../../../arm-none-eabi/lib/thumb/v7-m/nofp\libc_nano.a(lib_a-fflush.o)
                0x000000000800f65c                __sflush_r
 .text._fflush_r
                0x000000000800f760       0x78 c:/st/stm32cubeide_1.12.0/stm32cubeide/plugins/com.st.stm32cube.ide.mcu.externaltools.gnu-tools-for-stm32.10.3-2021.10.win32_1.0.200.202301161003/tools/bin/../lib/gcc/arm-none-eabi/10.3.1/../../../../arm-none-eabi/lib/thumb/v7-m/nofp\libc_nano.a(lib_a-fflush.o)
                0x000000000800f760                _fflush_r
 .text.std      0x000000000800f7d8       0x48 c:/st/stm32cubeide_1.12.0/stm32cubeide/plugins/com.st.stm32cube.ide.mcu.externaltools.gnu-tools-for-stm32.10.3-2021.10.win32_1.0.200.202301161003/tools/bin/../lib/gcc/arm-none-eabi/10.3.1/../../../../arm-none-eabi/lib/thumb/v7-m/nofp\libc_nano.a(lib_a-findfp.o)
 .text._cleanup_r
                0x000000000800f820        0xc c:/st/stm32cubeide_1.12.0/stm32cubeide/plugins/com.st.stm32cube.ide.mcu.externaltools.gnu-tools-for-stm32.10.3-2021.10.win32_1.0.200.202301161003/tools/bin/../lib/gcc/arm-none-eabi/10.3.1/../../../../arm-none-eabi/lib/thumb/v7-m/nofp\libc_nano.a(lib_a-findfp.o)
                0x000000000800f820                _cleanup_r
 .text.__sfmoreglue
                0x000000000800f82c       0x2c c:/st/stm32cubeide_1.12.0/stm32cubeide/plugins/com.st.stm32cube.ide.mcu.externaltools.gnu-tools-for-stm32.10.3-2021.10.win32_1.0.200.202301161003/tools/bin/../lib/gcc/arm-none-eabi/10.3.1/../../../../arm-none-eabi/lib/thumb/v7-m/nofp\libc_nano.a(lib_a-findfp.o)
                0x000000000800f82c                __sfmoreglue
 .text.__sfp_lock_acquire
                0x000000000800f858        0xc c:/st/stm32cubeide_1.12.0/stm32cubeide/plugins/com.st.stm32cube.ide.mcu.externaltools.gnu-tools-for-stm32.10.3-2021.10.win32_1.0.200.202301161003/tools/bin/../lib/gcc/arm-none-eabi/10.3.1/../../../../arm-none-eabi/lib/thumb/v7-m/nofp\libc_nano.a(lib_a-findfp.o)
                0x000000000800f858                __sfp_lock_acquire
 .text.__sfp_lock_release
                0x000000000800f864        0xc c:/st/stm32cubeide_1.12.0/stm32cubeide/plugins/com.st.stm32cube.ide.mcu.externaltools.gnu-tools-for-stm32.10.3-2021.10.win32_1.0.200.202301161003/tools/bin/../lib/gcc/arm-none-eabi/10.3.1/../../../../arm-none-eabi/lib/thumb/v7-m/nofp\libc_nano.a(lib_a-findfp.o)
                0x000000000800f864                __sfp_lock_release
 .text.__sinit_lock_acquire
                0x000000000800f870        0xc c:/st/stm32cubeide_1.12.0/stm32cubeide/plugins/com.st.stm32cube.ide.mcu.externaltools.gnu-tools-for-stm32.10.3-2021.10.win32_1.0.200.202301161003/tools/bin/../lib/gcc/arm-none-eabi/10.3.1/../../../../arm-none-eabi/lib/thumb/v7-m/nofp\libc_nano.a(lib_a-findfp.o)
                0x000000000800f870                __sinit_lock_acquire
 .text.__sinit_lock_release
                0x000000000800f87c        0xc c:/st/stm32cubeide_1.12.0/stm32cubeide/plugins/com.st.stm32cube.ide.mcu.externaltools.gnu-tools-for-stm32.10.3-2021.10.win32_1.0.200.202301161003/tools/bin/../lib/gcc/arm-none-eabi/10.3.1/../../../../arm-none-eabi/lib/thumb/v7-m/nofp\libc_nano.a(lib_a-findfp.o)
                0x000000000800f87c                __sinit_lock_release
 .text.__sinit  0x000000000800f888       0x70 c:/st/stm32cubeide_1.12.0/stm32cubeide/plugins/com.st.stm32cube.ide.mcu.externaltools.gnu-tools-for-stm32.10.3-2021.10.win32_1.0.200.202301161003/tools/bin/../lib/gcc/arm-none-eabi/10.3.1/../../../../arm-none-eabi/lib/thumb/v7-m/nofp\libc_nano.a(lib_a-findfp.o)
                0x000000000800f888                __sinit
 .text.__sfp    0x000000000800f8f8       0x8c c:/st/stm32cubeide_1.12.0/stm32cubeide/plugins/com.st.stm32cube.ide.mcu.externaltools.gnu-tools-for-stm32.10.3-2021.10.win32_1.0.200.202301161003/tools/bin/../lib/gcc/arm-none-eabi/10.3.1/../../../../arm-none-eabi/lib/thumb/v7-m/nofp\libc_nano.a(lib_a-findfp.o)
                0x000000000800f8f8                __sfp
 .text._fwalk_reent
                0x000000000800f984       0x3e c:/st/stm32cubeide_1.12.0/stm32cubeide/plugins/com.st.stm32cube.ide.mcu.externaltools.gnu-tools-for-stm32.10.3-2021.10.win32_1.0.200.202301161003/tools/bin/../lib/gcc/arm-none-eabi/10.3.1/../../../../arm-none-eabi/lib/thumb/v7-m/nofp\libc_nano.a(lib_a-fwalk.o)
                0x000000000800f984                _fwalk_reent
 .text.rshift   0x000000000800f9c2       0xa6 c:/st/stm32cubeide_1.12.0/stm32cubeide/plugins/com.st.stm32cube.ide.mcu.externaltools.gnu-tools-for-stm32.10.3-2021.10.win32_1.0.200.202301161003/tools/bin/../lib/gcc/arm-none-eabi/10.3.1/../../../../arm-none-eabi/lib/thumb/v7-m/nofp\libc_nano.a(lib_a-gdtoa-gethex.o)
 .text.__hexdig_fun
                0x000000000800fa68       0x2a c:/st/stm32cubeide_1.12.0/stm32cubeide/plugins/com.st.stm32cube.ide.mcu.externaltools.gnu-tools-for-stm32.10.3-2021.10.win32_1.0.200.202301161003/tools/bin/../lib/gcc/arm-none-eabi/10.3.1/../../../../arm-none-eabi/lib/thumb/v7-m/nofp\libc_nano.a(lib_a-gdtoa-gethex.o)
                0x000000000800fa68                __hexdig_fun
 *fill*         0x000000000800fa92        0x2 
 .text.__gethex
                0x000000000800fa94      0x478 c:/st/stm32cubeide_1.12.0/stm32cubeide/plugins/com.st.stm32cube.ide.mcu.externaltools.gnu-tools-for-stm32.10.3-2021.10.win32_1.0.200.202301161003/tools/bin/../lib/gcc/arm-none-eabi/10.3.1/../../../../arm-none-eabi/lib/thumb/v7-m/nofp\libc_nano.a(lib_a-gdtoa-gethex.o)
                0x000000000800fa94                __gethex
 .text.L_shift  0x000000000800ff0c       0x24 c:/st/stm32cubeide_1.12.0/stm32cubeide/plugins/com.st.stm32cube.ide.mcu.externaltools.gnu-tools-for-stm32.10.3-2021.10.win32_1.0.200.202301161003/tools/bin/../lib/gcc/arm-none-eabi/10.3.1/../../../../arm-none-eabi/lib/thumb/v7-m/nofp\libc_nano.a(lib_a-gdtoa-hexnan.o)
 .text.__match  0x000000000800ff30       0x28 c:/st/stm32cubeide_1.12.0/stm32cubeide/plugins/com.st.stm32cube.ide.mcu.externaltools.gnu-tools-for-stm32.10.3-2021.10.win32_1.0.200.202301161003/tools/bin/../lib/gcc/arm-none-eabi/10.3.1/../../../../arm-none-eabi/lib/thumb/v7-m/nofp\libc_nano.a(lib_a-gdtoa-hexnan.o)
                0x000000000800ff30                __match
 .text.__hexnan
                0x000000000800ff58      0x138 c:/st/stm32cubeide_1.12.0/stm32cubeide/plugins/com.st.stm32cube.ide.mcu.externaltools.gnu-tools-for-stm32.10.3-2021.10.win32_1.0.200.202301161003/tools/bin/../lib/gcc/arm-none-eabi/10.3.1/../../../../arm-none-eabi/lib/thumb/v7-m/nofp\libc_nano.a(lib_a-gdtoa-hexnan.o)
                0x000000000800ff58                __hexnan
 .text._localeconv_r
                0x0000000008010090        0x8 c:/st/stm32cubeide_1.12.0/stm32cubeide/plugins/com.st.stm32cube.ide.mcu.externaltools.gnu-tools-for-stm32.10.3-2021.10.win32_1.0.200.202301161003/tools/bin/../lib/gcc/arm-none-eabi/10.3.1/../../../../arm-none-eabi/lib/thumb/v7-m/nofp\libc_nano.a(lib_a-localeconv.o)
                0x0000000008010090                _localeconv_r
 .text.__retarget_lock_init_recursive
                0x0000000008010098        0x2 c:/st/stm32cubeide_1.12.0/stm32cubeide/plugins/com.st.stm32cube.ide.mcu.externaltools.gnu-tools-for-stm32.10.3-2021.10.win32_1.0.200.202301161003/tools/bin/../lib/gcc/arm-none-eabi/10.3.1/../../../../arm-none-eabi/lib/thumb/v7-m/nofp\libc_nano.a(lib_a-lock.o)
                0x0000000008010098                __retarget_lock_init_recursive
 .text.__retarget_lock_acquire_recursive
                0x000000000801009a        0x2 c:/st/stm32cubeide_1.12.0/stm32cubeide/plugins/com.st.stm32cube.ide.mcu.externaltools.gnu-tools-for-stm32.10.3-2021.10.win32_1.0.200.202301161003/tools/bin/../lib/gcc/arm-none-eabi/10.3.1/../../../../arm-none-eabi/lib/thumb/v7-m/nofp\libc_nano.a(lib_a-lock.o)
                0x000000000801009a                __retarget_lock_acquire_recursive
 .text.__retarget_lock_release_recursive
                0x000000000801009c        0x2 c:/st/stm32cubeide_1.12.0/stm32cubeide/plugins/com.st.stm32cube.ide.mcu.externaltools.gnu-tools-for-stm32.10.3-2021.10.win32_1.0.200.202301161003/tools/bin/../lib/gcc/arm-none-eabi/10.3.1/../../../../arm-none-eabi/lib/thumb/v7-m/nofp\libc_nano.a(lib_a-lock.o)
                0x000000000801009c                __retarget_lock_release_recursive
 .text.__swhatbuf_r
                0x000000000801009e       0x4a c:/st/stm32cubeide_1.12.0/stm32cubeide/plugins/com.st.stm32cube.ide.mcu.externaltools.gnu-tools-for-stm32.10.3-2021.10.win32_1.0.200.202301161003/tools/bin/../lib/gcc/arm-none-eabi/10.3.1/../../../../arm-none-eabi/lib/thumb/v7-m/nofp\libc_nano.a(lib_a-makebuf.o)
                0x000000000801009e                __swhatbuf_r
 .text.__smakebuf_r
                0x00000000080100e8       0x80 c:/st/stm32cubeide_1.12.0/stm32cubeide/plugins/com.st.stm32cube.ide.mcu.externaltools.gnu-tools-for-stm32.10.3-2021.10.win32_1.0.200.202301161003/tools/bin/../lib/gcc/arm-none-eabi/10.3.1/../../../../arm-none-eabi/lib/thumb/v7-m/nofp\libc_nano.a(lib_a-makebuf.o)
                0x00000000080100e8                __smakebuf_r
 .text.__ascii_mbtowc
                0x0000000008010168       0x24 c:/st/stm32cubeide_1.12.0/stm32cubeide/plugins/com.st.stm32cube.ide.mcu.externaltools.gnu-tools-for-stm32.10.3-2021.10.win32_1.0.200.202301161003/tools/bin/../lib/gcc/arm-none-eabi/10.3.1/../../../../arm-none-eabi/lib/thumb/v7-m/nofp\libc_nano.a(lib_a-mbtowc_r.o)
                0x0000000008010168                __ascii_mbtowc
 .text.memchr   0x000000000801018c       0x1c c:/st/stm32cubeide_1.12.0/stm32cubeide/plugins/com.st.stm32cube.ide.mcu.externaltools.gnu-tools-for-stm32.10.3-2021.10.win32_1.0.200.202301161003/tools/bin/../lib/gcc/arm-none-eabi/10.3.1/../../../../arm-none-eabi/lib/thumb/v7-m/nofp\libc_nano.a(lib_a-memchr-stub.o)
                0x000000000801018c                memchr
 .text.__malloc_lock
                0x00000000080101a8        0xc c:/st/stm32cubeide_1.12.0/stm32cubeide/plugins/com.st.stm32cube.ide.mcu.externaltools.gnu-tools-for-stm32.10.3-2021.10.win32_1.0.200.202301161003/tools/bin/../lib/gcc/arm-none-eabi/10.3.1/../../../../arm-none-eabi/lib/thumb/v7-m/nofp\libc_nano.a(lib_a-mlock.o)
                0x00000000080101a8                __malloc_lock
 .text.__malloc_unlock
                0x00000000080101b4        0xc c:/st/stm32cubeide_1.12.0/stm32cubeide/plugins/com.st.stm32cube.ide.mcu.externaltools.gnu-tools-for-stm32.10.3-2021.10.win32_1.0.200.202301161003/tools/bin/../lib/gcc/arm-none-eabi/10.3.1/../../../../arm-none-eabi/lib/thumb/v7-m/nofp\libc_nano.a(lib_a-mlock.o)
                0x00000000080101b4                __malloc_unlock
 .text._Balloc  0x00000000080101c0       0x80 c:/st/stm32cubeide_1.12.0/stm32cubeide/plugins/com.st.stm32cube.ide.mcu.externaltools.gnu-tools-for-stm32.10.3-2021.10.win32_1.0.200.202301161003/tools/bin/../lib/gcc/arm-none-eabi/10.3.1/../../../../arm-none-eabi/lib/thumb/v7-m/nofp\libc_nano.a(lib_a-mprec.o)
                0x00000000080101c0                _Balloc
 .text._Bfree   0x0000000008010240       0x44 c:/st/stm32cubeide_1.12.0/stm32cubeide/plugins/com.st.stm32cube.ide.mcu.externaltools.gnu-tools-for-stm32.10.3-2021.10.win32_1.0.200.202301161003/tools/bin/../lib/gcc/arm-none-eabi/10.3.1/../../../../arm-none-eabi/lib/thumb/v7-m/nofp\libc_nano.a(lib_a-mprec.o)
                0x0000000008010240                _Bfree
 .text.__multadd
                0x0000000008010284       0x8c c:/st/stm32cubeide_1.12.0/stm32cubeide/plugins/com.st.stm32cube.ide.mcu.externaltools.gnu-tools-for-stm32.10.3-2021.10.win32_1.0.200.202301161003/tools/bin/../lib/gcc/arm-none-eabi/10.3.1/../../../../arm-none-eabi/lib/thumb/v7-m/nofp\libc_nano.a(lib_a-mprec.o)
                0x0000000008010284                __multadd
 .text.__s2b    0x0000000008010310       0x94 c:/st/stm32cubeide_1.12.0/stm32cubeide/plugins/com.st.stm32cube.ide.mcu.externaltools.gnu-tools-for-stm32.10.3-2021.10.win32_1.0.200.202301161003/tools/bin/../lib/gcc/arm-none-eabi/10.3.1/../../../../arm-none-eabi/lib/thumb/v7-m/nofp\libc_nano.a(lib_a-mprec.o)
                0x0000000008010310                __s2b
 .text.__hi0bits
                0x00000000080103a4       0x40 c:/st/stm32cubeide_1.12.0/stm32cubeide/plugins/com.st.stm32cube.ide.mcu.externaltools.gnu-tools-for-stm32.10.3-2021.10.win32_1.0.200.202301161003/tools/bin/../lib/gcc/arm-none-eabi/10.3.1/../../../../arm-none-eabi/lib/thumb/v7-m/nofp\libc_nano.a(lib_a-mprec.o)
                0x00000000080103a4                __hi0bits
 .text.__lo0bits
                0x00000000080103e4       0x5a c:/st/stm32cubeide_1.12.0/stm32cubeide/plugins/com.st.stm32cube.ide.mcu.externaltools.gnu-tools-for-stm32.10.3-2021.10.win32_1.0.200.202301161003/tools/bin/../lib/gcc/arm-none-eabi/10.3.1/../../../../arm-none-eabi/lib/thumb/v7-m/nofp\libc_nano.a(lib_a-mprec.o)
                0x00000000080103e4                __lo0bits
 *fill*         0x000000000801043e        0x2 
 .text.__i2b    0x0000000008010440       0x2c c:/st/stm32cubeide_1.12.0/stm32cubeide/plugins/com.st.stm32cube.ide.mcu.externaltools.gnu-tools-for-stm32.10.3-2021.10.win32_1.0.200.202301161003/tools/bin/../lib/gcc/arm-none-eabi/10.3.1/../../../../arm-none-eabi/lib/thumb/v7-m/nofp\libc_nano.a(lib_a-mprec.o)
                0x0000000008010440                __i2b
 .text.__multiply
                0x000000000801046c      0x150 c:/st/stm32cubeide_1.12.0/stm32cubeide/plugins/com.st.stm32cube.ide.mcu.externaltools.gnu-tools-for-stm32.10.3-2021.10.win32_1.0.200.202301161003/tools/bin/../lib/gcc/arm-none-eabi/10.3.1/../../../../arm-none-eabi/lib/thumb/v7-m/nofp\libc_nano.a(lib_a-mprec.o)
                0x000000000801046c                __multiply
 .text.__pow5mult
                0x00000000080105bc       0xb4 c:/st/stm32cubeide_1.12.0/stm32cubeide/plugins/com.st.stm32cube.ide.mcu.externaltools.gnu-tools-for-stm32.10.3-2021.10.win32_1.0.200.202301161003/tools/bin/../lib/gcc/arm-none-eabi/10.3.1/../../../../arm-none-eabi/lib/thumb/v7-m/nofp\libc_nano.a(lib_a-mprec.o)
                0x00000000080105bc                __pow5mult
 .text.__lshift
                0x0000000008010670       0xe0 c:/st/stm32cubeide_1.12.0/stm32cubeide/plugins/com.st.stm32cube.ide.mcu.externaltools.gnu-tools-for-stm32.10.3-2021.10.win32_1.0.200.202301161003/tools/bin/../lib/gcc/arm-none-eabi/10.3.1/../../../../arm-none-eabi/lib/thumb/v7-m/nofp\libc_nano.a(lib_a-mprec.o)
                0x0000000008010670                __lshift
 .text.__mcmp   0x0000000008010750       0x36 c:/st/stm32cubeide_1.12.0/stm32cubeide/plugins/com.st.stm32cube.ide.mcu.externaltools.gnu-tools-for-stm32.10.3-2021.10.win32_1.0.200.202301161003/tools/bin/../lib/gcc/arm-none-eabi/10.3.1/../../../../arm-none-eabi/lib/thumb/v7-m/nofp\libc_nano.a(lib_a-mprec.o)
                0x0000000008010750                __mcmp
 *fill*         0x0000000008010786        0x2 
 .text.__mdiff  0x0000000008010788      0x118 c:/st/stm32cubeide_1.12.0/stm32cubeide/plugins/com.st.stm32cube.ide.mcu.externaltools.gnu-tools-for-stm32.10.3-2021.10.win32_1.0.200.202301161003/tools/bin/../lib/gcc/arm-none-eabi/10.3.1/../../../../arm-none-eabi/lib/thumb/v7-m/nofp\libc_nano.a(lib_a-mprec.o)
                0x0000000008010788                __mdiff
 .text.__ulp    0x00000000080108a0       0x4c c:/st/stm32cubeide_1.12.0/stm32cubeide/plugins/com.st.stm32cube.ide.mcu.externaltools.gnu-tools-for-stm32.10.3-2021.10.win32_1.0.200.202301161003/tools/bin/../lib/gcc/arm-none-eabi/10.3.1/../../../../arm-none-eabi/lib/thumb/v7-m/nofp\libc_nano.a(lib_a-mprec.o)
                0x00000000080108a0                __ulp
 .text.__b2d    0x00000000080108ec       0xa8 c:/st/stm32cubeide_1.12.0/stm32cubeide/plugins/com.st.stm32cube.ide.mcu.externaltools.gnu-tools-for-stm32.10.3-2021.10.win32_1.0.200.202301161003/tools/bin/../lib/gcc/arm-none-eabi/10.3.1/../../../../arm-none-eabi/lib/thumb/v7-m/nofp\libc_nano.a(lib_a-mprec.o)
                0x00000000080108ec                __b2d
 .text.__d2b    0x0000000008010994       0xb8 c:/st/stm32cubeide_1.12.0/stm32cubeide/plugins/com.st.stm32cube.ide.mcu.externaltools.gnu-tools-for-stm32.10.3-2021.10.win32_1.0.200.202301161003/tools/bin/../lib/gcc/arm-none-eabi/10.3.1/../../../../arm-none-eabi/lib/thumb/v7-m/nofp\libc_nano.a(lib_a-mprec.o)
                0x0000000008010994                __d2b
 .text.__ratio  0x0000000008010a4c       0x5c c:/st/stm32cubeide_1.12.0/stm32cubeide/plugins/com.st.stm32cube.ide.mcu.externaltools.gnu-tools-for-stm32.10.3-2021.10.win32_1.0.200.202301161003/tools/bin/../lib/gcc/arm-none-eabi/10.3.1/../../../../arm-none-eabi/lib/thumb/v7-m/nofp\libc_nano.a(lib_a-mprec.o)
                0x0000000008010a4c                __ratio
 .text.__copybits
                0x0000000008010aa8       0x46 c:/st/stm32cubeide_1.12.0/stm32cubeide/plugins/com.st.stm32cube.ide.mcu.externaltools.gnu-tools-for-stm32.10.3-2021.10.win32_1.0.200.202301161003/tools/bin/../lib/gcc/arm-none-eabi/10.3.1/../../../../arm-none-eabi/lib/thumb/v7-m/nofp\libc_nano.a(lib_a-mprec.o)
                0x0000000008010aa8                __copybits
 .text.__any_on
                0x0000000008010aee       0x42 c:/st/stm32cubeide_1.12.0/stm32cubeide/plugins/com.st.stm32cube.ide.mcu.externaltools.gnu-tools-for-stm32.10.3-2021.10.win32_1.0.200.202301161003/tools/bin/../lib/gcc/arm-none-eabi/10.3.1/../../../../arm-none-eabi/lib/thumb/v7-m/nofp\libc_nano.a(lib_a-mprec.o)
                0x0000000008010aee                __any_on
 .text._calloc_r
                0x0000000008010b30       0x28 c:/st/stm32cubeide_1.12.0/stm32cubeide/plugins/com.st.stm32cube.ide.mcu.externaltools.gnu-tools-for-stm32.10.3-2021.10.win32_1.0.200.202301161003/tools/bin/../lib/gcc/arm-none-eabi/10.3.1/../../../../arm-none-eabi/lib/thumb/v7-m/nofp\libc_nano.a(lib_a-nano-callocr.o)
                0x0000000008010b30                _calloc_r
 .text.__ssputs_r
                0x0000000008010b58       0xb6 c:/st/stm32cubeide_1.12.0/stm32cubeide/plugins/com.st.stm32cube.ide.mcu.externaltools.gnu-tools-for-stm32.10.3-2021.10.win32_1.0.200.202301161003/tools/bin/../lib/gcc/arm-none-eabi/10.3.1/../../../../arm-none-eabi/lib/thumb/v7-m/nofp\libc_nano.a(lib_a-nano-svfprintf.o)
                0x0000000008010b58                __ssputs_r
 *fill*         0x0000000008010c0e        0x2 
 .text._svfprintf_r
                0x0000000008010c10      0x200 c:/st/stm32cubeide_1.12.0/stm32cubeide/plugins/com.st.stm32cube.ide.mcu.externaltools.gnu-tools-for-stm32.10.3-2021.10.win32_1.0.200.202301161003/tools/bin/../lib/gcc/arm-none-eabi/10.3.1/../../../../arm-none-eabi/lib/thumb/v7-m/nofp\libc_nano.a(lib_a-nano-svfprintf.o)
                0x0000000008010c10                _svfiprintf_r
                0x0000000008010c10                _svfprintf_r
 .text.nan      0x0000000008010e10        0xc c:/st/stm32cubeide_1.12.0/stm32cubeide/plugins/com.st.stm32cube.ide.mcu.externaltools.gnu-tools-for-stm32.10.3-2021.10.win32_1.0.200.202301161003/tools/bin/../lib/gcc/arm-none-eabi/10.3.1/../../../../arm-none-eabi/lib/thumb/v7-m/nofp\libc_nano.a(lib_a-s_nan.o)
                0x0000000008010e10                nan
 .text.__sread  0x0000000008010e1c       0x22 c:/st/stm32cubeide_1.12.0/stm32cubeide/plugins/com.st.stm32cube.ide.mcu.externaltools.gnu-tools-for-stm32.10.3-2021.10.win32_1.0.200.202301161003/tools/bin/../lib/gcc/arm-none-eabi/10.3.1/../../../../arm-none-eabi/lib/thumb/v7-m/nofp\libc_nano.a(lib_a-stdio.o)
                0x0000000008010e1c                __sread
 .text.__swrite
                0x0000000008010e3e       0x38 c:/st/stm32cubeide_1.12.0/stm32cubeide/plugins/com.st.stm32cube.ide.mcu.externaltools.gnu-tools-for-stm32.10.3-2021.10.win32_1.0.200.202301161003/tools/bin/../lib/gcc/arm-none-eabi/10.3.1/../../../../arm-none-eabi/lib/thumb/v7-m/nofp\libc_nano.a(lib_a-stdio.o)
                0x0000000008010e3e                __swrite
 .text.__sseek  0x0000000008010e76       0x24 c:/st/stm32cubeide_1.12.0/stm32cubeide/plugins/com.st.stm32cube.ide.mcu.externaltools.gnu-tools-for-stm32.10.3-2021.10.win32_1.0.200.202301161003/tools/bin/../lib/gcc/arm-none-eabi/10.3.1/../../../../arm-none-eabi/lib/thumb/v7-m/nofp\libc_nano.a(lib_a-stdio.o)
                0x0000000008010e76                __sseek
 .text.__sclose
                0x0000000008010e9a        0x8 c:/st/stm32cubeide_1.12.0/stm32cubeide/plugins/com.st.stm32cube.ide.mcu.externaltools.gnu-tools-for-stm32.10.3-2021.10.win32_1.0.200.202301161003/tools/bin/../lib/gcc/arm-none-eabi/10.3.1/../../../../arm-none-eabi/lib/thumb/v7-m/nofp\libc_nano.a(lib_a-stdio.o)
                0x0000000008010e9a                __sclose
 .text.strncmp  0x0000000008010ea2       0x28 c:/st/stm32cubeide_1.12.0/stm32cubeide/plugins/com.st.stm32cube.ide.mcu.externaltools.gnu-tools-for-stm32.10.3-2021.10.win32_1.0.200.202301161003/tools/bin/../lib/gcc/arm-none-eabi/10.3.1/../../../../arm-none-eabi/lib/thumb/v7-m/nofp\libc_nano.a(lib_a-strncmp.o)
                0x0000000008010ea2                strncmp
 .text.__ascii_wctomb
                0x0000000008010eca       0x1a c:/st/stm32cubeide_1.12.0/stm32cubeide/plugins/com.st.stm32cube.ide.mcu.externaltools.gnu-tools-for-stm32.10.3-2021.10.win32_1.0.200.202301161003/tools/bin/../lib/gcc/arm-none-eabi/10.3.1/../../../../arm-none-eabi/lib/thumb/v7-m/nofp\libc_nano.a(lib_a-wctomb_r.o)
                0x0000000008010eca                __ascii_wctomb
 .text._write_r
                0x0000000008010ee4       0x24 c:/st/stm32cubeide_1.12.0/stm32cubeide/plugins/com.st.stm32cube.ide.mcu.externaltools.gnu-tools-for-stm32.10.3-2021.10.win32_1.0.200.202301161003/tools/bin/../lib/gcc/arm-none-eabi/10.3.1/../../../../arm-none-eabi/lib/thumb/v7-m/nofp\libc_nano.a(lib_a-writer.o)
                0x0000000008010ee4                _write_r
 .text.__assert_func
                0x0000000008010f08       0x3c c:/st/stm32cubeide_1.12.0/stm32cubeide/plugins/com.st.stm32cube.ide.mcu.externaltools.gnu-tools-for-stm32.10.3-2021.10.win32_1.0.200.202301161003/tools/bin/../lib/gcc/arm-none-eabi/10.3.1/../../../../arm-none-eabi/lib/thumb/v7-m/nofp\libc_nano.a(lib_a-assert.o)
                0x0000000008010f08                __assert_func
 .text._close_r