Archive member included to satisfy reference by file (symbol)

c:/st/stm32cubeide_1.12.0/stm32cubeide/plugins/com.st.stm32cube.ide.mcu.externaltools.gnu-tools-for-stm32.10.3-2021.10.win32_1.0.200.202301161003/tools/bin/../lib/gcc/arm-none-eabi/10.3.1/../../../../arm-none-eabi/lib/thumb/v7-m/nofp\libc_nano.a(lib_a-errno.o)
                              ./Core/Src/syscalls.o (__errno)
c:/st/stm32cubeide_1.12.0/stm32cubeide/plugins/com.st.stm32cube.ide.mcu.externaltools.gnu-tools-for-stm32.10.3-2021.10.win32_1.0.200.202301161003/tools/bin/../lib/gcc/arm-none-eabi/10.3.1/../../../../arm-none-eabi/lib/thumb/v7-m/nofp\libc_nano.a(lib_a-exit.o)
                              c:/st/stm32cubeide_1.12.0/stm32cubeide/plugins/com.st.stm32cube.ide.mcu.externaltools.gnu-tools-for-stm32.10.3-2021.10.win32_1.0.200.202301161003/tools/bin/../lib/gcc/arm-none-eabi/10.3.1/../../../../arm-none-eabi/lib/thumb/v7-m/nofp/crt0.o (exit)
c:/st/stm32cubeide_1.12.0/stm32cubeide/plugins/com.st.stm32cube.ide.mcu.externaltools.gnu-tools-for-stm32.10.3-2021.10.win32_1.0.200.202301161003/tools/bin/../lib/gcc/arm-none-eabi/10.3.1/../../../../arm-none-eabi/lib/thumb/v7-m/nofp\libc_nano.a(lib_a-impure.o)
                              c:/st/stm32cubeide_1.12.0/stm32cubeide/plugins/com.st.stm32cube.ide.mcu.externaltools.gnu-tools-for-stm32.10.3-2021.10.win32_1.0.200.202301161003/tools/bin/../lib/gcc/arm-none-eabi/10.3.1/../../../../arm-none-eabi/lib/thumb/v7-m/nofp\libc_nano.a(lib_a-exit.o) (_global_impure_ptr)
c:/st/stm32cubeide_1.12.0/stm32cubeide/plugins/com.st.stm32cube.ide.mcu.externaltools.gnu-tools-for-stm32.10.3-2021.10.win32_1.0.200.202301161003/tools/bin/../lib/gcc/arm-none-eabi/10.3.1/../../../../arm-none-eabi/lib/thumb/v7-m/nofp\libc_nano.a(lib_a-init.o)
                              c:/st/stm32cubeide_1.12.0/stm32cubeide/plugins/com.st.stm32cube.ide.mcu.externaltools.gnu-tools-for-stm32.10.3-2021.10.win32_1.0.200.202301161003/tools/bin/../lib/gcc/arm-none-eabi/10.3.1/../../../../arm-none-eabi/lib/thumb/v7-m/nofp/crt0.o (__libc_init_array)
c:/st/stm32cubeide_1.12.0/stm32cubeide/plugins/com.st.stm32cube.ide.mcu.externaltools.gnu-tools-for-stm32.10.3-2021.10.win32_1.0.200.202301161003/tools/bin/../lib/gcc/arm-none-eabi/10.3.1/../../../../arm-none-eabi/lib/thumb/v7-m/nofp\libc_nano.a(lib_a-memcpy-stub.o)
                              ./CONTROLLER/src/maincontroller.o (memcpy)
c:/st/stm32cubeide_1.12.0/stm32cubeide/plugins/com.st.stm32cube.ide.mcu.externaltools.gnu-tools-for-stm32.10.3-2021.10.win32_1.0.200.202301161003/tools/bin/../lib/gcc/arm-none-eabi/10.3.1/../../../../arm-none-eabi/lib/thumb/v7-m/nofp\libc_nano.a(lib_a-memset.o)
                              c:/st/stm32cubeide_1.12.0/stm32cubeide/plugins/com.st.stm32cube.ide.mcu.externaltools.gnu-tools-for-stm32.10.3-2021.10.win32_1.0.200.202301161003/tools/bin/../lib/gcc/arm-none-eabi/10.3.1/../../../../arm-none-eabi/lib/thumb/v7-m/nofp/crt0.o (memset)
c:/st/stm32cubeide_1.12.0/stm32cubeide/plugins/com.st.stm32cube.ide.mcu.externaltools.gnu-tools-for-stm32.10.3-2021.10.win32_1.0.200.202301161003/tools/bin/../lib/gcc/arm-none-eabi/10.3.1/../../../../arm-none-eabi/lib/thumb/v7-m/nofp\libc_nano.a(lib_a-nano-vfprintf_float.o)
                              (_printf_float)
c:/st/stm32cubeide_1.12.0/stm32cubeide/plugins/com.st.stm32cube.ide.mcu.externaltools.gnu-tools-for-stm32.10.3-2021.10.win32_1.0.200.202301161003/tools/bin/../lib/gcc/arm-none-eabi/10.3.1/../../../../arm-none-eabi/lib/thumb/v7-m/nofp\libc_nano.a(lib_a-nano-vfprintf_i.o)
                              c:/st/stm32cubeide_1.12.0/stm32cubeide/plugins/com.st.stm32cube.ide.mcu.externaltools.gnu-tools-for-stm32.10.3-2021.10.win32_1.0.200.202301161003/tools/bin/../lib/gcc/arm-none-eabi/10.3.1/../../../../arm-none-eabi/lib/thumb/v7-m/nofp\libc_nano.a(lib_a-nano-vfprintf_float.o) (_printf_common)
c:/st/stm32cubeide_1.12.0/stm32cubeide/plugins/com.st.stm32cube.ide.mcu.externaltools.gnu-tools-for-stm32.10.3-2021.10.win32_1.0.200.202301161003/tools/bin/../lib/gcc/arm-none-eabi/10.3.1/../../../../arm-none-eabi/lib/thumb/v7-m/nofp\libc_nano.a(lib_a-nano-vfscanf_float.o)
                              (_scanf_float)
c:/st/stm32cubeide_1.12.0/stm32cubeide/plugins/com.st.stm32cube.ide.mcu.externaltools.gnu-tools-for-stm32.10.3-2021.10.win32_1.0.200.202301161003/tools/bin/../lib/gcc/arm-none-eabi/10.3.1/../../../../arm-none-eabi/lib/thumb/v7-m/nofp\libc_nano.a(lib_a-sf_nan.o)
                              c:/st/stm32cubeide_1.12.0/stm32cubeide/plugins/com.st.stm32cube.ide.mcu.externaltools.gnu-tools-for-stm32.10.3-2021.10.win32_1.0.200.202301161003/tools/bin/../lib/gcc/arm-none-eabi/10.3.1/../../../../arm-none-eabi/lib/thumb/v7-m/nofp\libc_nano.a(lib_a-nano-vfscanf_float.o) (nanf)
c:/st/stm32cubeide_1.12.0/stm32cubeide/plugins/com.st.stm32cube.ide.mcu.externaltools.gnu-tools-for-stm32.10.3-2021.10.win32_1.0.200.202301161003/tools/bin/../lib/gcc/arm-none-eabi/10.3.1/../../../../arm-none-eabi/lib/thumb/v7-m/nofp\libc_nano.a(lib_a-sprintf.o)
[...]
Memory Configuration

Name             Origin             Length             Attributes
RAM              0x0000000020000000 0x0000000000008000 xrw
FLASH            0x0000000008000000 0x0000000000040000 xr
*default*        0x0000000000000000 0xffffffffffffffff

Linker script and memory map

LOAD c:/st/stm32cubeide_1.12.0/stm32cubeide/plugins/com.st.stm32cube.ide.mcu.externaltools.gnu-tools-for-stm32.10.3-2021.10.win32_1.0.200.202301161003/tools/bin/../lib/gcc/arm-none-eabi/10.3.1/thumb/v7-m/nofp/crti.o
LOAD c:/st/stm32cubeide_1.12.0/stm32cubeide/plugins/com.st.stm32cube.ide.mcu.externaltools.gnu-tools-for-stm32.10.3-2021.10.win32_1.0.200.202301161003/tools/bin/../lib/gcc/arm-none-eabi/10.3.1/thumb/v7-m/nofp/crtbegin.o
LOAD c:/st/stm32cubeide_1.12.0/stm32cubeide/plugins/com.st.stm32cube.ide.mcu.externaltools.gnu-tools-for-stm32.10.3-2021.10.win32_1.0.200.202301161003/tools/bin/../lib/gcc/arm-none-eabi/10.3.1/../../../../arm-none-eabi/lib/thumb/v7-m/nofp/crt0.o
LOAD ./CONTROLLER/src/getdata.o
LOAD ./CONTROLLER/src/maincontroller.o
LOAD ./Core/Src/main.o
LOAD ./Core/Src/stm32l1xx_hal_msp.o
LOAD ./Core/Src/stm32l1xx_it.o
LOAD ./Core/Src/syscalls.o
LOAD ./Core/Src/sysmem.o
LOAD ./Core/Src/system_stm32l1xx.o
LOAD ./Core/Startup/startup_stm32l151rctx.o
LOAD ./Drivers/STM32L1xx_HAL_Driver/Src/stm32l1xx_hal.o
LOAD ./Drivers/STM32L1xx_HAL_Driver/Src/stm32l1xx_hal_cortex.o
LOAD ./Drivers/STM32L1xx_HAL_Driver/Src/stm32l1xx_hal_dma.o
LOAD ./Drivers/STM32L1xx_HAL_Driver/Src/stm32l1xx_hal_exti.o
LOAD ./Drivers/STM32L1xx_HAL_Driver/Src/stm32l1xx_hal_flash.o
LOAD ./Drivers/STM32L1xx_HAL_Driver/Src/stm32l1xx_hal_flash_ex.o
LOAD ./Drivers/STM32L1xx_HAL_Driver/Src/stm32l1xx_hal_flash_ramfunc.o
LOAD ./Drivers/STM32L1xx_HAL_Driver/Src/stm32l1xx_hal_gpio.o
LOAD ./Drivers/STM32L1xx_HAL_Driver/Src/stm32l1xx_hal_pwr.o
LOAD ./Drivers/STM32L1xx_HAL_Driver/Src/stm32l1xx_hal_pwr_ex.o
LOAD ./Drivers/STM32L1xx_HAL_Driver/Src/stm32l1xx_hal_rcc.o
LOAD ./Drivers/STM32L1xx_HAL_Driver/Src/stm32l1xx_hal_rcc_ex.o
LOAD ./Drivers/STM32L1xx_HAL_Driver/Src/stm32l1xx_hal_rtc.o
LOAD ./Drivers/STM32L1xx_HAL_Driver/Src/stm32l1xx_hal_rtc_ex.o
LOAD ./Drivers/STM32L1xx_HAL_Driver/Src/stm32l1xx_hal_spi.o
LOAD ./Drivers/STM32L1xx_HAL_Driver/Src/stm32l1xx_hal_tim.o
LOAD ./Drivers/STM32L1xx_HAL_Driver/Src/stm32l1xx_hal_tim_ex.o
LOAD ./Drivers/STM32L1xx_HAL_Driver/Src/stm32l1xx_hal_uart.o
LOAD ./FATFS/App/fatfs.o
LOAD ./FATFS/Target/user_diskio.o
LOAD ./Middlewares/Third_Party/FatFs/src/diskio.o
LOAD ./Middlewares/Third_Party/FatFs/src/ff.o
LOAD ./Middlewares/Third_Party/FatFs/src/ff_gen_drv.o
LOAD ./Middlewares/Third_Party/FatFs/src/option/ccsbcs.o
LOAD ./Middlewares/Third_Party/FatFs/src/option/syscall.o
LOAD ./PRETREATMENT/HELTEC/heltec.o
LOAD ./PRETREATMENT/SD_CARD/fatfs_sd.o
LOAD ./PRETREATMENT/SD_CARD/sd_card.o
LOAD ./PRETREATMENT/SIM7600/sim7600.o
LOAD ./PROCESSING/DATA/data.o
LOAD ./PROCESSING/SD/sd.o
LOAD ./PROCESSING/SIM/sim.o
START GROUP
LOAD c:/st/stm32cubeide_1.12.0/stm32cubeide/plugins/com.st.stm32cube.ide.mcu.externaltools.gnu-tools-for-stm32.10.3-2021.10.win32_1.0.200.202301161003/tools/bin/../lib/gcc/arm-none-eabi/10.3.1/../../../../arm-none-eabi/lib/thumb/v7-m/nofp\libc_nano.a
LOAD c:/st/stm32cubeide_1.12.0/stm32cubeide/plugins/com.st.stm32cube.ide.mcu.externaltools.gnu-tools-for-stm32.10.3-2021.10.win32_1.0.200.202301161003/tools/bin/../lib/gcc/arm-none-eabi/10.3.1/../../../../arm-none-eabi/lib/thumb/v7-m/nofp\libm.a
END GROUP
START GROUP
LOAD c:/st/stm32cubeide_1.12.0/stm32cubeide/plugins/com.st.stm32cube.ide.mcu.externaltools.gnu-tools-for-stm32.10.3-2021.10.win32_1.0.200.202301161003/tools/bin/../lib/gcc/arm-none-eabi/10.3.1/thumb/v7-m/nofp\libgcc.a
LOAD c:/st/stm32cubeide_1.12.0/stm32cubeide/plugins/com.st.stm32cube.ide.mcu.externaltools.gnu-tools-for-stm32.10.3-2021.10.win32_1.0.200.202301161003/tools/bin/../lib/gcc/arm-none-eabi/10.3.1/../../../../arm-none-eabi/lib/thumb/v7-m/nofp\libc_nano.a
END GROUP
START GROUP
LOAD c:/st/stm32cubeide_1.12.0/stm32cubeide/plugins/com.st.stm32cube.ide.mcu.externaltools.gnu-tools-for-stm32.10.3-2021.10.win32_1.0.200.202301161003/tools/bin/../lib/gcc/arm-none-eabi/10.3.1/thumb/v7-m/nofp\libgcc.a
LOAD c:/st/stm32cubeide_1.12.0/stm32cubeide/plugins/com.st.stm32cube.ide.mcu.externaltools.gnu-tools-for-stm32.10.3-2021.10.win32_1.0.200.202301161003/tools/bin/../lib/gcc/arm-none-eabi/10.3.1/../../../../arm-none-eabi/lib/thumb/v7-m/nofp\libc_nano.a
LOAD c:/st/stm32cubeide_1.12.0/stm32cubeide/plugins/com.st.stm32cube.ide.mcu.externaltools.gnu-tools-for-stm32.10.3-2021.10.win32_1.0.200.202301161003/tools/bin/../lib/gcc/arm-none-eabi/10.3.1/../../../../arm-none-eabi/lib/thumb/v7-m/nofp\libnosys.a
END GROUP
START GROUP
LOAD c:/st/stm32cubeide_1.12.0/stm32cubeide/plugins/com.st.stm32cube.ide.mcu.externaltools.gnu-tools-for-stm32.10.3-2021.10.win32_1.0.200.202301161003/tools/bin/../lib/gcc/arm-none-eabi/10.3.1/thumb/v7-m/nofp\libgcc.a
LOAD c:/st/stm32cubeide_1.12.0/stm32cubeide/plugins/com.st.stm32cube.ide.mcu.externaltools.gnu-tools-for-stm32.10.3-2021.10.win32_1.0.200.202301161003/tools/bin/../lib/gcc/arm-none-eabi/10.3.1/../../../../arm-none-eabi/lib/thumb/v7-m/nofp\libc_nano.a
LOAD c:/st/stm32cubeide_1.12.0/stm32cubeide/plugins/com.st.stm32cube.ide.mcu.externaltools.gnu-tools-for-stm32.10.3-2021.10.win32_1.0.200.202301161003/tools/bin/../lib/gcc/arm-none-eabi/10.3.1/../../../../arm-none-eabi/lib/thumb/v7-m/nofp\libnosys.a
END GROUP
LOAD c:/st/stm32cubeide_1.12.0/stm32cubeide/plugins/com.st.stm32cube.ide.mcu.externaltools.gnu-tools-for-stm32.10.3-2021.10.win32_1.0.200.202301161003/tools/bin/../lib/gcc/arm-none-eabi/10.3.1/thumb/v7-m/nofp/crtend.o
LOAD c:/st/stm32cubeide_1.12.0/stm32cubeide/plugins/com.st.stm32cube.ide.mcu.externaltools.gnu-tools-for-stm32.10.3-2021.10.win32_1.0.200.202301161003/tools/bin/../lib/gcc/arm-none-eabi/10.3.1/thumb/v7-m/nofp/crtn.o
                0x0000000020008000                _estack = (ORIGIN (RAM) + LENGTH (RAM))
                0x0000000000000400                _Min_Heap_Size = 0x400
                0x0000000000000800                _Min_Stack_Size = 0x800

.isr_vector     0x0000000008000000      0x13c
                0x0000000008000000                . = ALIGN (0x4)
 *(.isr_vector)
 .isr_vector    0x0000000008000000      0x13c ./Core/Startup/startup_stm32l151rctx.o
                0x0000000008000000                g_pfnVectors
                0x000000000800013c                . = ALIGN (0x4)

.text           0x0000000008000140    0x10010
                0x0000000008000140                . = ALIGN (0x4)
 *(.text)
 .text          0x0000000008000140       0x40 c:/st/stm32cubeide_1.12.0/stm32cubeide/plugins/com.st.stm32cube.ide.mcu.externaltools.gnu-tools-for-stm32.10.3-2021.10.win32_1.0.200.202301161003/tools/bin/../lib/gcc/arm-none-eabi/10.3.1/thumb/v7-m/nofp/crtbegin.o
 .text          0x0000000008000180       0x10 c:/st/stm32cubeide_1.12.0/stm32cubeide/plugins/com.st.stm32cube.ide.mcu.externaltools.gnu-tools-for-stm32.10.3-2021.10.win32_1.0.200.202301161003/tools/bin/../lib/gcc/arm-none-eabi/10.3.1/../../../../arm-none-eabi/lib/thumb/v7-m/nofp\libc_nano.a(lib_a-strlen.o)
                0x0000000008000180                strlen
 .text          0x0000000008000190      0x378 c:/st/stm32cubeide_1.12.0/stm32cubeide/plugins/com.st.stm32cube.ide.mcu.externaltools.gnu-tools-for-stm32.10.3-2021.10.win32_1.0.200.202301161003/tools/bin/../lib/gcc/arm-none-eabi/10.3.1/thumb/v7-m/nofp\libgcc.a(_arm_addsubdf3.o)
                0x0000000008000190                __aeabi_drsub
                0x0000000008000198                __aeabi_dsub
                0x0000000008000198                __subdf3
                0x000000000800019c                __aeabi_dadd
                0x000000000800019c                __adddf3
                0x0000000008000414                __floatunsidf
                0x0000000008000414                __aeabi_ui2d
                0x0000000008000434                __floatsidf
                0x0000000008000434                __aeabi_i2d
                0x0000000008000458                __aeabi_f2d
                0x0000000008000458                __extendsfdf2
                0x000000000800049c                __floatundidf
                0x000000000800049c                __aeabi_ul2d
                0x00000000080004ac                __floatdidf
                0x00000000080004ac                __aeabi_l2d
 .text          0x0000000008000508      0x424 c:/st/stm32cubeide_1.12.0/stm32cubeide/plugins/com.st.stm32cube.ide.mcu.externaltools.gnu-tools-for-stm32.10.3-2021.10.win32_1.0.200.202301161003/tools/bin/../lib/gcc/arm-none-eabi/10.3.1/thumb/v7-m/nofp\libgcc.a(_arm_muldivdf3.o)
                0x0000000008000508                __aeabi_dmul
                0x0000000008000508                __muldf3
                0x000000000800075c                __divdf3
                0x000000000800075c                __aeabi_ddiv
 .text          0x000000000800092c      0x110 c:/st/stm32cubeide_1.12.0/stm32cubeide/plugins/com.st.stm32cube.ide.mcu.externaltools.gnu-tools-for-stm32.10.3-2021.10.win32_1.0.200.202301161003/tools/bin/../lib/gcc/arm-none-eabi/10.3.1/thumb/v7-m/nofp\libgcc.a(_arm_cmpdf2.o)
                0x000000000800092c                __gtdf2
                0x000000000800092c                __gedf2
                0x0000000008000934                __ltdf2
                0x0000000008000934                __ledf2
                0x000000000800093c                __nedf2
                0x000000000800093c                __eqdf2
                0x000000000800093c                __cmpdf2
                0x00000000080009b8                __aeabi_cdrcmple
                0x00000000080009c8                __aeabi_cdcmpeq
                0x00000000080009c8                __aeabi_cdcmple
                0x00000000080009d8                __aeabi_dcmpeq
                0x00000000080009ec                __aeabi_dcmplt
                0x0000000008000a00                __aeabi_dcmple
                0x0000000008000a14                __aeabi_dcmpge
                0x0000000008000a28                __aeabi_dcmpgt
 .text          0x0000000008000a3c       0x2c c:/st/stm32cubeide_1.12.0/stm32cubeide/plugins/com.st.stm32cube.ide.mcu.externaltools.gnu-tools-for-stm32.10.3-2021.10.win32_1.0.200.202301161003/tools/bin/../lib/gcc/arm-none-eabi/10.3.1/thumb/v7-m/nofp\libgcc.a(_arm_unorddf2.o)
                0x0000000008000a3c                __unorddf2
                0x0000000008000a3c                __aeabi_dcmpun
 .text          0x0000000008000a68       0x50 c:/st/stm32cubeide_1.12.0/stm32cubeide/plugins/com.st.stm32cube.ide.mcu.externaltools.gnu-tools-for-stm32.10.3-2021.10.win32_1.0.200.202301161003/tools/bin/../lib/gcc/arm-none-eabi/10.3.1/thumb/v7-m/nofp\libgcc.a(_arm_fixdfsi.o)
                0x0000000008000a68                __aeabi_d2iz
                0x0000000008000a68                __fixdfsi
 .text          0x0000000008000ab8       0x40 c:/st/stm32cubeide_1.12.0/stm32cubeide/plugins/com.st.stm32cube.ide.mcu.externaltools.gnu-tools-for-stm32.10.3-2021.10.win32_1.0.200.202301161003/tools/bin/../lib/gcc/arm-none-eabi/10.3.1/thumb/v7-m/nofp\libgcc.a(_arm_fixunsdfsi.o)
                0x0000000008000ab8                __aeabi_d2uiz
                0x0000000008000ab8                __fixunsdfsi
 .text          0x0000000008000af8       0xa0 c:/st/stm32cubeide_1.12.0/stm32cubeide/plugins/com.st.stm32cube.ide.mcu.externaltools.gnu-tools-for-stm32.10.3-2021.10.win32_1.0.200.202301161003/tools/bin/../lib/gcc/arm-none-eabi/10.3.1/thumb/v7-m/nofp\libgcc.a(_arm_truncdfsf2.o)
                0x0000000008000af8                __truncdfsf2
                0x0000000008000af8                __aeabi_d2f
 .text          0x0000000008000b98      0x21c c:/st/stm32cubeide_1.12.0/stm32cubeide/plugins/com.st.stm32cube.ide.mcu.externaltools.gnu-tools-for-stm32.10.3-2021.10.win32_1.0.200.202301161003/tools/bin/../lib/gcc/arm-none-eabi/10.3.1/thumb/v7-m/nofp\libgcc.a(_arm_addsubsf3.o)
                0x0000000008000b98                __aeabi_frsub
                0x0000000008000ba0                __subsf3
                0x0000000008000ba0                __aeabi_fsub
                0x0000000008000ba4                __aeabi_fadd
                0x0000000008000ba4                __addsf3
                0x0000000008000d04                __aeabi_ui2f
                0x0000000008000d04                __floatunsisf
                0x0000000008000d0c                __aeabi_i2f
                0x0000000008000d0c                __floatsisf
                0x0000000008000d28                __aeabi_ul2f
                0x0000000008000d28                __floatundisf
                0x0000000008000d38                __aeabi_l2f
                0x0000000008000d38                __floatdisf
 .text          0x0000000008000db4      0x2a0 c:/st/stm32cubeide_1.12.0/stm32cubeide/plugins/com.st.stm32cube.ide.mcu.externaltools.gnu-tools-for-stm32.10.3-2021.10.win32_1.0.200.202301161003/tools/bin/../lib/gcc/arm-none-eabi/10.3.1/thumb/v7-m/nofp\libgcc.a(_arm_muldivsf3.o)
                0x0000000008000db4                __mulsf3
                0x0000000008000db4                __aeabi_fmul
                0x0000000008000f1c                __aeabi_fdiv
                0x0000000008000f1c                __divsf3
 .text          0x0000000008001054       0x30 c:/st/stm32cubeide_1.12.0/stm32cubeide/plugins/com.st.stm32cube.ide.mcu.externaltools.gnu-tools-for-stm32.10.3-2021.10.win32_1.0.200.202301161003/tools/bin/../lib/gcc/arm-none-eabi/10.3.1/thumb/v7-m/nofp\libgcc.a(_aeabi_uldivmod.o)
                0x0000000008001054                __aeabi_uldivmod
 .text          0x0000000008001084       0x34 c:/st/stm32cubeide_1.12.0/stm32cubeide/plugins/com.st.stm32cube.ide.mcu.externaltools.gnu-tools-for-stm32.10.3-2021.10.win32_1.0.200.202301161003/tools/bin/../lib/gcc/arm-none-eabi/10.3.1/thumb/v7-m/nofp\libgcc.a(_fixdfdi.o)
                0x0000000008001084                __fixdfdi
                0x0000000008001084                __aeabi_d2lz
 .text          0x00000000080010b8       0x3c c:/st/stm32cubeide_1.12.0/stm32cubeide/plugins/com.st.stm32cube.ide.mcu.externaltools.gnu-tools-for-stm32.10.3-2021.10.win32_1.0.200.202301161003/tools/bin/../lib/gcc/arm-none-eabi/10.3.1/thumb/v7-m/nofp\libgcc.a(_fixunsdfdi.o)
                0x00000000080010b8                __fixunsdfdi
                0x00000000080010b8                __aeabi_d2ulz
 .text          0x00000000080010f4      0x2d4 c:/st/stm32cubeide_1.12.0/stm32cubeide/plugins/com.st.stm32cube.ide.mcu.externaltools.gnu-tools-for-stm32.10.3-2021.10.win32_1.0.200.202301161003/tools/bin/../lib/gcc/arm-none-eabi/10.3.1/thumb/v7-m/nofp\libgcc.a(_udivmoddi4.o)
                0x00000000080010f4                __udivmoddi4
 .text          0x00000000080013c8        0x4 c:/st/stm32cubeide_1.12.0/stm32cubeide/plugins/com.st.stm32cube.ide.mcu.externaltools.gnu-tools-for-stm32.10.3-2021.10.win32_1.0.200.202301161003/tools/bin/../lib/gcc/arm-none-eabi/10.3.1/thumb/v7-m/nofp\libgcc.a(_dvmd_tls.o)
                0x00000000080013c8                __aeabi_idiv0
                0x00000000080013c8                __aeabi_ldiv0
 *(.text*)
 .text.deviceInit
                0x00000000080013cc       0x30 ./CONTROLLER/src/getdata.o
                0x00000000080013cc                deviceInit
 .text.dataCounter
                0x00000000080013fc       0x3c ./CONTROLLER/src/getdata.o
                0x00000000080013fc                dataCounter
 .text.start    0x0000000008001438       0x48 ./CONTROLLER/src/maincontroller.o
                0x0000000008001438                start
 .text.maincontroller
                0x0000000008001480      0x354 ./CONTROLLER/src/maincontroller.o
                0x0000000008001480                maincontroller
 .text.HAL_GPIO_EXTI_Callback
                0x00000000080017d4      0x108 ./Core/Src/main.o
                0x00000000080017d4                HAL_GPIO_EXTI_Callback
 .text.HAL_TIM_IC_CaptureCallback
                0x00000000080018dc       0x40 ./Core/Src/main.o
                0x00000000080018dc                HAL_TIM_IC_CaptureCallback
 .text.HAL_UARTEx_RxEventCallback
                0x000000000800191c       0x38 ./Core/Src/main.o
                0x000000000800191c                HAL_UARTEx_RxEventCallback
 .text.main     0x0000000008001954       0x44 ./Core/Src/main.o
                0x0000000008001954                main
 .text.SystemClock_Config
                0x0000000008001998       0xc8 ./Core/Src/main.o
                0x0000000008001998                SystemClock_Config
 .text.MX_RTC_Init
                0x0000000008001a60       0xb4 ./Core/Src/main.o
 .text.MX_SPI1_Init
                0x0000000008001b14       0x70 ./Core/Src/main.o
 .text.MX_SPI3_Init
                0x0000000008001b84       0x6c ./Core/Src/main.o
 .text.MX_TIM4_Init
                0x0000000008001bf0       0xa8 ./Core/Src/main.o
 .text.MX_USART1_UART_Init
                0x0000000008001c98       0x54 ./Core/Src/main.o
 .text.MX_DMA_Init
                0x0000000008001cec       0x3c ./Core/Src/main.o
 .text.MX_GPIO_Init
                0x0000000008001d28      0x1a8 ./Core/Src/main.o
 .text.Error_Handler
                0x0000000008001ed0        0xa ./Core/Src/main.o
                0x0000000008001ed0                Error_Handler
 *fill*         0x0000000008001eda        0x2 
 .text.HAL_MspInit
                0x0000000008001edc       0x7c ./Core/Src/stm32l1xx_hal_msp.o
                0x0000000008001edc                HAL_MspInit
 .text.HAL_RTC_MspInit
                0x0000000008001f58       0x2c ./Core/Src/stm32l1xx_hal_msp.o
                0x0000000008001f58                HAL_RTC_MspInit
 .text.HAL_SPI_MspInit
                0x0000000008001f84      0x10c ./Core/Src/stm32l1xx_hal_msp.o
                0x0000000008001f84                HAL_SPI_MspInit
 .text.HAL_TIM_IC_MspInit
                0x0000000008002090       0x98 ./Core/Src/stm32l1xx_hal_msp.o
                0x0000000008002090                HAL_TIM_IC_MspInit
 .text.HAL_UART_MspInit
                0x0000000008002128       0xec ./Core/Src/stm32l1xx_hal_msp.o
                0x0000000008002128                HAL_UART_MspInit
 .text.SDTimer_Handler
                0x0000000008002214       0x44 ./Core/Src/stm32l1xx_it.o
                0x0000000008002214                SDTimer_Handler
 .text.NMI_Handler
                0x0000000008002258        0x6 ./Core/Src/stm32l1xx_it.o
                0x0000000008002258                NMI_Handler
 .text.HardFault_Handler
                0x000000000800225e        0x6 ./Core/Src/stm32l1xx_it.o
                0x000000000800225e                HardFault_Handler
 .text.MemManage_Handler
                0x0000000008002264        0x6 ./Core/Src/stm32l1xx_it.o
                0x0000000008002264                MemManage_Handler
 .text.BusFault_Handler
                0x000000000800226a        0x6 ./Core/Src/stm32l1xx_it.o
                0x000000000800226a                BusFault_Handler
 .text.UsageFault_Handler
                0x0000000008002270        0x6 ./Core/Src/stm32l1xx_it.o
                0x0000000008002270                UsageFault_Handler
 .text.SVC_Handler
                0x0000000008002276        0xc ./Core/Src/stm32l1xx_it.o
                0x0000000008002276                SVC_Handler
 .text.DebugMon_Handler
                0x0000000008002282        0xc ./Core/Src/stm32l1xx_it.o
                0x0000000008002282                DebugMon_Handler
 .text.PendSV_Handler
                0x000000000800228e        0xc ./Core/Src/stm32l1xx_it.o
                0x000000000800228e                PendSV_Handler
 *fill*         0x000000000800229a        0x2 
 .text.SysTick_Handler
                0x000000000800229c       0x34 ./Core/Src/stm32l1xx_it.o
                0x000000000800229c                SysTick_Handler
 .text.FLASH_IRQHandler
                0x00000000080022d0        0xc ./Core/Src/stm32l1xx_it.o
                0x00000000080022d0                FLASH_IRQHandler
 .text.RCC_IRQHandler
                0x00000000080022dc        0xc ./Core/Src/stm32l1xx_it.o
                0x00000000080022dc                RCC_IRQHandler
 .text.EXTI1_IRQHandler
                0x00000000080022e8        0xe ./Core/Src/stm32l1xx_it.o
                0x00000000080022e8                EXTI1_IRQHandler
 .text.EXTI2_IRQHandler
                0x00000000080022f6        0xe ./Core/Src/stm32l1xx_it.o
                0x00000000080022f6                EXTI2_IRQHandler
 .text.EXTI3_IRQHandler
                0x0000000008002304        0xe ./Core/Src/stm32l1xx_it.o
                0x0000000008002304                EXTI3_IRQHandler
 .text.EXTI4_IRQHandler
                0x0000000008002312        0xe ./Core/Src/stm32l1xx_it.o
                0x0000000008002312                EXTI4_IRQHandler
 .text.DMA1_Channel5_IRQHandler
                0x0000000008002320       0x14 ./Core/Src/stm32l1xx_it.o
                0x0000000008002320                DMA1_Channel5_IRQHandler
 .text.EXTI9_5_IRQHandler
                0x0000000008002334       0x14 ./Core/Src/stm32l1xx_it.o
                0x0000000008002334                EXTI9_5_IRQHandler
 .text.TIM4_IRQHandler
                0x0000000008002348       0x14 ./Core/Src/stm32l1xx_it.o
                0x0000000008002348                TIM4_IRQHandler
 .text.SPI1_IRQHandler
                0x000000000800235c       0x14 ./Core/Src/stm32l1xx_it.o
                0x000000000800235c                SPI1_IRQHandler
 .text.USART1_IRQHandler
                0x0000000008002370       0x14 ./Core/Src/stm32l1xx_it.o
                0x0000000008002370                USART1_IRQHandler
 .text.SPI3_IRQHandler
                0x0000000008002384       0x14 ./Core/Src/stm32l1xx_it.o
                0x0000000008002384                SPI3_IRQHandler
 .text._getpid  0x0000000008002398        0xe ./Core/Src/syscalls.o
                0x0000000008002398                _getpid
 .text._kill    0x00000000080023a6       0x20 ./Core/Src/syscalls.o
                0x00000000080023a6                _kill
 .text._exit    0x00000000080023c6       0x14 ./Core/Src/syscalls.o
                0x00000000080023c6                _exit
 .text._read    0x00000000080023da       0x3a ./Core/Src/syscalls.o
                0x00000000080023da                _read
 .text._write   0x0000000008002414       0x38 ./Core/Src/syscalls.o
                0x0000000008002414                _write
 .text._close   0x000000000800244c       0x16 ./Core/Src/syscalls.o
                0x000000000800244c                _close
 .text._fstat   0x0000000008002462       0x1e ./Core/Src/syscalls.o
                0x0000000008002462                _fstat
 .text._isatty  0x0000000008002480       0x14 ./Core/Src/syscalls.o
                0x0000000008002480                _isatty
 .text._lseek   0x0000000008002494       0x18 ./Core/Src/syscalls.o
                0x0000000008002494                _lseek
 .text._sbrk    0x00000000080024ac       0x6c ./Core/Src/sysmem.o
                0x00000000080024ac                _sbrk
 .text.SystemInit
                0x0000000008002518        0xc ./Core/Src/system_stm32l1xx.o
                0x0000000008002518                SystemInit
 .text.Reset_Handler
                0x0000000008002524       0x48 ./Core/Startup/startup_stm32l151rctx.o
                0x0000000008002524                Reset_Handler
 .text.Default_Handler
                0x000000000800256c        0x2 ./Core/Startup/startup_stm32l151rctx.o
                0x000000000800256c                RTC_Alarm_IRQHandler
                0x000000000800256c                COMP_ACQ_IRQHandler
                0x000000000800256c                TIM10_IRQHandler
                0x000000000800256c                USB_HP_IRQHandler
                0x000000000800256c                TIM6_IRQHandler
                0x000000000800256c                PVD_IRQHandler
                0x000000000800256c                EXTI0_IRQHandler
                0x000000000800256c                I2C2_EV_IRQHandler
                0x000000000800256c                USB_FS_WKUP_IRQHandler
                0x000000000800256c                DMA2_Channel2_IRQHandler
                0x000000000800256c                DMA1_Channel4_IRQHandler
                0x000000000800256c                ADC1_IRQHandler
                0x000000000800256c                USART3_IRQHandler
                0x000000000800256c                DMA1_Channel7_IRQHandler
                0x000000000800256c                DMA2_Channel1_IRQHandler
                0x000000000800256c                I2C1_EV_IRQHandler
                0x000000000800256c                DMA1_Channel6_IRQHandler
                0x000000000800256c                DMA2_Channel4_IRQHandler
                0x000000000800256c                TIM3_IRQHandler
                0x000000000800256c                DMA1_Channel1_IRQHandler
                0x000000000800256c                Default_Handler
                0x000000000800256c                EXTI15_10_IRQHandler
                0x000000000800256c                TIM7_IRQHandler
                0x000000000800256c                TIM5_IRQHandler
                0x000000000800256c                TIM9_IRQHandler
                0x000000000800256c                TAMPER_STAMP_IRQHandler
                0x000000000800256c                RTC_WKUP_IRQHandler
                0x000000000800256c                SPI2_IRQHandler
                0x000000000800256c                DMA2_Channel5_IRQHandler
                0x000000000800256c                USB_LP_IRQHandler
                0x000000000800256c                DMA1_Channel3_IRQHandler
                0x000000000800256c                COMP_IRQHandler
                0x000000000800256c                WWDG_IRQHandler
                0x000000000800256c                TIM2_IRQHandler
                0x000000000800256c                DAC_IRQHandler
                0x000000000800256c                TIM11_IRQHandler
                0x000000000800256c                USART2_IRQHandler
                0x000000000800256c                I2C2_ER_IRQHandler
                0x000000000800256c                DMA1_Channel2_IRQHandler
                0x000000000800256c                I2C1_ER_IRQHandler
                0x000000000800256c                DMA2_Channel3_IRQHandler
 *fill*         0x000000000800256e        0x2 
 .text.HAL_Init
                0x0000000008002570       0x4c ./Drivers/STM32L1xx_HAL_Driver/Src/stm32l1xx_hal.o
                0x0000000008002570                HAL_Init
 .text.HAL_InitTick
                0x00000000080025bc       0x74 ./Drivers/STM32L1xx_HAL_Driver/Src/stm32l1xx_hal.o
                0x00000000080025bc                HAL_InitTick
 .text.HAL_IncTick
                0x0000000008002630       0x24 ./Drivers/STM32L1xx_HAL_Driver/Src/stm32l1xx_hal.o
                0x0000000008002630                HAL_IncTick
 .text.HAL_GetTick
                0x0000000008002654       0x14 ./Drivers/STM32L1xx_HAL_Driver/Src/stm32l1xx_hal.o
                0x0000000008002654                HAL_GetTick
 .text.HAL_Delay
                0x0000000008002668       0x44 ./Drivers/STM32L1xx_HAL_Driver/Src/stm32l1xx_hal.o
                0x0000000008002668                HAL_Delay
 .text.__NVIC_SetPriorityGrouping
                0x00000000080026ac       0x48 ./Drivers/STM32L1xx_HAL_Driver/Src/stm32l1xx_hal_cortex.o
 .text.__NVIC_GetPriorityGrouping
                0x00000000080026f4       0x1c ./Drivers/STM32L1xx_HAL_Driver/Src/stm32l1xx_hal_cortex.o
 .text.__NVIC_EnableIRQ
                0x0000000008002710       0x38 ./Drivers/STM32L1xx_HAL_Driver/Src/stm32l1xx_hal_cortex.o
 .text.__NVIC_SetPriority
                0x0000000008002748       0x54 ./Drivers/STM32L1xx_HAL_Driver/Src/stm32l1xx_hal_cortex.o
 .text.NVIC_EncodePriority
                0x000000000800279c       0x64 ./Drivers/STM32L1xx_HAL_Driver/Src/stm32l1xx_hal_cortex.o
 .text.SysTick_Config
                0x0000000008002800       0x44 ./Drivers/STM32L1xx_HAL_Driver/Src/stm32l1xx_hal_cortex.o
 .text.HAL_NVIC_SetPriorityGrouping
                0x0000000008002844       0x16 ./Drivers/STM32L1xx_HAL_Driver/Src/stm32l1xx_hal_cortex.o
                0x0000000008002844                HAL_NVIC_SetPriorityGrouping
 .text.HAL_NVIC_SetPriority
                0x000000000800285a       0x38 ./Drivers/STM32L1xx_HAL_Driver/Src/stm32l1xx_hal_cortex.o
                0x000000000800285a                HAL_NVIC_SetPriority
 .text.HAL_NVIC_EnableIRQ
                0x0000000008002892       0x1c ./Drivers/STM32L1xx_HAL_Driver/Src/stm32l1xx_hal_cortex.o
                0x0000000008002892                HAL_NVIC_EnableIRQ
 .text.HAL_SYSTICK_Config
                0x00000000080028ae       0x18 ./Drivers/STM32L1xx_HAL_Driver/Src/stm32l1xx_hal_cortex.o
                0x00000000080028ae                HAL_SYSTICK_Config
 *fill*         0x00000000080028c6        0x2 
 .text.HAL_DMA_Init
                0x00000000080028c8       0xe8 ./Drivers/STM32L1xx_HAL_Driver/Src/stm32l1xx_hal_dma.o
                0x00000000080028c8                HAL_DMA_Init
 .text.HAL_DMA_Start_IT
                0x00000000080029b0       0xc0 ./Drivers/STM32L1xx_HAL_Driver/Src/stm32l1xx_hal_dma.o
                0x00000000080029b0                HAL_DMA_Start_IT
 .text.HAL_DMA_Abort
                0x0000000008002a70       0x7a ./Drivers/STM32L1xx_HAL_Driver/Src/stm32l1xx_hal_dma.o
                0x0000000008002a70                HAL_DMA_Abort
 .text.HAL_DMA_Abort_IT
                0x0000000008002aea       0x82 ./Drivers/STM32L1xx_HAL_Driver/Src/stm32l1xx_hal_dma.o
                0x0000000008002aea                HAL_DMA_Abort_IT
 .text.HAL_DMA_IRQHandler
                0x0000000008002b6c      0x15e ./Drivers/STM32L1xx_HAL_Driver/Src/stm32l1xx_hal_dma.o
                0x0000000008002b6c                HAL_DMA_IRQHandler
 .text.DMA_SetConfig
                0x0000000008002cca       0x5e ./Drivers/STM32L1xx_HAL_Driver/Src/stm32l1xx_hal_dma.o
 .text.HAL_FLASH_IRQHandler
                0x0000000008002d28      0x16c ./Drivers/STM32L1xx_HAL_Driver/Src/stm32l1xx_hal_flash.o
                0x0000000008002d28                HAL_FLASH_IRQHandler
 .text.HAL_FLASH_EndOfOperationCallback
                0x0000000008002e94       0x12 ./Drivers/STM32L1xx_HAL_Driver/Src/stm32l1xx_hal_flash.o
                0x0000000008002e94                HAL_FLASH_EndOfOperationCallback
 .text.HAL_FLASH_OperationErrorCallback
                0x0000000008002ea6       0x12 ./Drivers/STM32L1xx_HAL_Driver/Src/stm32l1xx_hal_flash.o
                0x0000000008002ea6                HAL_FLASH_OperationErrorCallback
 .text.FLASH_SetErrorCode
                0x0000000008002eb8       0xf0 ./Drivers/STM32L1xx_HAL_Driver/Src/stm32l1xx_hal_flash.o
 .text.FLASH_PageErase
                0x0000000008002fa8       0x44 ./Drivers/STM32L1xx_HAL_Driver/Src/stm32l1xx_hal_flash_ex.o
                0x0000000008002fa8                FLASH_PageErase
 .text.HAL_GPIO_Init
                0x0000000008002fec      0x300 ./Drivers/STM32L1xx_HAL_Driver/Src/stm32l1xx_hal_gpio.o
                0x0000000008002fec                HAL_GPIO_Init
 .text.HAL_GPIO_WritePin
                0x00000000080032ec       0x30 ./Drivers/STM32L1xx_HAL_Driver/Src/stm32l1xx_hal_gpio.o
                0x00000000080032ec                HAL_GPIO_WritePin
 .text.HAL_GPIO_EXTI_IRQHandler
                0x000000000800331c       0x30 ./Drivers/STM32L1xx_HAL_Driver/Src/stm32l1xx_hal_gpio.o
                0x000000000800331c                HAL_GPIO_EXTI_IRQHandler
 .text.HAL_RCC_OscConfig
                0x000000000800334c      0x660 ./Drivers/STM32L1xx_HAL_Driver/Src/stm32l1xx_hal_rcc.o
                0x000000000800334c                HAL_RCC_OscConfig
 .text.HAL_RCC_ClockConfig
                0x00000000080039ac      0x268 ./Drivers/STM32L1xx_HAL_Driver/Src/stm32l1xx_hal_rcc.o
                0x00000000080039ac                HAL_RCC_ClockConfig
 .text.HAL_RCC_GetSysClockFreq
                0x0000000008003c14      0x17c ./Drivers/STM32L1xx_HAL_Driver/Src/stm32l1xx_hal_rcc.o
                0x0000000008003c14                HAL_RCC_GetSysClockFreq
 .text.HAL_RCC_GetHCLKFreq
                0x0000000008003d90       0x14 ./Drivers/STM32L1xx_HAL_Driver/Src/stm32l1xx_hal_rcc.o
                0x0000000008003d90                HAL_RCC_GetHCLKFreq
 .text.HAL_RCC_GetPCLK1Freq
                0x0000000008003da4       0x28 ./Drivers/STM32L1xx_HAL_Driver/Src/stm32l1xx_hal_rcc.o
                0x0000000008003da4                HAL_RCC_GetPCLK1Freq
 .text.HAL_RCC_GetPCLK2Freq
                0x0000000008003dcc       0x28 ./Drivers/STM32L1xx_HAL_Driver/Src/stm32l1xx_hal_rcc.o
                0x0000000008003dcc                HAL_RCC_GetPCLK2Freq
 .text.RCC_SetFlashLatencyFromMSIRange
                0x0000000008003df4       0xc0 ./Drivers/STM32L1xx_HAL_Driver/Src/stm32l1xx_hal_rcc.o
 .text.HAL_RCCEx_PeriphCLKConfig
                0x0000000008003eb4      0x19c ./Drivers/STM32L1xx_HAL_Driver/Src/stm32l1xx_hal_rcc_ex.o
                0x0000000008003eb4                HAL_RCCEx_PeriphCLKConfig
 .text.HAL_RTC_Init
                0x0000000008004050      0x106 ./Drivers/STM32L1xx_HAL_Driver/Src/stm32l1xx_hal_rtc.o
                0x0000000008004050                HAL_RTC_Init
 .text.HAL_RTC_SetTime
                0x0000000008004156      0x134 ./Drivers/STM32L1xx_HAL_Driver/Src/stm32l1xx_hal_rtc.o
                0x0000000008004156                HAL_RTC_SetTime
 .text.HAL_RTC_GetTime
                0x000000000800428a       0xbc ./Drivers/STM32L1xx_HAL_Driver/Src/stm32l1xx_hal_rtc.o
                0x000000000800428a                HAL_RTC_GetTime
 .text.HAL_RTC_SetDate
                0x0000000008004346      0x108 ./Drivers/STM32L1xx_HAL_Driver/Src/stm32l1xx_hal_rtc.o
                0x0000000008004346                HAL_RTC_SetDate
 .text.HAL_RTC_GetDate
                0x000000000800444e       0x9e ./Drivers/STM32L1xx_HAL_Driver/Src/stm32l1xx_hal_rtc.o
                0x000000000800444e                HAL_RTC_GetDate
 .text.HAL_RTC_WaitForSynchro
                0x00000000080044ec       0x4a ./Drivers/STM32L1xx_HAL_Driver/Src/stm32l1xx_hal_rtc.o
                0x00000000080044ec                HAL_RTC_WaitForSynchro
 .text.RTC_EnterInitMode
                0x0000000008004536       0x6e ./Drivers/STM32L1xx_HAL_Driver/Src/stm32l1xx_hal_rtc.o
                0x0000000008004536                RTC_EnterInitMode
 .text.RTC_ExitInitMode
                0x00000000080045a4       0x4a ./Drivers/STM32L1xx_HAL_Driver/Src/stm32l1xx_hal_rtc.o
                0x00000000080045a4                RTC_ExitInitMode
 .text.RTC_ByteToBcd2
                0x00000000080045ee       0x3a ./Drivers/STM32L1xx_HAL_Driver/Src/stm32l1xx_hal_rtc.o
                0x00000000080045ee                RTC_ByteToBcd2
 .text.RTC_Bcd2ToByte
                0x0000000008004628       0x3a ./Drivers/STM32L1xx_HAL_Driver/Src/stm32l1xx_hal_rtc.o
                0x0000000008004628                RTC_Bcd2ToByte
 .text.HAL_SPI_Init
                0x0000000008004662      0x112 ./Drivers/STM32L1xx_HAL_Driver/Src/stm32l1xx_hal_spi.o
                0x0000000008004662                HAL_SPI_Init
 .text.HAL_SPI_Transmit
                0x0000000008004774      0x286 ./Drivers/STM32L1xx_HAL_Driver/Src/stm32l1xx_hal_spi.o
                0x0000000008004774                HAL_SPI_Transmit
 .text.HAL_SPI_TransmitReceive
                0x00000000080049fa      0x360 ./Drivers/STM32L1xx_HAL_Driver/Src/stm32l1xx_hal_spi.o
                0x00000000080049fa                HAL_SPI_TransmitReceive
 *fill*         0x0000000008004d5a        0x2 
 .text.HAL_SPI_IRQHandler
                0x0000000008004d5c      0x200 ./Drivers/STM32L1xx_HAL_Driver/Src/stm32l1xx_hal_spi.o
                0x0000000008004d5c                HAL_SPI_IRQHandler
 .text.HAL_SPI_ErrorCallback
                0x0000000008004f5c       0x12 ./Drivers/STM32L1xx_HAL_Driver/Src/stm32l1xx_hal_spi.o
                0x0000000008004f5c                HAL_SPI_ErrorCallback
 .text.SPI_DMAAbortOnError
                0x0000000008004f6e       0x28 ./Drivers/STM32L1xx_HAL_Driver/Src/stm32l1xx_hal_spi.o
 *fill*         0x0000000008004f96        0x2 
 .text.SPI_WaitFlagStateUntilTimeout
                0x0000000008004f98      0x110 ./Drivers/STM32L1xx_HAL_Driver/Src/stm32l1xx_hal_spi.o
 .text.SPI_EndRxTxTransaction
                0x00000000080050a8       0x84 ./Drivers/STM32L1xx_HAL_Driver/Src/stm32l1xx_hal_spi.o
 .text.HAL_TIM_OC_Start_IT
                0x000000000800512c      0x1c4 ./Drivers/STM32L1xx_HAL_Driver/Src/stm32l1xx_hal_tim.o
                0x000000000800512c                HAL_TIM_OC_Start_IT
 .text.HAL_TIM_IC_Init
                0x00000000080052f0       0x7e ./Drivers/STM32L1xx_HAL_Driver/Src/stm32l1xx_hal_tim.o
                0x00000000080052f0                HAL_TIM_IC_Init
 .text.HAL_TIM_IRQHandler
                0x000000000800536e      0x1b8 ./Drivers/STM32L1xx_HAL_Driver/Src/stm32l1xx_hal_tim.o
                0x000000000800536e                HAL_TIM_IRQHandler
 .text.HAL_TIM_IC_ConfigChannel
                0x0000000008005526      0x138 ./Drivers/STM32L1xx_HAL_Driver/Src/stm32l1xx_hal_tim.o
                0x0000000008005526                HAL_TIM_IC_ConfigChannel
 .text.HAL_TIM_PeriodElapsedCallback
                0x000000000800565e       0x12 ./Drivers/STM32L1xx_HAL_Driver/Src/stm32l1xx_hal_tim.o
                0x000000000800565e                HAL_TIM_PeriodElapsedCallback
 .text.HAL_TIM_OC_DelayElapsedCallback
                0x0000000008005670       0x12 ./Drivers/STM32L1xx_HAL_Driver/Src/stm32l1xx_hal_tim.o
                0x0000000008005670                HAL_TIM_OC_DelayElapsedCallback
 .text.HAL_TIM_PWM_PulseFinishedCallback
                0x0000000008005682       0x12 ./Drivers/STM32L1xx_HAL_Driver/Src/stm32l1xx_hal_tim.o
                0x0000000008005682                HAL_TIM_PWM_PulseFinishedCallback
 .text.HAL_TIM_TriggerCallback
                0x0000000008005694       0x12 ./Drivers/STM32L1xx_HAL_Driver/Src/stm32l1xx_hal_tim.o
                0x0000000008005694                HAL_TIM_TriggerCallback
 *fill*         0x00000000080056a6        0x2 
 .text.TIM_Base_SetConfig
                0x00000000080056a8       0xe0 ./Drivers/STM32L1xx_HAL_Driver/Src/stm32l1xx_hal_tim.o
 .text.TIM_TI1_SetConfig
                0x0000000008005788       0xc0 ./Drivers/STM32L1xx_HAL_Driver/Src/stm32l1xx_hal_tim.o
 .text.TIM_TI2_SetConfig
                0x0000000008005848       0x78 ./Drivers/STM32L1xx_HAL_Driver/Src/stm32l1xx_hal_tim.o
 .text.TIM_TI3_SetConfig
                0x00000000080058c0       0x76 ./Drivers/STM32L1xx_HAL_Driver/Src/stm32l1xx_hal_tim.o
 .text.TIM_TI4_SetConfig
                0x0000000008005936       0x78 ./Drivers/STM32L1xx_HAL_Driver/Src/stm32l1xx_hal_tim.o
 .text.TIM_CCxChannelCmd
                0x00000000080059ae       0x48 ./Drivers/STM32L1xx_HAL_Driver/Src/stm32l1xx_hal_tim.o
 *fill*         0x00000000080059f6        0x2 
 .text.HAL_TIMEx_MasterConfigSynchronization
                0x00000000080059f8       0xbc ./Drivers/STM32L1xx_HAL_Driver/Src/stm32l1xx_hal_tim_ex.o
                0x00000000080059f8                HAL_TIMEx_MasterConfigSynchronization
 .text.HAL_UART_Init
                0x0000000008005ab4       0xa0 ./Drivers/STM32L1xx_HAL_Driver/Src/stm32l1xx_hal_uart.o
                0x0000000008005ab4                HAL_UART_Init
 .text.HAL_UART_Transmit
                0x0000000008005b54      0x106 ./Drivers/STM32L1xx_HAL_Driver/Src/stm32l1xx_hal_uart.o
                0x0000000008005b54                HAL_UART_Transmit
 .text.HAL_UARTEx_ReceiveToIdle_DMA
                0x0000000008005c5a       0xba ./Drivers/STM32L1xx_HAL_Driver/Src/stm32l1xx_hal_uart.o
                0x0000000008005c5a                HAL_UARTEx_ReceiveToIdle_DMA
 .text.HAL_UART_IRQHandler
                0x0000000008005d14      0x524 ./Drivers/STM32L1xx_HAL_Driver/Src/stm32l1xx_hal_uart.o
                0x0000000008005d14                HAL_UART_IRQHandler
 .text.HAL_UART_TxCpltCallback
                0x0000000008006238       0x12 ./Drivers/STM32L1xx_HAL_Driver/Src/stm32l1xx_hal_uart.o
                0x0000000008006238                HAL_UART_TxCpltCallback
 .text.HAL_UART_RxCpltCallback
                0x000000000800624a       0x12 ./Drivers/STM32L1xx_HAL_Driver/Src/stm32l1xx_hal_uart.o
                0x000000000800624a                HAL_UART_RxCpltCallback
 .text.HAL_UART_RxHalfCpltCallback
                0x000000000800625c       0x12 ./Drivers/STM32L1xx_HAL_Driver/Src/stm32l1xx_hal_uart.o
                0x000000000800625c                HAL_UART_RxHalfCpltCallback
 .text.HAL_UART_ErrorCallback
                0x000000000800626e       0x12 ./Drivers/STM32L1xx_HAL_Driver/Src/stm32l1xx_hal_uart.o
                0x000000000800626e                HAL_UART_ErrorCallback
 .text.UART_DMAReceiveCplt
                0x0000000008006280      0x12c ./Drivers/STM32L1xx_HAL_Driver/Src/stm32l1xx_hal_uart.o
 .text.UART_DMARxHalfCplt
                0x00000000080063ac       0x3c ./Drivers/STM32L1xx_HAL_Driver/Src/stm32l1xx_hal_uart.o
 .text.UART_DMAError
                0x00000000080063e8       0x94 ./Drivers/STM32L1xx_HAL_Driver/Src/stm32l1xx_hal_uart.o
 .text.UART_WaitOnFlagUntilTimeout
                0x000000000800647c       0xdc ./Drivers/STM32L1xx_HAL_Driver/Src/stm32l1xx_hal_uart.o
 .text.UART_Start_Receive_DMA
                0x0000000008006558      0x134 ./Drivers/STM32L1xx_HAL_Driver/Src/stm32l1xx_hal_uart.o
                0x0000000008006558                UART_Start_Receive_DMA
 .text.UART_EndTxTransfer
                0x000000000800668c       0x4e ./Drivers/STM32L1xx_HAL_Driver/Src/stm32l1xx_hal_uart.o
 .text.UART_EndRxTransfer
                0x00000000080066da       0xc4 ./Drivers/STM32L1xx_HAL_Driver/Src/stm32l1xx_hal_uart.o
 .text.UART_DMAAbortOnError
                0x000000000800679e       0x28 ./Drivers/STM32L1xx_HAL_Driver/Src/stm32l1xx_hal_uart.o
 .text.UART_Transmit_IT
                0x00000000080067c6       0x9e ./Drivers/STM32L1xx_HAL_Driver/Src/stm32l1xx_hal_uart.o
 .text.UART_EndTransmit_IT
                0x0000000008006864       0x30 ./Drivers/STM32L1xx_HAL_Driver/Src/stm32l1xx_hal_uart.o
 .text.UART_Receive_IT
                0x0000000008006894      0x17c ./Drivers/STM32L1xx_HAL_Driver/Src/stm32l1xx_hal_uart.o
 .text.UART_SetConfig
                0x0000000008006a10      0x1c8 ./Drivers/STM32L1xx_HAL_Driver/Src/stm32l1xx_hal_uart.o
 .text.MX_FATFS_Init
                0x0000000008006bd8       0x24 ./FATFS/App/fatfs.o
                0x0000000008006bd8                MX_FATFS_Init
 .text.get_fattime
                0x0000000008006bfc        0xe ./FATFS/App/fatfs.o
                0x0000000008006bfc                get_fattime
 .text.USER_initialize
                0x0000000008006c0a       0x1c ./FATFS/Target/user_diskio.o
                0x0000000008006c0a                USER_initialize
 .text.USER_status
                0x0000000008006c26       0x1c ./FATFS/Target/user_diskio.o
                0x0000000008006c26                USER_status
 .text.USER_read
                0x0000000008006c42       0x26 ./FATFS/Target/user_diskio.o
                0x0000000008006c42                USER_read
 .text.USER_write
                0x0000000008006c68       0x26 ./FATFS/Target/user_diskio.o
                0x0000000008006c68                USER_write
 .text.USER_ioctl
                0x0000000008006c8e       0x26 ./FATFS/Target/user_diskio.o
                0x0000000008006c8e                USER_ioctl
 .text.disk_status
                0x0000000008006cb4       0x34 ./Middlewares/Third_Party/FatFs/src/diskio.o
                0x0000000008006cb4                disk_status
 .text.disk_initialize
                0x0000000008006ce8       0x4c ./Middlewares/Third_Party/FatFs/src/diskio.o
                0x0000000008006ce8                disk_initialize
 .text.disk_read
                0x0000000008006d34       0x40 ./Middlewares/Third_Party/FatFs/src/diskio.o
                0x0000000008006d34                disk_read
 .text.disk_write
                0x0000000008006d74       0x40 ./Middlewares/Third_Party/FatFs/src/diskio.o
                0x0000000008006d74                disk_write
 .text.disk_ioctl
                0x0000000008006db4       0x3c ./Middlewares/Third_Party/FatFs/src/diskio.o
                0x0000000008006db4                disk_ioctl
 .text.ld_word  0x0000000008006df0       0x2e ./Middlewares/Third_Party/FatFs/src/ff.o
 .text.ld_dword
                0x0000000008006e1e       0x44 ./Middlewares/Third_Party/FatFs/src/ff.o
 .text.st_word  0x0000000008006e62       0x34 ./Middlewares/Third_Party/FatFs/src/ff.o
 .text.st_dword
                0x0000000008006e96       0x56 ./Middlewares/Third_Party/FatFs/src/ff.o
 .text.mem_cpy  0x0000000008006eec       0x40 ./Middlewares/Third_Party/FatFs/src/ff.o
 .text.mem_set  0x0000000008006f2c       0x34 ./Middlewares/Third_Party/FatFs/src/ff.o
 .text.mem_cmp  0x0000000008006f60       0x4c ./Middlewares/Third_Party/FatFs/src/ff.o
 .text.chk_chr  0x0000000008006fac       0x34 ./Middlewares/Third_Party/FatFs/src/ff.o
 .text.chk_lock
                0x0000000008006fe0       0xb4 ./Middlewares/Third_Party/FatFs/src/ff.o
 .text.enq_lock
                0x0000000008007094       0x40 ./Middlewares/Third_Party/FatFs/src/ff.o
 .text.inc_lock
                0x00000000080070d4      0x11c ./Middlewares/Third_Party/FatFs/src/ff.o
 .text.dec_lock
                0x00000000080071f0       0x74 ./Middlewares/Third_Party/FatFs/src/ff.o
 .text.clear_lock
                0x0000000008007264       0x48 ./Middlewares/Third_Party/FatFs/src/ff.o
 .text.sync_window
                0x00000000080072ac       0x88 ./Middlewares/Third_Party/FatFs/src/ff.o
 .text.move_window
                0x0000000008007334       0x5a ./Middlewares/Third_Party/FatFs/src/ff.o
 *fill*         0x000000000800738e        0x2 
 .text.sync_fs  0x0000000008007390       0xe0 ./Middlewares/Third_Party/FatFs/src/ff.o
 .text.clust2sect
                0x0000000008007470       0x3c ./Middlewares/Third_Party/FatFs/src/ff.o
 .text.get_fat  0x00000000080074ac      0x1a8 ./Middlewares/Third_Party/FatFs/src/ff.o
 .text.put_fat  0x0000000008007654      0x238 ./Middlewares/Third_Party/FatFs/src/ff.o
 .text.remove_chain
                0x000000000800788c       0xca ./Middlewares/Third_Party/FatFs/src/ff.o
 .text.create_chain
                0x0000000008007956      0x130 ./Middlewares/Third_Party/FatFs/src/ff.o
 .text.clmt_clust
                0x0000000008007a86       0x6e ./Middlewares/Third_Party/FatFs/src/ff.o
 .text.dir_sdi  0x0000000008007af4      0x112 ./Middlewares/Third_Party/FatFs/src/ff.o
 .text.dir_next
                0x0000000008007c06      0x1ac ./Middlewares/Third_Party/FatFs/src/ff.o
 .text.dir_alloc
                0x0000000008007db2       0x8e ./Middlewares/Third_Party/FatFs/src/ff.o
 .text.ld_clust
                0x0000000008007e40       0x3e ./Middlewares/Third_Party/FatFs/src/ff.o
 .text.st_clust
                0x0000000008007e7e       0x40 ./Middlewares/Third_Party/FatFs/src/ff.o
 *fill*         0x0000000008007ebe        0x2 
 .text.cmp_lfn  0x0000000008007ec0       0xe0 ./Middlewares/Third_Party/FatFs/src/ff.o
 .text.put_lfn  0x0000000008007fa0       0xd0 ./Middlewares/Third_Party/FatFs/src/ff.o
 .text.gen_numname
                0x0000000008008070      0x11c ./Middlewares/Third_Party/FatFs/src/ff.o
 .text.sum_sfn  0x000000000800818c       0x40 ./Middlewares/Third_Party/FatFs/src/ff.o
 .text.dir_find
                0x00000000080081cc      0x180 ./Middlewares/Third_Party/FatFs/src/ff.o
 .text.dir_register
                0x000000000800834c      0x1f0 ./Middlewares/Third_Party/FatFs/src/ff.o
 .text.create_name
                0x000000000800853c      0x370 ./Middlewares/Third_Party/FatFs/src/ff.o
 .text.follow_path
                0x00000000080088ac       0xec ./Middlewares/Third_Party/FatFs/src/ff.o
 .text.get_ldnumber
                0x0000000008008998       0x86 ./Middlewares/Third_Party/FatFs/src/ff.o
 *fill*         0x0000000008008a1e        0x2 
 .text.check_fs
                0x0000000008008a20       0xac ./Middlewares/Third_Party/FatFs/src/ff.o
 .text.find_volume
                0x0000000008008acc      0x50c ./Middlewares/Third_Party/FatFs/src/ff.o
 .text.validate
                0x0000000008008fd8       0x6a ./Middlewares/Third_Party/FatFs/src/ff.o
 *fill*         0x0000000008009042        0x2 
 .text.f_mount  0x0000000008009044       0x8c ./Middlewares/Third_Party/FatFs/src/ff.o
                0x0000000008009044                f_mount
 .text.f_open   0x00000000080090d0      0x398 ./Middlewares/Third_Party/FatFs/src/ff.o
                0x00000000080090d0                f_open
 .text.f_write  0x0000000008009468      0x328 ./Middlewares/Third_Party/FatFs/src/ff.o
                0x0000000008009468                f_write
 .text.f_sync   0x0000000008009790       0xfc ./Middlewares/Third_Party/FatFs/src/ff.o
                0x0000000008009790                f_sync
 .text.f_close  0x000000000800988c       0x54 ./Middlewares/Third_Party/FatFs/src/ff.o
                0x000000000800988c                f_close
 .text.f_getfree
                0x00000000080098e0      0x16a ./Middlewares/Third_Party/FatFs/src/ff.o
                0x00000000080098e0                f_getfree
 .text.f_mkdir  0x0000000008009a4a      0x21a ./Middlewares/Third_Party/FatFs/src/ff.o
                0x0000000008009a4a                f_mkdir
 .text.putc_bfd
                0x0000000008009c64       0x7a ./Middlewares/Third_Party/FatFs/src/ff.o
 .text.putc_flush
                0x0000000008009cde       0x4a ./Middlewares/Third_Party/FatFs/src/ff.o
 .text.putc_init
                0x0000000008009d28       0x28 ./Middlewares/Third_Party/FatFs/src/ff.o
 .text.f_printf
                0x0000000008009d50      0x43c ./Middlewares/Third_Party/FatFs/src/ff.o
                0x0000000008009d50                f_printf
 .text.FATFS_LinkDriverEx
                0x000000000800a18c       0x94 ./Middlewares/Third_Party/FatFs/src/ff_gen_drv.o
                0x000000000800a18c                FATFS_LinkDriverEx
 .text.FATFS_LinkDriver
                0x000000000800a220       0x1e ./Middlewares/Third_Party/FatFs/src/ff_gen_drv.o
                0x000000000800a220                FATFS_LinkDriver
 *fill*         0x000000000800a23e        0x2 
 .text.ff_convert
                0x000000000800a240       0x74 ./Middlewares/Third_Party/FatFs/src/option/ccsbcs.o
                0x000000000800a240                ff_convert
 .text.ff_wtoupper
                0x000000000800a2b4      0x110 ./Middlewares/Third_Party/FatFs/src/option/ccsbcs.o
                0x000000000800a2b4                ff_wtoupper
 .text.SELECT   0x000000000800a3c4       0x1c ./PRETREATMENT/SD_CARD/fatfs_sd.o
 .text.DESELECT
                0x000000000800a3e0       0x1c ./PRETREATMENT/SD_CARD/fatfs_sd.o
 .text.SPI_TxByte
                0x000000000800a3fc       0x34 ./PRETREATMENT/SD_CARD/fatfs_sd.o
 .text.SPI_TxBuffer
                0x000000000800a430       0x34 ./PRETREATMENT/SD_CARD/fatfs_sd.o
 .text.SPI_RxByte
                0x000000000800a464       0x38 ./PRETREATMENT/SD_CARD/fatfs_sd.o
 .text.SPI_RxBytePtr
                0x000000000800a49c       0x1c ./PRETREATMENT/SD_CARD/fatfs_sd.o
 .text.SD_ReadyWait
                0x000000000800a4b8       0x34 ./PRETREATMENT/SD_CARD/fatfs_sd.o
 .text.SD_PowerOn
                0x000000000800a4ec       0x84 ./PRETREATMENT/SD_CARD/fatfs_sd.o
 .text.SD_PowerOff
                0x000000000800a570       0x18 ./PRETREATMENT/SD_CARD/fatfs_sd.o
 .text.SD_CheckPower
                0x000000000800a588       0x14 ./PRETREATMENT/SD_CARD/fatfs_sd.o
 .text.SD_RxDataBlock
                0x000000000800a59c       0x60 ./PRETREATMENT/SD_CARD/fatfs_sd.o
 .text.SD_TxDataBlock
                0x000000000800a5fc       0x86 ./PRETREATMENT/SD_CARD/fatfs_sd.o
 .text.SD_SendCmd
                0x000000000800a682       0xa8 ./PRETREATMENT/SD_CARD/fatfs_sd.o
 *fill*         0x000000000800a72a        0x2 
 .text.SD_disk_initialize
                0x000000000800a72c      0x1d8 ./PRETREATMENT/SD_CARD/fatfs_sd.o
                0x000000000800a72c                SD_disk_initialize
 .text.SD_disk_status
                0x000000000800a904       0x28 ./PRETREATMENT/SD_CARD/fatfs_sd.o
                0x000000000800a904                SD_disk_status
 .text.SD_disk_read
                0x000000000800a92c       0xd4 ./PRETREATMENT/SD_CARD/fatfs_sd.o
                0x000000000800a92c                SD_disk_read
 .text.SD_disk_write
                0x000000000800aa00      0x108 ./PRETREATMENT/SD_CARD/fatfs_sd.o
                0x000000000800aa00                SD_disk_write
 .text.SD_disk_ioctl
                0x000000000800ab08      0x258 ./PRETREATMENT/SD_CARD/fatfs_sd.o
                0x000000000800ab08                SD_disk_ioctl
 .text.clear_buffer
                0x000000000800ad60       0x34 ./PRETREATMENT/SD_CARD/sd_card.o
                0x000000000800ad60                clear_buffer
 .text.sd_mount
                0x000000000800ad94       0x44 ./PRETREATMENT/SD_CARD/sd_card.o
                0x000000000800ad94                sd_mount
 .text.sd_check_space
                0x000000000800add8       0xc4 ./PRETREATMENT/SD_CARD/sd_card.o
                0x000000000800add8                sd_check_space
 .text.SD_creat_file
                0x000000000800ae9c       0x4c ./PRETREATMENT/SD_CARD/sd_card.o
                0x000000000800ae9c                SD_creat_file
 .text.SD_sendData
                0x000000000800aee8       0x44 ./PRETREATMENT/SD_CARD/sd_card.o
                0x000000000800aee8                SD_sendData
 .text.SIM7600_init
                0x000000000800af2c       0x2c ./PRETREATMENT/SIM7600/sim7600.o
                0x000000000800af2c                SIM7600_init
 .text.sendATcommand
                0x000000000800af58      0x100 ./PRETREATMENT/SIM7600/sim7600.o
                0x000000000800af58                sendATcommand
 .text.SIM7600_Start
                0x000000000800b058       0xb0 ./PRETREATMENT/SIM7600/sim7600.o
                0x000000000800b058                SIM7600_Start
 .text.SIM7600_httpStart
                0x000000000800b108       0x38 ./PRETREATMENT/SIM7600/sim7600.o
                0x000000000800b108                SIM7600_httpStart
 .text.SIM7600_httpStop
                0x000000000800b140       0x30 ./PRETREATMENT/SIM7600/sim7600.o
                0x000000000800b140                SIM7600_httpStop
 .text.SIM7600_setUrl
                0x000000000800b170       0x64 ./PRETREATMENT/SIM7600/sim7600.o
                0x000000000800b170                SIM7600_setUrl
 .text.SIM7600_httpPost
                0x000000000800b1d4       0xd4 ./PRETREATMENT/SIM7600/sim7600.o
                0x000000000800b1d4                SIM7600_httpPost
 .text.SIM7600_getTime
                0x000000000800b2a8       0x58 ./PRETREATMENT/SIM7600/sim7600.o
                0x000000000800b2a8                SIM7600_getTime
 .text.initCounter
                0x000000000800b300       0x24 ./PROCESSING/DATA/data.o
                0x000000000800b300                initCounter
 .text.dataInit
                0x000000000800b324       0x28 ./PROCESSING/DATA/data.o
                0x000000000800b324                dataInit
 .text.evenMode
                0x000000000800b34c       0x18 ./PROCESSING/DATA/data.o
                0x000000000800b34c                evenMode
 .text.countTime
                0x000000000800b364       0x18 ./PROCESSING/DATA/data.o
                0x000000000800b364                countTime
 .text.dataGetTime
                0x000000000800b37c      0x168 ./PROCESSING/DATA/data.o
                0x000000000800b37c                dataGetTime
 .text.handleData
                0x000000000800b4e4       0xd8 ./PROCESSING/DATA/data.o
                0x000000000800b4e4                handleData
 .text.SD_Init  0x000000000800b5bc       0x22 ./PROCESSING/SD/sd.o
                0x000000000800b5bc                SD_Init
 *fill*         0x000000000800b5de        0x2 
 .text.SD_CreatFile
                0x000000000800b5e0       0x94 ./PROCESSING/SD/sd.o
                0x000000000800b5e0                SD_CreatFile
 .text.startSIM
                0x000000000800b674       0x28 ./PROCESSING/SIM/sim.o
                0x000000000800b674                startSIM
 .text.simInit  0x000000000800b69c       0x6c ./PROCESSING/SIM/sim.o
                0x000000000800b69c                simInit
 .text.getDateTime
                0x000000000800b708       0x8c ./PROCESSING/SIM/sim.o
                0x000000000800b708                getDateTime
 .text.getRealTime
                0x000000000800b794       0x90 ./PROCESSING/SIM/sim.o
                0x000000000800b794                getRealTime
 .text.sendDataFirebase
                0x000000000800b824       0x28 ./PROCESSING/SIM/sim.o
                0x000000000800b824                sendDataFirebase
 .text.__errno  0x000000000800b84c        0xc c:/st/stm32cubeide_1.12.0/stm32cubeide/plugins/com.st.stm32cube.ide.mcu.externaltools.gnu-tools-for-stm32.10.3-2021.10.win32_1.0.200.202301161003/tools/bin/../lib/gcc/arm-none-eabi/10.3.1/../../../../arm-none-eabi/lib/thumb/v7-m/nofp\libc_nano.a(lib_a-errno.o)
                0x000000000800b84c                __errno
 .text.__libc_init_array
                0x000000000800b858       0x48 c:/st/stm32cubeide_1.12.0/stm32cubeide/plugins/com.st.stm32cube.ide.mcu.externaltools.gnu-tools-for-stm32.10.3-2021.10.win32_1.0.200.202301161003/tools/bin/../lib/gcc/arm-none-eabi/10.3.1/../../../../arm-none-eabi/lib/thumb/v7-m/nofp\libc_nano.a(lib_a-init.o)
                0x000000000800b858                __libc_init_array
 .text.memcpy   0x000000000800b8a0       0x1c c:/st/stm32cubeide_1.12.0/stm32cubeide/plugins/com.st.stm32cube.ide.mcu.externaltools.gnu-tools-for-stm32.10.3-2021.10.win32_1.0.200.202301161003/tools/bin/../lib/gcc/arm-none-eabi/10.3.1/../../../../arm-none-eabi/lib/thumb/v7-m/nofp\libc_nano.a(lib_a-memcpy-stub.o)
                0x000000000800b8a0                memcpy
 .text.memset   0x000000000800b8bc       0x10 c:/st/stm32cubeide_1.12.0/stm32cubeide/plugins/com.st.stm32cube.ide.mcu.externaltools.gnu-tools-for-stm32.10.3-2021.10.win32_1.0.200.202301161003/tools/bin/../lib/gcc/arm-none-eabi/10.3.1/../../../../arm-none-eabi/lib/thumb/v7-m/nofp\libc_nano.a(lib_a-memset.o)
                0x000000000800b8bc                memset
 .text.__cvt    0x000000000800b8cc       0xbe c:/st/stm32cubeide_1.12.0/stm32cubeide/plugins/com.st.stm32cube.ide.mcu.externaltools.gnu-tools-for-stm32.10.3-2021.10.win32_1.0.200.202301161003/tools/bin/../lib/gcc/arm-none-eabi/10.3.1/../../../../arm-none-eabi/lib/thumb/v7-m/nofp\libc_nano.a(lib_a-nano-vfprintf_float.o)
                0x000000000800b8cc                __cvt
 .text.__exponent
                0x000000000800b98a       0x7c c:/st/stm32cubeide_1.12.0/stm32cubeide/plugins/com.st.stm32cube.ide.mcu.externaltools.gnu-tools-for-stm32.10.3-2021.10.win32_1.0.200.202301161003/tools/bin/../lib/gcc/arm-none-eabi/10.3.1/../../../../arm-none-eabi/lib/thumb/v7-m/nofp\libc_nano.a(lib_a-nano-vfprintf_float.o)
                0x000000000800b98a                __exponent
 *fill*         0x000000000800ba06        0x2 
 .text._printf_float
                0x000000000800ba08      0x458 c:/st/stm32cubeide_1.12.0/stm32cubeide/plugins/com.st.stm32cube.ide.mcu.externaltools.gnu-tools-for-stm32.10.3-2021.10.win32_1.0.200.202301161003/tools/bin/../lib/gcc/arm-none-eabi/10.3.1/../../../../arm-none-eabi/lib/thumb/v7-m/nofp\libc_nano.a(lib_a-nano-vfprintf_float.o)
                0x000000000800ba08                _printf_float
 .text._printf_common
                0x000000000800be60       0xde c:/st/stm32cubeide_1.12.0/stm32cubeide/plugins/com.st.stm32cube.ide.mcu.externaltools.gnu-tools-for-stm32.10.3-2021.10.win32_1.0.200.202301161003/tools/bin/../lib/gcc/arm-none-eabi/10.3.1/../../../../arm-none-eabi/lib/thumb/v7-m/nofp\libc_nano.a(lib_a-nano-vfprintf_i.o)
                0x000000000800be60                _printf_common
 *fill*         0x000000000800bf3e        0x2 
 .text._printf_i
                0x000000000800bf40      0x24c c:/st/stm32cubeide_1.12.0/stm32cubeide/plugins/com.st.stm32cube.ide.mcu.externaltools.gnu-tools-for-stm32.10.3-2021.10.win32_1.0.200.202301161003/tools/bin/../lib/gcc/arm-none-eabi/10.3.1/../../../../arm-none-eabi/lib/thumb/v7-m/nofp\libc_nano.a(lib_a-nano-vfprintf_i.o)
                0x000000000800bf40                _printf_i
 .text._scanf_float
                0x000000000800c18c      0x41c c:/st/stm32cubeide_1.12.0/stm32cubeide/plugins/com.st.stm32cube.ide.mcu.externaltools.gnu-tools-for-stm32.10.3-2021.10.win32_1.0.200.202301161003/tools/bin/../lib/gcc/arm-none-eabi/10.3.1/../../../../arm-none-eabi/lib/thumb/v7-m/nofp\libc_nano.a(lib_a-nano-vfscanf_float.o)
                0x000000000800c18c                _scanf_float
 .text.nanf     0x000000000800c5a8        0x8 c:/st/stm32cubeide_1.12.0/stm32cubeide/plugins/com.st.stm32cube.ide.mcu.externaltools.gnu-tools-for-stm32.10.3-2021.10.win32_1.0.200.202301161003/tools/bin/../lib/gcc/arm-none-eabi/10.3.1/../../../../arm-none-eabi/lib/thumb/v7-m/nofp\libc_nano.a(lib_a-sf_nan.o)
                0x000000000800c5a8                nanf
 .text.sprintf  0x000000000800c5b0       0x40 c:/st/stm32cubeide_1.12.0/stm32cubeide/plugins/com.st.stm32cube.ide.mcu.externaltools.gnu-tools-for-stm32.10.3-2021.10.win32_1.0.200.202301161003/tools/bin/../lib/gcc/arm-none-eabi/10.3.1/../../../../arm-none-eabi/lib/thumb/v7-m/nofp\libc_nano.a(lib_a-sprintf.o)
                0x000000000800c5b0                siprintf
                0x000000000800c5b0                sprintf
 .text.strstr   0x000000000800c5f0       0x2c c:/st/stm32cubeide_1.12.0/stm32cubeide/plugins/com.st.stm32cube.ide.mcu.externaltools.gnu-tools-for-stm32.10.3-2021.10.win32_1.0.200.202301161003/tools/bin/../lib/gcc/arm-none-eabi/10.3.1/../../../../arm-none-eabi/lib/thumb/v7-m/nofp\libc_nano.a(lib_a-strstr.o)
                0x000000000800c5f0                strstr
 .text.sulp     0x000000000800c61c       0x42 c:/st/stm32cubeide_1.12.0/stm32cubeide/plugins/com.st.stm32cube.ide.mcu.externaltools.gnu-tools-for-stm32.10.3-2021.10.win32_1.0.200.202301161003/tools/bin/../lib/gcc/arm-none-eabi/10.3.1/../../../../arm-none-eabi/lib/thumb/v7-m/nofp\libc_nano.a(lib_a-strtod.o)
 *fill*         0x000000000800c65e        0x2 
 .text._strtod_l
                0x000000000800c660      0xbd0 c:/st/stm32cubeide_1.12.0/stm32cubeide/plugins/com.st.stm32cube.ide.mcu.externaltools.gnu-tools-for-stm32.10.3-2021.10.win32_1.0.200.202301161003/tools/bin/../lib/gcc/arm-none-eabi/10.3.1/../../../../arm-none-eabi/lib/thumb/v7-m/nofp\libc_nano.a(lib_a-strtod.o)
                0x000000000800c660                _strtod_l
 .text._strtod_r
                0x000000000800d230        0xc c:/st/stm32cubeide_1.12.0/stm32cubeide/plugins/com.st.stm32cube.ide.mcu.externaltools.gnu-tools-for-stm32.10.3-2021.10.win32_1.0.200.202301161003/tools/bin/../lib/gcc/arm-none-eabi/10.3.1/../../../../arm-none-eabi/lib/thumb/v7-m/nofp\libc_nano.a(lib_a-strtod.o)
                0x000000000800d230                _strtod_r
 .text._strtol_l.constprop.0
                0x000000000800d23c       0xf8 c:/st/stm32cubeide_1.12.0/stm32cubeide/plugins/com.st.stm32cube.ide.mcu.externaltools.gnu-tools-for-stm32.10.3-2021.10.win32_1.0.200.202301161003/tools/bin/../lib/gcc/arm-none-eabi/10.3.1/../../../../arm-none-eabi/lib/thumb/v7-m/nofp\libc_nano.a(lib_a-strtol.o)
 .text._strtol_r
                0x000000000800d334        0x4 c:/st/stm32cubeide_1.12.0/stm32cubeide/plugins/com.st.stm32cube.ide.mcu.externaltools.gnu-tools-for-stm32.10.3-2021.10.win32_1.0.200.202301161003/tools/bin/../lib/gcc/arm-none-eabi/10.3.1/../../../../arm-none-eabi/lib/thumb/v7-m/nofp\libc_nano.a(lib_a-strtol.o)
                0x000000000800d334                _strtol_r
 .text.quorem   0x000000000800d338      0x118 c:/st/stm32cubeide_1.12.0/stm32cubeide/plugins/com.st.stm32cube.ide.mcu.externaltools.gnu-tools-for-stm32.10.3-2021.10.win32_1.0.200.202301161003/tools/bin/../lib/gcc/arm-none-eabi/10.3.1/../../../../arm-none-eabi/lib/thumb/v7-m/nofp\libc_nano.a(lib_a-dtoa.o)
 .text._dtoa_r  0x000000000800d450      0xbdc c:/st/stm32cubeide_1.12.0/stm32cubeide/plugins/com.st.stm32cube.ide.mcu.externaltools.gnu-tools-for-stm32.10.3-2021.10.win32_1.0.200.202301161003/tools/bin/../lib/gcc/arm-none-eabi/10.3.1/../../../../arm-none-eabi/lib/thumb/v7-m/nofp\libc_nano.a(lib_a-dtoa.o)
                0x000000000800d450                _dtoa_r
 .text.rshift   0x000000000800e02c       0xa6 c:/st/stm32cubeide_1.12.0/stm32cubeide/plugins/com.st.stm32cube.ide.mcu.externaltools.gnu-tools-for-stm32.10.3-2021.10.win32_1.0.200.202301161003/tools/bin/../lib/gcc/arm-none-eabi/10.3.1/../../../../arm-none-eabi/lib/thumb/v7-m/nofp\libc_nano.a(lib_a-gdtoa-gethex.o)
 .text.__hexdig_fun
                0x000000000800e0d2       0x2a c:/st/stm32cubeide_1.12.0/stm32cubeide/plugins/com.st.stm32cube.ide.mcu.externaltools.gnu-tools-for-stm32.10.3-2021.10.win32_1.0.200.202301161003/tools/bin/../lib/gcc/arm-none-eabi/10.3.1/../../../../arm-none-eabi/lib/thumb/v7-m/nofp\libc_nano.a(lib_a-gdtoa-gethex.o)
                0x000000000800e0d2                __hexdig_fun
 .text.__gethex
                0x000000000800e0fc      0x478 c:/st/stm32cubeide_1.12.0/stm32cubeide/plugins/com.st.stm32cube.ide.mcu.externaltools.gnu-tools-for-stm32.10.3-2021.10.win32_1.0.200.202301161003/tools/bin/../lib/gcc/arm-none-eabi/10.3.1/../../../../arm-none-eabi/lib/thumb/v7-m/nofp\libc_nano.a(lib_a-gdtoa-gethex.o)
                0x000000000800e0fc                __gethex
 .text.L_shift  0x000000000800e574       0x24 c:/st/stm32cubeide_1.12.0/stm32cubeide/plugins/com.st.stm32cube.ide.mcu.externaltools.gnu-tools-for-stm32.10.3-2021.10.win32_1.0.200.202301161003/tools/bin/../lib/gcc/arm-none-eabi/10.3.1/../../../../arm-none-eabi/lib/thumb/v7-m/nofp\libc_nano.a(lib_a-gdtoa-hexnan.o)
 .text.__match  0x000000000800e598       0x28 c:/st/stm32cubeide_1.12.0/stm32cubeide/plugins/com.st.stm32cube.ide.mcu.externaltools.gnu-tools-for-stm32.10.3-2021.10.win32_1.0.200.202301161003/tools/bin/../lib/gcc/arm-none-eabi/10.3.1/../../../../arm-none-eabi/lib/thumb/v7-m/nofp\libc_nano.a(lib_a-gdtoa-hexnan.o)
                0x000000000800e598                __match
 .text.__hexnan
                0x000000000800e5c0      0x138 c:/st/stm32cubeide_1.12.0/stm32cubeide/plugins/com.st.stm32cube.ide.mcu.externaltools.gnu-tools-for-stm32.10.3-2021.10.win32_1.0.200.202301161003/tools/bin/../lib/gcc/arm-none-eabi/10.3.1/../../../../arm-none-eabi/lib/thumb/v7-m/nofp\libc_nano.a(lib_a-gdtoa-hexnan.o)
                0x000000000800e5c0                __hexnan
 .text._localeconv_r
                0x000000000800e6f8        0x8 c:/st/stm32cubeide_1.12.0/stm32cubeide/plugins/com.st.stm32cube.ide.mcu.externaltools.gnu-tools-for-stm32.10.3-2021.10.win32_1.0.200.202301161003/tools/bin/../lib/gcc/arm-none-eabi/10.3.1/../../../../arm-none-eabi/lib/thumb/v7-m/nofp\libc_nano.a(lib_a-localeconv.o)
                0x000000000800e6f8                _localeconv_r
 .text.malloc   0x000000000800e700       0x10 c:/st/stm32cubeide_1.12.0/stm32cubeide/plugins/com.st.stm32cube.ide.mcu.externaltools.gnu-tools-for-stm32.10.3-2021.10.win32_1.0.200.202301161003/tools/bin/../lib/gcc/arm-none-eabi/10.3.1/../../../../arm-none-eabi/lib/thumb/v7-m/nofp\libc_nano.a(lib_a-malloc.o)
                0x000000000800e700                malloc
 .text.__ascii_mbtowc
                0x000000000800e710       0x24 c:/st/stm32cubeide_1.12.0/stm32cubeide/plugins/com.st.stm32cube.ide.mcu.externaltools.gnu-tools-for-stm32.10.3-2021.10.win32_1.0.200.202301161003/tools/bin/../lib/gcc/arm-none-eabi/10.3.1/../../../../arm-none-eabi/lib/thumb/v7-m/nofp\libc_nano.a(lib_a-mbtowc_r.o)
                0x000000000800e710                __ascii_mbtowc
 .text.memchr   0x000000000800e734       0x1c c:/st/stm32cubeide_1.12.0/stm32cubeide/plugins/com.st.stm32cube.ide.mcu.externaltools.gnu-tools-for-stm32.10.3-2021.10.win32_1.0.200.202301161003/tools/bin/../lib/gcc/arm-none-eabi/10.3.1/../../../../arm-none-eabi/lib/thumb/v7-m/nofp\libc_nano.a(lib_a-memchr-stub.o)
                0x000000000800e734                memchr
 .text._Balloc  0x000000000800e750       0x80 c:/st/stm32cubeide_1.12.0/stm32cubeide/plugins/com.st.stm32cube.ide.mcu.externaltools.gnu-tools-for-stm32.10.3-2021.10.win32_1.0.200.202301161003/tools/bin/../lib/gcc/arm-none-eabi/10.3.1/../../../../arm-none-eabi/lib/thumb/v7-m/nofp\libc_nano.a(lib_a-mprec.o)
                0x000000000800e750                _Balloc
 .text._Bfree   0x000000000800e7d0       0x44 c:/st/stm32cubeide_1.12.0/stm32cubeide/plugins/com.st.stm32cube.ide.mcu.externaltools.gnu-tools-for-stm32.10.3-2021.10.win32_1.0.200.202301161003/tools/bin/../lib/gcc/arm-none-eabi/10.3.1/../../../../arm-none-eabi/lib/thumb/v7-m/nofp\libc_nano.a(lib_a-mprec.o)
                0x000000000800e7d0                _Bfree
 .text.__multadd
                0x000000000800e814       0x8c c:/st/stm32cubeide_1.12.0/stm32cubeide/plugins/com.st.stm32cube.ide.mcu.externaltools.gnu-tools-for-stm32.10.3-2021.10.win32_1.0.200.202301161003/tools/bin/../lib/gcc/arm-none-eabi/10.3.1/../../../../arm-none-eabi/lib/thumb/v7-m/nofp\libc_nano.a(lib_a-mprec.o)
                0x000000000800e814                __multadd
 .text.__s2b    0x000000000800e8a0       0x94 c:/st/stm32cubeide_1.12.0/stm32cubeide/plugins/com.st.stm32cube.ide.mcu.externaltools.gnu-tools-for-stm32.10.3-2021.10.win32_1.0.200.202301161003/tools/bin/../lib/gcc/arm-none-eabi/10.3.1/../../../../arm-none-eabi/lib/thumb/v7-m/nofp\libc_nano.a(lib_a-mprec.o)
                0x000000000800e8a0                __s2b
 .text.__hi0bits
                0x000000000800e934       0x40 c:/st/stm32cubeide_1.12.0/stm32cubeide/plugins/com.st.stm32cube.ide.mcu.externaltools.gnu-tools-for-stm32.10.3-2021.10.win32_1.0.200.202301161003/tools/bin/../lib/gcc/arm-none-eabi/10.3.1/../../../../arm-none-eabi/lib/thumb/v7-m/nofp\libc_nano.a(lib_a-mprec.o)
                0x000000000800e934                __hi0bits
 .text.__lo0bits
                0x000000000800e974       0x5a c:/st/stm32cubeide_1.12.0/stm32cubeide/plugins/com.st.stm32cube.ide.mcu.externaltools.gnu-tools-for-stm32.10.3-2021.10.win32_1.0.200.202301161003/tools/bin/../lib/gcc/arm-none-eabi/10.3.1/../../../../arm-none-eabi/lib/thumb/v7-m/nofp\libc_nano.a(lib_a-mprec.o)
                0x000000000800e974                __lo0bits
 *fill*         0x000000000800e9ce        0x2 
 .text.__i2b    0x000000000800e9d0       0x2c c:/st/stm32cubeide_1.12.0/stm32cubeide/plugins/com.st.stm32cube.ide.mcu.externaltools.gnu-tools-for-stm32.10.3-2021.10.win32_1.0.200.202301161003/tools/bin/../lib/gcc/arm-none-eabi/10.3.1/../../../../arm-none-eabi/lib/thumb/v7-m/nofp\libc_nano.a(lib_a-mprec.o)
                0x000000000800e9d0                __i2b
 .text.__multiply
                0x000000000800e9fc      0x150 c:/st/stm32cubeide_1.12.0/stm32cubeide/plugins/com.st.stm32cube.ide.mcu.externaltools.gnu-tools-for-stm32.10.3-2021.10.win32_1.0.200.202301161003/tools/bin/../lib/gcc/arm-none-eabi/10.3.1/../../../../arm-none-eabi/lib/thumb/v7-m/nofp\libc_nano.a(lib_a-mprec.o)
                0x000000000800e9fc                __multiply
 .text.__pow5mult
                0x000000000800eb4c       0xb4 c:/st/stm32cubeide_1.12.0/stm32cubeide/plugins/com.st.stm32cube.ide.mcu.externaltools.gnu-tools-for-stm32.10.3-2021.10.win32_1.0.200.202301161003/tools/bin/../lib/gcc/arm-none-eabi/10.3.1/../../../../arm-none-eabi/lib/thumb/v7-m/nofp\libc_nano.a(lib_a-mprec.o)
                0x000000000800eb4c                __pow5mult
 .text.__lshift
                0x000000000800ec00       0xe0 c:/st/stm32cubeide_1.12.0/stm32cubeide/plugins/com.st.stm32cube.ide.mcu.externaltools.gnu-tools-for-stm32.10.3-2021.10.win32_1.0.200.202301161003/tools/bin/../lib/gcc/arm-none-eabi/10.3.1/../../../../arm-none-eabi/lib/thumb/v7-m/nofp\libc_nano.a(lib_a-mprec.o)
                0x000000000800ec00                __lshift
 .text.__mcmp   0x000000000800ece0       0x36 c:/st/stm32cubeide_1.12.0/stm32cubeide/plugins/com.st.stm32cube.ide.mcu.externaltools.gnu-tools-for-stm32.10.3-2021.10.win32_1.0.200.202301161003/tools/bin/../lib/gcc/arm-none-eabi/10.3.1/../../../../arm-none-eabi/lib/thumb/v7-m/nofp\libc_nano.a(lib_a-mprec.o)
                0x000000000800ece0                __mcmp
 *fill*         0x000000000800ed16        0x2 
 .text.__mdiff  0x000000000800ed18      0x118 c:/st/stm32cubeide_1.12.0/stm32cubeide/plugins/com.st.stm32cube.ide.mcu.externaltools.gnu-tools-for-stm32.10.3-2021.10.win32_1.0.200.202301161003/tools/bin/../lib/gcc/arm-none-eabi/10.3.1/../../../../arm-none-eabi/lib/thumb/v7-m/nofp\libc_nano.a(lib_a-mprec.o)
                0x000000000800ed18                __mdiff
 .text.__ulp    0x000000000800ee30       0x4c c:/st/stm32cubeide_1.12.0/stm32cubeide/plugins/com.st.stm32cube.ide.mcu.externaltools.gnu-tools-for-stm32.10.3-2021.10.win32_1.0.200.202301161003/tools/bin/../lib/gcc/arm-none-eabi/10.3.1/../../../../arm-none-eabi/lib/thumb/v7-m/nofp\libc_nano.a(lib_a-mprec.o)
                0x000000000800ee30                __ulp
 .text.__b2d    0x000000000800ee7c       0xa8 c:/st/stm32cubeide_1.12.0/stm32cubeide/plugins/com.st.stm32cube.ide.mcu.externaltools.gnu-tools-for-stm32.10.3-2021.10.win32_1.0.200.202301161003/tools/bin/../lib/gcc/arm-none-eabi/10.3.1/../../../../arm-none-eabi/lib/thumb/v7-m/nofp\libc_nano.a(lib_a-mprec.o)
                0x000000000800ee7c                __b2d
 .text.__d2b    0x000000000800ef24       0xb8 c:/st/stm32cubeide_1.12.0/stm32cubeide/plugins/com.st.stm32cube.ide.mcu.externaltools.gnu-tools-for-stm32.10.3-2021.10.win32_1.0.200.202301161003/tools/bin/../lib/gcc/arm-none-eabi/10.3.1/../../../../arm-none-eabi/lib/thumb/v7-m/nofp\libc_nano.a(lib_a-mprec.o)
                0x000000000800ef24                __d2b
 .text.__ratio  0x000000000800efdc       0x5c c:/st/stm32cubeide_1.12.0/stm32cubeide/plugins/com.st.stm32cube.ide.mcu.externaltools.gnu-tools-for-stm32.10.3-2021.10.win32_1.0.200.202301161003/tools/bin/../lib/gcc/arm-none-eabi/10.3.1/../../../../arm-none-eabi/lib/thumb/v7-m/nofp\libc_nano.a(lib_a-mprec.o)
                0x000000000800efdc                __ratio
 .text.__copybits
                0x000000000800f038       0x46 c:/st/stm32cubeide_1.12.0/stm32cubeide/plugins/com.st.stm32cube.ide.mcu.externaltools.gnu-tools-for-stm32.10.3-2021.10.win32_1.0.200.202301161003/tools/bin/../lib/gcc/arm-none-eabi/10.3.1/../../../../arm-none-eabi/lib/thumb/v7-m/nofp\libc_nano.a(lib_a-mprec.o)
                0x000000000800f038                __copybits
 .text.__any_on
                0x000000000800f07e       0x42 c:/st/stm32cubeide_1.12.0/stm32cubeide/plugins/com.st.stm32cube.ide.mcu.externaltools.gnu-tools-for-stm32.10.3-2021.10.win32_1.0.200.202301161003/tools/bin/../lib/gcc/arm-none-eabi/10.3.1/../../../../arm-none-eabi/lib/thumb/v7-m/nofp\libc_nano.a(lib_a-mprec.o)
                0x000000000800f07e                __any_on
 .text._calloc_r
                0x000000000800f0c0       0x28 c:/st/stm32cubeide_1.12.0/stm32cubeide/plugins/com.st.stm32cube.ide.mcu.externaltools.gnu-tools-for-stm32.10.3-2021.10.win32_1.0.200.202301161003/tools/bin/../lib/gcc/arm-none-eabi/10.3.1/../../../../arm-none-eabi/lib/thumb/v7-m/nofp\libc_nano.a(lib_a-nano-callocr.o)
                0x000000000800f0c0                _calloc_r
 .text._free_r  0x000000000800f0e8       0x90 c:/st/stm32cubeide_1.12.0/stm32cubeide/plugins/com.st.stm32cube.ide.mcu.externaltools.gnu-tools-for-stm32.10.3-2021.10.win32_1.0.200.202301161003/tools/bin/../lib/gcc/arm-none-eabi/10.3.1/../../../../arm-none-eabi/lib/thumb/v7-m/nofp\libc_nano.a(lib_a-nano-freer.o)
                0x000000000800f0e8                _free_r
 .text.sbrk_aligned
                0x000000000800f178       0x40 c:/st/stm32cubeide_1.12.0/stm32cubeide/plugins/com.st.stm32cube.ide.mcu.externaltools.gnu-tools-for-stm32.10.3-2021.10.win32_1.0.200.202301161003/tools/bin/../lib/gcc/arm-none-eabi/10.3.1/../../../../arm-none-eabi/lib/thumb/v7-m/nofp\libc_nano.a(lib_a-nano-mallocr.o)
 .text._malloc_r
                0x000000000800f1b8       0xe8 c:/st/stm32cubeide_1.12.0/stm32cubeide/plugins/com.st.stm32cube.ide.mcu.externaltools.gnu-tools-for-stm32.10.3-2021.10.win32_1.0.200.202301161003/tools/bin/../lib/gcc/arm-none-eabi/10.3.1/../../../../arm-none-eabi/lib/thumb/v7-m/nofp\libc_nano.a(lib_a-nano-mallocr.o)
                0x000000000800f1b8                _malloc_r
 .text.__ssputs_r
                0x000000000800f2a0       0xb6 c:/st/stm32cubeide_1.12.0/stm32cubeide/plugins/com.st.stm32cube.ide.mcu.externaltools.gnu-tools-for-stm32.10.3-2021.10.win32_1.0.200.202301161003/tools/bin/../lib/gcc/arm-none-eabi/10.3.1/../../../../arm-none-eabi/lib/thumb/v7-m/nofp\libc_nano.a(lib_a-nano-svfprintf.o)
                0x000000000800f2a0                __ssputs_r
 *fill*         0x000000000800f356        0x2 
 .text._svfprintf_r
                0x000000000800f358      0x200 c:/st/stm32cubeide_1.12.0/stm32cubeide/plugins/com.st.stm32cube.ide.mcu.externaltools.gnu-tools-for-stm32.10.3-2021.10.win32_1.0.200.202301161003/tools/bin/../lib/gcc/arm-none-eabi/10.3.1/../../../../arm-none-eabi/lib/thumb/v7-m/nofp\libc_nano.a(lib_a-nano-svfprintf.o)
                0x000000000800f358                _svfiprintf_r
                0x000000000800f358                _svfprintf_r
 .text.nan      0x000000000800f558        0xc c:/st/stm32cubeide_1.12.0/stm32cubeide/plugins/com.st.stm32cube.ide.mcu.externaltools.gnu-tools-for-stm32.10.3-2021.10.win32_1.0.200.202301161003/tools/bin/../lib/gcc/arm-none-eabi/10.3.1/../../../../arm-none-eabi/lib/thumb/v7-m/nofp\libc_nano.a(lib_a-s_nan.o)
                0x000000000800f558                nan
 .text._sbrk_r  0x000000000800f564       0x20 c:/st/stm32cubeide_1.12.0/stm32cubeide/plugins/com.st.stm32cube.ide.mcu.externaltools.gnu-tools-for-stm32.10.3-2021.10.win32_1.0.200.202301161003/tools/bin/../lib/gcc/arm-none-eabi/10.3.1/../../../../arm-none-eabi/lib/thumb/v7-m/nofp\libc_nano.a(lib_a-sbrkr.o)
                0x000000000800f564                _sbrk_r
 .text.strncmp  0x000000000800f584       0x28 c:/st/stm32cubeide_1.12.0/stm32cubeide/plugins/com.st.stm32cube.ide.mcu.externaltools.gnu-tools-for-stm32.10.3-2021.10.win32_1.0.200.202301161003/tools/bin/../lib/gcc/arm-none-eabi/10.3.1/../../../../arm-none-eabi/lib/thumb/v7-m/nofp\libc_nano.a(lib_a-strncmp.o)
                0x000000000800f584                strncmp
 .text.__ascii_wctomb
                0x000000000800f5ac       0x1a c:/st/stm32cubeide_1.12.0/stm32cubeide/plugins/com.st.stm32cube.ide.mcu.externaltools.gnu-tools-for-stm32.10.3-2021.10.win32_1.0.200.202301161003/tools/bin/../lib/gcc/arm-none-eabi/10.3.1/../../../../arm-none-eabi/lib/thumb/v7-m/nofp\libc_nano.a(lib_a-wctomb_r.o)
                0x000000000800f5ac                __ascii_wctomb
 *fill*         0x000000000800f5c6        0x2 
 .text.__assert_func
                0x000000000800f5c8       0x3c c:/st/stm32cubeide_1.12.0/stm32cubeide/plugins/com.st.stm32cube.ide.mcu.externaltools.gnu-tools-for-stm32.10.3-2021.10.win32_1.0.200.202301161003/tools/bin/../lib/gcc/arm-none-eabi/10.3.1/../../../../arm-none-eabi/lib/thumb/v7-m/nofp\libc_nano.a(lib_a-assert.o)
                0x000000000800f5c8                __assert_func
 .text.fprintf  0x000000000800f604       0x24 c:/st/stm32cubeide_1.12.0/stm32cubeide/plugins/com.st.stm32cube.ide.mcu.externaltools.gnu-tools-for-stm32.10.3-2021.10.win32_1.0.200.202301161003/tools/bin/../lib/gcc/arm-none-eabi/10.3.1/../../../../arm-none-eabi/lib/thumb/v7-m/nofp\libc_nano.a(lib_a-fprintf.o)
                0x000000000800f604                fiprintf
                0x000000000800f604                fprintf
 .text.memmove  0x000000000800f628       0x34 c:/st/stm32cubeide_1.12.0/stm32cubeide/plugins/com.st.stm32cube.ide.mcu.externaltools.gnu-tools-for-stm32.10.3-2021.10.win32_1.0.200.202301161003/tools/bin/../lib/gcc/arm-none-eabi/10.3.1/../../../../arm-none-eabi/lib/thumb/v7-m/nofp\libc_nano.a(lib_a-memmove.o)
                0x000000000800f628                memmove
 .text.__malloc_lock
                0x000000000800f65c        0xc c:/st/stm32cubeide_1.12.0/stm32cubeide/plugins/com.st.stm32cube.ide.mcu.externaltools.gnu-tools-for-stm32.10.3-2021.10.win32_1.0.200.202301161003/tools/bin/../lib/gcc/arm-none-eabi/10.3.1/../../../../arm-none-eabi/lib/thumb/v7-m/nofp\libc_nano.a(lib_a-mlock.o)
                0x000000000800f65c                __malloc_lock
 .text.__malloc_unlock
                0x000000000800f668        0xc c:/st/stm32cubeide_1.12.0/stm32cubeide/plugins/com.st.stm32cube.ide.mcu.externaltools.gnu-tools-for-stm32.10.3-2021.10.win32_1.0.200.202301161003/tools/bin/../lib/gcc/arm-none-eabi/10.3.1/../../../../arm-none-eabi/lib/thumb/v7-m/nofp\libc_nano.a(lib_a-mlock.o)
                0x000000000800f668                __malloc_unlock
 .text._realloc_r
                0x000000000800f674       0x5e c:/st/stm32cubeide_1.12.0/stm32cubeide/plugins/com.st.stm32cube.ide.mcu.externaltools.gnu-tools-for-stm32.10.3-2021.10.win32_1.0.200.202301161003/tools/bin/../lib/gcc/arm-none-eabi/10.3.1/../../../../arm-none-eabi/lib/thumb/v7-m/nofp\libc_nano.a(lib_a-nano-reallocr.o)
                0x000000000800f674                _realloc_r
 .text.__sfputc_r
                0x000000000800f6d2       0x2a c:/st/stm32cubeide_1.12.0/stm32cubeide/plugins/com.st.stm32cube.ide.mcu.externaltools.gnu-tools-for-stm32.10.3-2021.10.win32_1.0.200.202301161003/tools/bin/../lib/gcc/arm-none-eabi/10.3.1/../../../../arm-none-eabi/lib/thumb/v7-m/nofp\libc_nano.a(lib_a-nano-vfprintf.o)
 .text.__sfputs_r
                0x000000000800f6fc       0x24 c:/st/stm32cubeide_1.12.0/stm32cubeide/plugins/com.st.stm32cube.ide.mcu.externaltools.gnu-tools-for-stm32.10.3-2021.10.win32_1.0.200.202301161003/tools/bin/../lib/gcc/arm-none-eabi/10.3.1/../../../../arm-none-eabi/lib/thumb/v7-m/nofp\libc_nano.a(lib_a-nano-vfprintf.o)
                0x000000000800f6fc                __sfputs_r
 .text._vfprintf_r
                0x000000000800f720      0x260 c:/st/stm32cubeide_1.12.0/stm32cubeide/plugins/com.st.stm32cube.ide.mcu.externaltools.gnu-tools-for-stm32.10.3-2021.10.win32_1.0.200.202301161003/tools/bin/../lib/gcc/arm-none-eabi/10.3.1/../../../../arm-none-eabi/lib/thumb/v7-m/nofp\libc_nano.a(lib_a-nano-vfprintf.o)
                0x000000000800f720                _vfprintf_r
                0x000000000800f720                _vfiprintf_r
 .text.__swbuf_r
                0x000000000800f980       0xa4 c:/st/stm32cubeide_1.12.0/stm32cubeide/plugins/com.st.stm32cube.ide.mcu.externaltools.gnu-tools-for-stm32.10.3-2021.10.win32_1.0.200.202301161003/tools/bin/../lib/gcc/arm-none-eabi/10.3.1/../../../../arm-none-eabi/lib/thumb/v7-m/nofp\libc_nano.a(lib_a-wbuf.o)
                0x000000000800f980                __swbuf_r
 .text.__swsetup_r
                0x000000000800fa24       0xdc c:/st/stm32cubeide_1.12.0/stm32cubeide/plugins/com.st.stm32cube.ide.mcu.externaltools.gnu-tools-for-stm32.10.3-2021.10.win32_1.0.200.202301161003/tools/bin/../lib/gcc/arm-none-eabi/10.3.1/../../../../arm-none-eabi/lib/thumb/v7-m/nofp\libc_nano.a(lib_a-wsetup.o)
                0x000000000800fa24                __swsetup_r
 .text.abort    0x000000000800fb00        0xe c:/st/stm32cubeide_1.12.0/stm32cubeide/plugins/com.st.stm32cube.ide.mcu.externaltools.gnu-tools-for-stm32.10.3-2021.10.win32_1.0.200.202301161003/tools/bin/../lib/gcc/arm-none-eabi/10.3.1/../../../../arm-none-eabi/lib/thumb/v7-m/nofp\libc_nano.a(lib_a-abort.o)
                0x000000000800fb00                abort
 *fill*         0x000000000800fb0e        0x2 
 .text.__sflush_r
                0x000000000800fb10      0x104 c:/st/stm32cubeide_1.12.0/stm32cubeide/plugins/com.st.stm32cube.ide.mcu.externaltools.gnu-tools-for-stm32.10.3-2021.10.win32_1.0.200.202301161003/tools/bin/../lib/gcc/arm-none-eabi/10.3.1/../../../../arm-none-eabi/lib/thumb/v7-m/nofp\libc_nano.a(lib_a-fflush.o)
                0x000000000800fb10                __sflush_r
 .text._fflush_r
                0x000000000800fc14       0x78 c:/st/stm32cubeide_1.12.0/stm32cubeide/plugins/com.st.stm32cube.ide.mcu.externaltools.gnu-tools-for-stm32.10.3-2021.10.win32_1.0.200.202301161003/tools/bin/../lib/gcc/arm-none-eabi/10.3.1/../../../../arm-none-eabi/lib/thumb/v7-m/nofp\libc_nano.a(lib_a-fflush.o)
                0x000000000800fc14                _fflush_r
 .text.std      0x000000000800fc8c       0x48 c:/st/stm32cubeide_1.12.0/stm32cubeide/plugins/com.st.stm32cube.ide.mcu.externaltools.gnu-tools-for-stm32.10.3-2021.10.win32_1.0.200.202301161003/tools/bin/../lib/gcc/arm-none-eabi/10.3.1/../../../../arm-none-eabi/lib/thumb/v7-m/nofp\libc_nano.a(lib_a-findfp.o)
 .text._cleanup_r
                0x000000000800fcd4        0xc c:/st/stm32cubeide_1.12.0/stm32cubeide/plugins/com.st.stm32cube.ide.mcu.externaltools.gnu-tools-for-stm32.10.3-2021.10.win32_1.0.200.202301161003/tools/bin/../lib/gcc/arm-none-eabi/10.3.1/../../../../arm-none-eabi/lib/thumb/v7-m/nofp\libc_nano.a(lib_a-findfp.o)
                0x000000000800fcd4                _cleanup_r
 .text.__sfmoreglue
                0x000000000800fce0       0x2c c:/st/stm32cubeide_1.12.0/stm32cubeide/plugins/com.st.stm32cube.ide.mcu.externaltools.gnu-tools-for-stm32.10.3-2021.10.win32_1.0.200.202301161003/tools/bin/../lib/gcc/arm-none-eabi/10.3.1/../../../../arm-none-eabi/lib/thumb/v7-m/nofp\libc_nano.a(lib_a-findfp.o)
                0x000000000800fce0                __sfmoreglue
 .text.__sfp_lock_acquire
                0x000000000800fd0c        0xc c:/st/stm32cubeide_1.12.0/stm32cubeide/plugins/com.st.stm32cube.ide.mcu.externaltools.gnu-tools-for-stm32.10.3-2021.10.win32_1.0.200.202301161003/tools/bin/../lib/gcc/arm-none-eabi/10.3.1/../../../../arm-none-eabi/lib/thumb/v7-m/nofp\libc_nano.a(lib_a-findfp.o)
                0x000000000800fd0c                __sfp_lock_acquire
 .text.__sfp_lock_release
                0x000000000800fd18        0xc c:/st/stm32cubeide_1.12.0/stm32cubeide/plugins/com.st.stm32cube.ide.mcu.externaltools.gnu-tools-for-stm32.10.3-2021.10.win32_1.0.200.202301161003/tools/bin/../lib/gcc/arm-none-eabi/10.3.1/../../../../arm-none-eabi/lib/thumb/v7-m/nofp\libc_nano.a(lib_a-findfp.o)
                0x000000000800fd18                __sfp_lock_release
 .text.__sinit_lock_acquire
                0x000000000800fd24        0xc c:/st/stm32cubeide_1.12.0/stm32cubeide/plugins/com.st.stm32cube.ide.mcu.externaltools.gnu-tools-for-stm32.10.3-2021.10.win32_1.0.200.202301161003/tools/bin/../lib/gcc/arm-none-eabi/10.3.1/../../../../arm-none-eabi/lib/thumb/v7-m/nofp\libc_nano.a(lib_a-findfp.o)
                0x000000000800fd24                __sinit_lock_acquire
 .text.__sinit_lock_release
                0x000000000800fd30        0xc c:/st/stm32cubeide_1.12.0/stm32cubeide/plugins/com.st.stm32cube.ide.mcu.externaltools.gnu-tools-for-stm32.10.3-2021.10.win32_1.0.200.202301161003/tools/bin/../lib/gcc/arm-none-eabi/10.3.1/../../../../arm-none-eabi/lib/thumb/v7-m/nofp\libc_nano.a(lib_a-findfp.o)
                0x000000000800fd30                __sinit_lock_release
 .text.__sinit  0x000000000800fd3c       0x70 c:/st/stm32cubeide_1.12.0/stm32cubeide/plugins/com.st.stm32cube.ide.mcu.externaltools.gnu-tools-for-stm32.10.3-2021.10.win32_1.0.200.202301161003/tools/bin/../lib/gcc/arm-none-eabi/10.3.1/../../../../arm-none-eabi/lib/thumb/v7-m/nofp\libc_nano.a(lib_a-findfp.o)
                0x000000000800fd3c                __sinit
 .text.__sfp    0x000000000800fdac       0x8c c:/st/stm32cubeide_1.12.0/stm32cubeide/plugins/com.st.stm32cube.ide.mcu.externaltools.gnu-tools-for-stm32.10.3-2021.10.win32_1.0.200.202301161003/tools/bin/../lib/gcc/arm-none-eabi/10.3.1/../../../../arm-none-eabi/lib/thumb/v7-m/nofp\libc_nano.a(lib_a-findfp.o)
                0x000000000800fdac                __sfp
 .text._fwalk_reent
                0x000000000800fe38       0x3e c:/st/stm32cubeide_1.12.0/stm32cubeide/plugins/com.st.stm32cube.ide.mcu.externaltools.gnu-tools-for-stm32.10.3-2021.10.win32_1.0.200.202301161003/tools/bin/../lib/gcc/arm-none-eabi/10.3.1/../../../../arm-none-eabi/lib/thumb/v7-m/nofp\libc_nano.a(lib_a-fwalk.o)
                0x000000000800fe38                _fwalk_reent
 .text.__retarget_lock_init_recursive
                0x000000000800fe76        0x2 c:/st/stm32cubeide_1.12.0/stm32cubeide/plugins/com.st.stm32cube.ide.mcu.externaltools.gnu-tools-for-stm32.10.3-2021.10.win32_1.0.200.202301161003/tools/bin/../lib/gcc/arm-none-eabi/10.3.1/../../../../arm-none-eabi/lib/thumb/v7-m/nofp\libc_nano.a(lib_a-lock.o)
                0x000000000800fe76                __retarget_lock_init_recursive
 .text.__retarget_lock_acquire_recursive
                0x000000000800fe78        0x2 c:/st/stm32cubeide_1.12.0/stm32cubeide/plugins/com.st.stm32cube.ide.mcu.externaltools.gnu-tools-for-stm32.10.3-2021.10.win32_1.0.200.202301161003/tools/bin/../lib/gcc/arm-none-eabi/10.3.1/../../../../arm-none-eabi/lib/thumb/v7-m/nofp\libc_nano.a(lib_a-lock.o)
                0x000000000800fe78                __retarget_lock_acquire_recursive
 .text.__retarget_lock_release_recursive
                0x000000000800fe7a        0x2 c:/st/stm32cubeide_1.12.0/stm32cubeide/plugins/com.st.stm32cube.ide.mcu.externaltools.gnu-tools-for-stm32.10.3-2021.10.win32_1.0.200.202301161003/tools/bin/../lib/gcc/arm-none-eabi/10.3.1/../../../../arm-none-eabi/lib/thumb/v7-m/nofp\libc_nano.a(lib_a-lock.o)
                0x000000000800fe7a                __retarget_lock_release_recursive
 .text.__swhatbuf_r
                0x000000000800fe7c       0x4a c:/st/stm32cubeide_1.12.0/stm32cubeide/plugins/com.st.stm32cube.ide.mcu.externaltools.gnu-tools-for-stm32.10.3-2021.10.win32_1.0.200.202301161003/tools/bin/../lib/gcc/arm-none-eabi/10.3.1/../../../../arm-none-eabi/lib/thumb/v7-m/nofp\libc_nano.a(lib_a-makebuf.o)
                0x000000000800fe7c                __swhatbuf_r
 *fill*         0x000000000800fec6        0x2 
 .text.__smakebuf_r
                0x000000000800fec8       0x80 c:/st/stm32cubeide_1.12.0/stm32cubeide/plugins/com.st.stm32cube.ide.mcu.externaltools.gnu-tools-for-stm32.10.3-2021.10.win32_1.0.200.202301161003/tools/bin/../lib/gcc/arm-none-eabi/10.3.1/../../../../arm-none-eabi/lib/thumb/v7-m/nofp\libc_nano.a(lib_a-makebuf.o)
                0x000000000800fec8                __smakebuf_r
 .text._malloc_usable_size_r
                0x000000000800ff48       0x10 c:/st/stm32cubeide_1.12.0/stm32cubeide/plugins/com.st.stm32cube.ide.mcu.externaltools.gnu-tools-for-stm32.10.3-2021.10.win32_1.0.200.202301161003/tools/bin/../lib/gcc/arm-none-eabi/10.3.1/../../../../arm-none-eabi/lib/thumb/v7-m/nofp\libc_nano.a(lib_a-nano-msizer.o)
                0x000000000800ff48                _malloc_usable_size_r
 .text._raise_r
                0x000000000800ff58       0x50 c:/st/stm32cubeide_1.12.0/stm32cubeide/plugins/com.st.stm32cube.ide.mcu.externaltools.gnu-tools-for-stm32.10.3-2021.10.win32_1.0.200.202301161003/tools/bin/../lib/gcc/arm-none-eabi/10.3.1/../../../../arm-none-eabi/lib/thumb/v7-m/nofp\libc_nano.a(lib_a-signal.o)
                0x000000000800ff58                _raise_r
 .text.raise    0x000000000800ffa8       0x10 c:/st/stm32cubeide_1.12.0/stm32cubeide/plugins/com.st.stm32cube.ide.mcu.externaltools.gnu-tools-for-stm32.10.3-2021.10.win32_1.0.200.202301161003/tools/bin/../lib/gcc/arm-none-eabi/10.3.1/../../../../arm-none-eabi/lib/thumb/v7-m/nofp\libc_nano.a(lib_a-signal.o)
                0x000000000800ffa8                raise
 .text._kill_r  0x000000000800ffb8       0x24 c:/st/stm32cubeide_1.12.0/stm32cubeide/plugins/com.st.stm32cube.ide.mcu.externaltools.gnu-tools-for-stm32.10.3-2021.10.win32_1.0.200.202301161003/tools/bin/../lib/gcc/arm-none-eabi/10.3.1/../../../../arm-none-eabi/lib/thumb/v7-m/nofp\libc_nano.a(lib_a-signalr.o)
                0x000000000800ffb8                _kill_r
 .text._getpid_r
                0x000000000800ffdc        0x4 c:/st/stm32cubeide_1.12.0/stm32cubeide/plugins/com.st.stm32cube.ide.mcu.externaltools.gnu-tools-for-stm32.10.3-2021.10.win32_1.0.200.202301161003/tools/bin/../lib/gcc/arm-none-eabi/10.3.1/../../../../arm-none-eabi/lib/thumb/v7-m/nofp\libc_nano.a(lib_a-signalr.o)
                0x000000000800ffdc                _getpid_r
 .text.__sread  0x000000000800ffe0       0x22 c:/st/stm32cubeide_1.12.0/stm32cubeide/plugins/com.st.stm32cube.ide.mcu.externaltools.gnu-tools-for-stm32.10.3-2021.10.win32_1.0.200.202301161003/tools/bin/../lib/gcc/arm-none-eabi/10.3.1/../../../../arm-none-eabi/lib/thumb/v7-m/nofp\libc_nano.a(lib_a-stdio.o)
                0x000000000800ffe0                __sread
 .text.__swrite
                0x0000000008010002       0x38 c:/st/stm32cubeide_1.12.0/stm32cubeide/plugins/com.st.stm32cube.ide.mcu.externaltools.gnu-tools-for-stm32.10.3-2021.10.win32_1.0.200.202301161003/tools/bin/../lib/gcc/arm-none-eabi/10.3.1/../../../../arm-none-eabi/lib/thumb/v7-m/nofp\libc_nano.a(lib_a-stdio.o)
                0x0000000008010002                __swrite
 .text.__sseek  0x000000000801003a       0x24 c:/st/stm32cubeide_1.12.0/stm32cubeide/plugins/com.st.stm32cube.ide.mcu.externaltools.gnu-tools-for-stm32.10.3-2021.10.win32_1.0.200.202301161003/tools/bin/../lib/gcc/arm-none-eabi/10.3.1/../../../../arm-none-eabi/lib/thumb/v7-m/nofp\libc_nano.a(lib_a-stdio.o)
                0x000000000801003a                __sseek
 .text.__sclose
                0x000000000801005e        0x8 c:/st/stm32cubeide_1.12.0/stm32cubeide/plugins/com.st.stm32cube.ide.mcu.externaltools.gnu-tools-for-stm32.10.3-2021.10.win32_1.0.200.202301161003/tools/bin/../lib/gcc/arm-none-eabi/10.3.1/../../../../arm-none-eabi/lib/thumb/v7-m/nofp\libc_nano.a(lib_a-stdio.o)
                0x000000000801005e                __sclose
 *fill*         0x0000000008010066        0x2 
 .text._write_r
                0x0000000008010068       0x24 c:/st/stm32cubeide_1.12.0/stm32cubeide/plugins/com.st.stm32cube.ide.mcu.externaltools.gnu-tools-for-stm32.10.3-2021.10.win32_1.0.200.202301161003/tools/bin/../lib/gcc/arm-none-eabi/10.3.1/../../../../arm-none-eabi/lib/thumb/v7-m/nofp\libc_nano.a(lib_a-writer.o)
                0x0000000008010068                _write_r
 .text._close_r
                0x000000000801008c       0x20 c:/st/stm32cubeide_1.12.0/stm32cubeide/plugins/com.st.stm32cube.ide.mcu.externaltools.gnu-tools-for-stm32.10.3-2021.10.win32_1.0.200.202301161003/tools/bin/../lib/gcc/arm-none-eabi/10.3.1/../../../../arm-none-eabi/lib/thumb/v7-m/nofp\libc_nano.a(lib_a-closer.o)
                0x000000000801008c                _close_r
 .text._fstat_r