../Core/Src/main.c:81:6:HAL_GPIO_EXTI_Callback	16	static
../Core/Src/main.c:111:6:HAL_TIM_IC_CaptureCallback	16	static
../Core/Src/main.c:118:6:HAL_UARTEx_RxEventCallback	24	static
../Core/Src/main.c:129:5:main	8	static
../Core/Src/main.c:198:6:SystemClock_Config	88	static
../Core/Src/main.c:250:13:MX_RTC_Init	32	static
../Core/Src/main.c:312:13:MX_SPI1_Init	8	static
../Core/Src/main.c:350:13:MX_SPI3_Init	8	static
../Core/Src/main.c:388:13:MX_TIM4_Init	32	static
../Core/Src/main.c:436:13:MX_USART1_UART_Init	8	static
../Core/Src/main.c:467:13:MX_DMA_Init	16	static
../Core/Src/main.c:485:13:MX_GPIO_Init	48	static
../Core/Src/main.c:578:6:Error_Handler	4	static,ignoring_inline_asm
