../Core/Src/main.c:80:6:HAL_GPIO_EXTI_Callback	16	static
../Core/Src/main.c:112:6:HAL_TIM_IC_CaptureCallback	16	static
../Core/Src/main.c:121:7:HAL_UARTEx_RxEventCallback	24	static
../Core/Src/main.c:134:5:main	8	static
../Core/Src/main.c:190:6:SystemClock_Config	88	static
../Core/Src/main.c:242:13:MX_RTC_Init	32	static
../Core/Src/main.c:304:13:MX_SPI1_Init	8	static
../Core/Src/main.c:342:13:MX_SPI3_Init	8	static
../Core/Src/main.c:380:13:MX_TIM4_Init	32	static
../Core/Src/main.c:428:13:MX_USART1_UART_Init	8	static
../Core/Src/main.c:459:13:MX_DMA_Init	16	static
../Core/Src/main.c:477:13:MX_GPIO_Init	48	static
../Core/Src/main.c:570:6:Error_Handler	4	static,ignoring_inline_asm
