../Core/Src/stm32l1xx_it.c:32:6:SDTimer_Handler	4	static
../Core/Src/stm32l1xx_it.c:83:6:NMI_Handler	4	static
../Core/Src/stm32l1xx_it.c:97:6:HardFault_Handler	4	static
../Core/Src/stm32l1xx_it.c:112:6:MemManage_Handler	4	static
../Core/Src/stm32l1xx_it.c:127:6:BusFault_Handler	4	static
../Core/Src/stm32l1xx_it.c:142:6:UsageFault_Handler	4	static
../Core/Src/stm32l1xx_it.c:157:6:SVC_Handler	4	static
../Core/Src/stm32l1xx_it.c:170:6:DebugMon_Handler	4	static
../Core/Src/stm32l1xx_it.c:183:6:PendSV_Handler	4	static
../Core/Src/stm32l1xx_it.c:196:6:SysTick_Handler	8	static
../Core/Src/stm32l1xx_it.c:221:6:FLASH_IRQHandler	8	static
../Core/Src/stm32l1xx_it.c:235:6:RCC_IRQHandler	4	static
../Core/Src/stm32l1xx_it.c:248:6:EXTI1_IRQHandler	8	static
../Core/Src/stm32l1xx_it.c:262:6:EXTI2_IRQHandler	8	static
../Core/Src/stm32l1xx_it.c:276:6:EXTI3_IRQHandler	8	static
../Core/Src/stm32l1xx_it.c:290:6:EXTI4_IRQHandler	8	static
../Core/Src/stm32l1xx_it.c:304:6:DMA1_Channel5_IRQHandler	8	static
../Core/Src/stm32l1xx_it.c:318:6:EXTI9_5_IRQHandler	8	static
../Core/Src/stm32l1xx_it.c:333:6:TIM4_IRQHandler	8	static
../Core/Src/stm32l1xx_it.c:347:6:SPI1_IRQHandler	8	static
../Core/Src/stm32l1xx_it.c:361:6:USART1_IRQHandler	8	static
../Core/Src/stm32l1xx_it.c:375:6:SPI3_IRQHandler	8	static
