../PRETREATMENT/SD_CARD/fatfs_sd.c:34:13:SELECT	8	static
../PRETREATMENT/SD_CARD/fatfs_sd.c:41:13:DESELECT	8	static
../PRETREATMENT/SD_CARD/fatfs_sd.c:48:13:SPI_TxByte	16	static
../PRETREATMENT/SD_CARD/fatfs_sd.c:56:13:SPI_TxBuffer	16	static
../PRETREATMENT/SD_CARD/fatfs_sd.c:64:16:SPI_RxByte	24	static
../PRETREATMENT/SD_CARD/fatfs_sd.c:77:13:SPI_RxBytePtr	16	static
../PRETREATMENT/SD_CARD/fatfs_sd.c:87:16:SD_ReadyWait	16	static
../PRETREATMENT/SD_CARD/fatfs_sd.c:104:13:SD_PowerOn	24	static
../PRETREATMENT/SD_CARD/fatfs_sd.c:142:13:SD_PowerOff	4	static
../PRETREATMENT/SD_CARD/fatfs_sd.c:148:16:SD_CheckPower	4	static
../PRETREATMENT/SD_CARD/fatfs_sd.c:154:13:SD_RxDataBlock	24	static
../PRETREATMENT/SD_CARD/fatfs_sd.c:186:13:SD_TxDataBlock	24	static
../PRETREATMENT/SD_CARD/fatfs_sd.c:232:13:SD_SendCmd	24	static
../PRETREATMENT/SD_CARD/fatfs_sd.c:277:9:SD_disk_initialize	32	static
../PRETREATMENT/SD_CARD/fatfs_sd.c:384:9:SD_disk_status	16	static
../PRETREATMENT/SD_CARD/fatfs_sd.c:392:9:SD_disk_read	24	static
../PRETREATMENT/SD_CARD/fatfs_sd.c:440:9:SD_disk_write	24	static
../PRETREATMENT/SD_CARD/fatfs_sd.c:501:9:SD_disk_ioctl	56	static
