../PRETREATMENT/DISPLAY/configure.c:19:6:DEV_SPI_WriteByte	16	static
../PRETREATMENT/DISPLAY/configure.c:29:5:DEV_Module_Init	8	static
../PRETREATMENT/DISPLAY/configure.c:39:6:DEV_Module_Exit	8	static
../PRETREATMENT/DISPLAY/configure.c:54:6:DISPLAY_SendData	16	static
../PRETREATMENT/DISPLAY/configure.c:70:6:DISPLAY_SendCommand	16	static
../PRETREATMENT/DISPLAY/configure.c:83:6:DISPLAY_ReadBusy	4	static
../PRETREATMENT/DISPLAY/configure.c:98:6:DISPLAY_TurnOnDisplay	8	static
../PRETREATMENT/DISPLAY/configure.c:108:6:DISPLAY_Clear	24	static
../PRETREATMENT/DISPLAY/configure.c:146:6:DISPLAY_Display	32	static
../PRETREATMENT/DISPLAY/configure.c:177:6:DISPLAY_Sleep	8	static
../PRETREATMENT/DISPLAY/configure.c:187:6:DISPLAY_Init	8	static
../PRETREATMENT/DISPLAY/configure.c:210:6:DISPLAY_Reset	8	static
