../PRETREATMENT/DISPLAY/GUI_Paint.c:91:6:Paint_NewImage	24	static
../PRETREATMENT/DISPLAY/GUI_Paint.c:126:6:Paint_SelectImage	16	static
../PRETREATMENT/DISPLAY/GUI_Paint.c:136:6:Paint_SetRotate	16	static
../PRETREATMENT/DISPLAY/GUI_Paint.c:149:6:Paint_SetScale	16	static
../PRETREATMENT/DISPLAY/GUI_Paint.c:178:6:Paint_SetMirroring	16	static
../PRETREATMENT/DISPLAY/GUI_Paint.c:200:6:Paint_SetPixel	48	static
../PRETREATMENT/DISPLAY/GUI_Paint.c:288:6:Paint_Clear	40	static
../PRETREATMENT/DISPLAY/GUI_Paint.c:334:6:Paint_ClearWindows	32	static
../PRETREATMENT/DISPLAY/GUI_Paint.c:355:6:Paint_DrawPoint	32	static
../PRETREATMENT/DISPLAY/GUI_Paint.c:403:6:Paint_DrawLine	64	static
../PRETREATMENT/DISPLAY/GUI_Paint.c:468:6:Paint_DrawRectangle	48	static
../PRETREATMENT/DISPLAY/GUI_Paint.c:506:6:Paint_DrawCircle	40	static
../PRETREATMENT/DISPLAY/GUI_Paint.c:584:6:Paint_DrawChar	40	static
../PRETREATMENT/DISPLAY/GUI_Paint.c:642:6:Paint_DrawString_EN	40	static
../PRETREATMENT/DISPLAY/GUI_Paint.c:690:6:Paint_DrawString_CN	56	static
../PRETREATMENT/DISPLAY/GUI_Paint.c:816:6:Paint_DrawNum	560	static
../PRETREATMENT/DISPLAY/GUI_Paint.c:861:6:Paint_DrawNumDecimals	568	static
../PRETREATMENT/DISPLAY/GUI_Paint.c:926:6:Paint_DrawTime	48	static
../PRETREATMENT/DISPLAY/GUI_Paint.c:952:6:Paint_DrawBitMap	24	static
../PRETREATMENT/DISPLAY/GUI_Paint.c:979:6:Paint_DrawBitMap_Paste	40	static
../PRETREATMENT/DISPLAY/GUI_Paint.c:1075:6:Paint_DrawBitMap_Block	24	static
